Component: ARM Compiler 5.06 update 6 (build 750) Tool: armlink [4d35ed]

==============================================================================

Section Cross References

    startup_stm32f407xx.o(STACK) refers (Special) to heapauxi.o(.text) for __use_two_region_memory
    startup_stm32f407xx.o(HEAP) refers (Special) to heapauxi.o(.text) for __use_two_region_memory
    startup_stm32f407xx.o(RESET) refers (Special) to heapauxi.o(.text) for __use_two_region_memory
    startup_stm32f407xx.o(RESET) refers to startup_stm32f407xx.o(STACK) for __initial_sp
    startup_stm32f407xx.o(RESET) refers to startup_stm32f407xx.o(.text) for Reset_Handler
    startup_stm32f407xx.o(RESET) refers to stm32f4xx_it.o(i.NMI_Handler) for NMI_Handler
    startup_stm32f407xx.o(RESET) refers to stm32f4xx_it.o(i.HardFault_Handler) for HardFault_Handler
    startup_stm32f407xx.o(RESET) refers to stm32f4xx_it.o(i.MemManage_Handler) for MemManage_Handler
    startup_stm32f407xx.o(RESET) refers to stm32f4xx_it.o(i.BusFault_Handler) for BusFault_Handler
    startup_stm32f407xx.o(RESET) refers to stm32f4xx_it.o(i.UsageFault_Handler) for UsageFault_Handler
    startup_stm32f407xx.o(RESET) refers to port.o(.emb_text) for SVC_Handler
    startup_stm32f407xx.o(RESET) refers to stm32f4xx_it.o(i.DebugMon_Handler) for DebugMon_Handler
    startup_stm32f407xx.o(RESET) refers to delay.o(i.SysTick_Handler) for SysTick_Handler
    startup_stm32f407xx.o(RESET) refers to stm32f4xx_it.o(i.DMA1_Stream4_IRQHandler) for DMA1_Stream4_IRQHandler
    startup_stm32f407xx.o(RESET) refers to stm32f4xx_it.o(i.ADC_IRQHandler) for ADC_IRQHandler
    startup_stm32f407xx.o(RESET) refers to bsp_encoder.o(i.TIM2_IRQHandler) for TIM2_IRQHandler
    startup_stm32f407xx.o(RESET) refers to btim.o(i.TIM4_IRQHandler) for TIM4_IRQHandler
    startup_stm32f407xx.o(RESET) refers to btim.o(i.TIM5_IRQHandler) for TIM5_IRQHandler
    startup_stm32f407xx.o(RESET) refers to usart.o(i.UART4_IRQHandler) for UART4_IRQHandler
    startup_stm32f407xx.o(RESET) refers to btim.o(i.TIM7_IRQHandler) for TIM7_IRQHandler
    startup_stm32f407xx.o(RESET) refers to stm32f4xx_it.o(i.DMA2_Stream0_IRQHandler) for DMA2_Stream0_IRQHandler
    startup_stm32f407xx.o(.text) refers (Special) to heapauxi.o(.text) for __use_two_region_memory
    startup_stm32f407xx.o(.text) refers to system_stm32f4xx.o(i.SystemInit) for SystemInit
    startup_stm32f407xx.o(.text) refers to __main.o(!!!main) for __main
    startup_stm32f407xx.o(.text) refers to startup_stm32f407xx.o(HEAP) for Heap_Mem
    startup_stm32f407xx.o(.text) refers to startup_stm32f407xx.o(STACK) for Stack_Mem
    main.o(i.main) refers to stm32f4xx_hal.o(i.HAL_Init) for HAL_Init
    main.o(i.main) refers to sys.o(i.sys_stm32_clock_init) for sys_stm32_clock_init
    main.o(i.main) refers to stm32f4xx_hal_cortex.o(i.HAL_NVIC_SetPriorityGrouping) for HAL_NVIC_SetPriorityGrouping
    main.o(i.main) refers to delay.o(i.delay_init) for delay_init
    main.o(i.main) refers to usart.o(i.usart_init) for usart_init
    main.o(i.main) refers to usart.o(i.DmaInit) for DmaInit
    main.o(i.main) refers to sram.o(i.sram_init) for sram_init
    main.o(i.main) refers to btim.o(i.TIM_Step_Init) for TIM_Step_Init
    main.o(i.main) refers to btim.o(i.TIM_PWM_Init) for TIM_PWM_Init
    main.o(i.main) refers to btim.o(i.TIM_Speed_Init) for TIM_Speed_Init
    main.o(i.main) refers to btim.o(i.TIM3_PWM_Init) for TIM3_PWM_Init
    main.o(i.main) refers to bsp_encoder.o(i.ENCODER_TIMx_Init) for ENCODER_TIMx_Init
    main.o(i.main) refers to stm32f4xx_hal.o(i.HAL_Delay) for HAL_Delay
    main.o(i.main) refers to bsp_ina240.o(i.INA240_ADC_Init) for INA240_ADC_Init
    main.o(i.main) refers to stm32f4xx_hal_cortex.o(i.HAL_NVIC_SetPriority) for HAL_NVIC_SetPriority
    main.o(i.main) refers to stm32f4xx_hal_cortex.o(i.HAL_NVIC_EnableIRQ) for HAL_NVIC_EnableIRQ
    main.o(i.main) refers to stm32f4xx_hal_tim.o(i.HAL_TIM_Encoder_Start) for HAL_TIM_Encoder_Start
    main.o(i.main) refers to malloc.o(i.my_mem_init) for my_mem_init
    main.o(i.main) refers to freertos_demo.o(i.freertos_demo) for freertos_demo
    main.o(i.main) refers to bsp_encoder.o(.bss) for htimx_Encoder
    stm32f4xx_it.o(i.ADC_IRQHandler) refers to stm32f4xx_hal_adc.o(i.HAL_ADC_IRQHandler) for HAL_ADC_IRQHandler
    stm32f4xx_it.o(i.ADC_IRQHandler) refers to bsp_ina240.o(.bss) for hadc1
    stm32f4xx_it.o(i.DMA1_Stream4_IRQHandler) refers to stm32f4xx_hal_dma.o(i.HAL_DMA_IRQHandler) for HAL_DMA_IRQHandler
    stm32f4xx_it.o(i.DMA1_Stream4_IRQHandler) refers to usart.o(.bss) for hdma_uart4_tx
    stm32f4xx_it.o(i.DMA2_Stream0_IRQHandler) refers to stm32f4xx_hal_dma.o(i.HAL_DMA_IRQHandler) for HAL_DMA_IRQHandler
    stm32f4xx_it.o(i.DMA2_Stream0_IRQHandler) refers to bsp_ina240.o(.bss) for hdma_adc1
    system_stm32f4xx.o(i.SystemCoreClockUpdate) refers to system_stm32f4xx.o(.data) for SystemCoreClock
[...]
    _printf_percent                          0x0800021d   Thumb Code     0  _printf_percent.o(.ARM.Collect$$_printf_percent$$00000000)
    _printf_s                                0x08000223   Thumb Code     0  _printf_s.o(.ARM.Collect$$_printf_percent$$00000014)
    _printf_percent_end                      0x08000229   Thumb Code     0  _printf_percent_end.o(.ARM.Collect$$_printf_percent$$00000017)
    __rt_lib_init                            0x0800022d   Thumb Code     0  libinit.o(.ARM.Collect$$libinit$$00000000)
    __rt_lib_init_fp_1                       0x0800022f   Thumb Code     0  libinit2.o(.ARM.Collect$$libinit$$00000001)
    __rt_lib_init_alloca_1                   0x08000233   Thumb Code     0  libinit2.o(.ARM.Collect$$libinit$$0000002E)
    __rt_lib_init_argv_1                     0x08000233   Thumb Code     0  libinit2.o(.ARM.Collect$$libinit$$0000002C)
    __rt_lib_init_atexit_1                   0x08000233   Thumb Code     0  libinit2.o(.ARM.Collect$$libinit$$0000001B)
    __rt_lib_init_clock_1                    0x08000233   Thumb Code     0  libinit2.o(.ARM.Collect$$libinit$$00000021)
    __rt_lib_init_cpp_1                      0x08000233   Thumb Code     0  libinit2.o(.ARM.Collect$$libinit$$00000032)
    __rt_lib_init_exceptions_1               0x08000233   Thumb Code     0  libinit2.o(.ARM.Collect$$libinit$$00000030)
    __rt_lib_init_fp_trap_1                  0x08000233   Thumb Code     0  libinit2.o(.ARM.Collect$$libinit$$0000001F)
    __rt_lib_init_getenv_1                   0x08000233   Thumb Code     0  libinit2.o(.ARM.Collect$$libinit$$00000023)
    __rt_lib_init_heap_1                     0x08000233   Thumb Code     0  libinit2.o(.ARM.Collect$$libinit$$0000000A)
    __rt_lib_init_lc_collate_1               0x08000233   Thumb Code     0  libinit2.o(.ARM.Collect$$libinit$$00000011)
    __rt_lib_init_lc_ctype_1                 0x08000233   Thumb Code     0  libinit2.o(.ARM.Collect$$libinit$$00000013)
    __rt_lib_init_lc_monetary_1              0x08000233   Thumb Code     0  libinit2.o(.ARM.Collect$$libinit$$00000015)
    __rt_lib_init_lc_numeric_1               0x08000233   Thumb Code     0  libinit2.o(.ARM.Collect$$libinit$$00000017)
    __rt_lib_init_lc_time_1                  0x08000233   Thumb Code     0  libinit2.o(.ARM.Collect$$libinit$$00000019)
    __rt_lib_init_preinit_1                  0x08000233   Thumb Code     0  libinit2.o(.ARM.Collect$$libinit$$00000004)
    __rt_lib_init_rand_1                     0x08000233   Thumb Code     0  libinit2.o(.ARM.Collect$$libinit$$0000000E)
    __rt_lib_init_return                     0x08000233   Thumb Code     0  libinit2.o(.ARM.Collect$$libinit$$00000033)
    __rt_lib_init_signal_1                   0x08000233   Thumb Code     0  libinit2.o(.ARM.Collect$$libinit$$0000001D)
    __rt_lib_init_stdio_1                    0x08000233   Thumb Code     0  libinit2.o(.ARM.Collect$$libinit$$00000025)
    __rt_lib_init_user_alloc_1               0x08000233   Thumb Code     0  libinit2.o(.ARM.Collect$$libinit$$0000000C)
    __rt_lib_shutdown                        0x08000235   Thumb Code     0  libshutdown.o(.ARM.Collect$$libshutdown$$00000000)
    __rt_lib_shutdown_cpp_1                  0x08000237   Thumb Code     0  libshutdown2.o(.ARM.Collect$$libshutdown$$00000002)
    __rt_lib_shutdown_fp_trap_1              0x08000237   Thumb Code     0  libshutdown2.o(.ARM.Collect$$libshutdown$$00000007)
    __rt_lib_shutdown_heap_1                 0x08000237   Thumb Code     0  libshutdown2.o(.ARM.Collect$$libshutdown$$0000000F)
    __rt_lib_shutdown_return                 0x08000237   Thumb Code     0  libshutdown2.o(.ARM.Collect$$libshutdown$$00000010)
    __rt_lib_shutdown_signal_1               0x08000237   Thumb Code     0  libshutdown2.o(.ARM.Collect$$libshutdown$$0000000A)
    __rt_lib_shutdown_stdio_1                0x08000237   Thumb Code     0  libshutdown2.o(.ARM.Collect$$libshutdown$$00000004)
    __rt_lib_shutdown_user_alloc_1           0x08000237   Thumb Code     0  libshutdown2.o(.ARM.Collect$$libshutdown$$0000000C)
    __rt_entry                               0x08000239   Thumb Code     0  __rtentry.o(.ARM.Collect$$rtentry$$00000000)
    __rt_entry_presh_1                       0x08000239   Thumb Code     0  __rtentry2.o(.ARM.Collect$$rtentry$$00000002)
    __rt_entry_sh                            0x08000239   Thumb Code     0  __rtentry4.o(.ARM.Collect$$rtentry$$00000004)
    __rt_entry_li                            0x0800023f   Thumb Code     0  __rtentry2.o(.ARM.Collect$$rtentry$$0000000A)
    __rt_entry_postsh_1                      0x0800023f   Thumb Code     0  __rtentry2.o(.ARM.Collect$$rtentry$$00000009)
    __rt_entry_main                          0x08000243   Thumb Code     0  __rtentry2.o(.ARM.Collect$$rtentry$$0000000D)
    __rt_entry_postli_1                      0x08000243   Thumb Code     0  __rtentry2.o(.ARM.Collect$$rtentry$$0000000C)
    __rt_exit                                0x0800024b   Thumb Code     0  rtexit.o(.ARM.Collect$$rtexit$$00000000)
    __rt_exit_ls                             0x0800024d   Thumb Code     0  rtexit2.o(.ARM.Collect$$rtexit$$00000003)
    __rt_exit_prels_1                        0x0800024d   Thumb Code     0  rtexit2.o(.ARM.Collect$$rtexit$$00000002)
    __rt_exit_exit                           0x08000251   Thumb Code     0  rtexit2.o(.ARM.Collect$$rtexit$$00000004)
    SVC_Handler                              0x08000259   Thumb Code    28  port.o(.emb_text)
    __asm___6_port_c_39a90d8d__prvStartFirstTask 0x08000279   Thumb Code    36  port.o(.emb_text)
    __asm___6_port_c_39a90d8d__prvEnableVFP  0x080002a1   Thumb Code    16  port.o(.emb_text)
    PendSV_Handler                           0x080002b5   Thumb Code    88  port.o(.emb_text)
    vPortGetIPSR                             0x08000311   Thumb Code     6  port.o(.emb_text)
    Reset_Handler                            0x08000319   Thumb Code    18  startup_stm32f407xx.o(.text)
    CAN1_RX0_IRQHandler                      0x0800033d   Thumb Code     0  startup_stm32f407xx.o(.text)
    CAN1_RX1_IRQHandler                      0x0800033d   Thumb Code     0  startup_stm32f407xx.o(.text)
    CAN1_SCE_IRQHandler                      0x0800033d   Thumb Code     0  startup_stm32f407xx.o(.text)
    CAN1_TX_IRQHandler                       0x0800033d   Thumb Code     0  startup_stm32f407xx.o(.text)
    CAN2_RX0_IRQHandler                      0x0800033d   Thumb Code     0  startup_stm32f407xx.o(.text)
    CAN2_RX1_IRQHandler                      0x0800033d   Thumb Code     0  startup_stm32f407xx.o(.text)
    CAN2_SCE_IRQHandler                      0x0800033d   Thumb Code     0  startup_stm32f407xx.o(.text)
    CAN2_TX_IRQHandler                       0x0800033d   Thumb Code     0  startup_stm32f407xx.o(.text)
    DCMI_IRQHandler                          0x0800033d   Thumb Code     0  startup_stm32f407xx.o(.text)
    DMA1_Stream0_IRQHandler                  0x0800033d   Thumb Code     0  startup_stm32f407xx.o(.text)
    DMA1_Stream1_IRQHandler                  0x0800033d   Thumb Code     0  startup_stm32f407xx.o(.text)
    DMA1_Stream2_IRQHandler                  0x0800033d   Thumb Code     0  startup_stm32f407xx.o(.text)
    DMA1_Stream3_IRQHandler                  0x0800033d   Thumb Code     0  startup_stm32f407xx.o(.text)
    DMA1_Stream5_IRQHandler                  0x0800033d   Thumb Code     0  startup_stm32f407xx.o(.text)
    DMA1_Stream6_IRQHandler                  0x0800033d   Thumb Code     0  startup_stm32f407xx.o(.text)
    DMA1_Stream7_IRQHandler                  0x0800033d   Thumb Code     0  startup_stm32f407xx.o(.text)
    DMA2_Stream1_IRQHandler                  0x0800033d   Thumb Code     0  startup_stm32f407xx.o(.text)
    DMA2_Stream2_IRQHandler                  0x0800033d   Thumb Code     0  startup_stm32f407xx.o(.text)
    DMA2_Stream3_IRQHandler                  0x0800033d   Thumb Code     0  startup_stm32f407xx.o(.text)
    DMA2_Stream4_IRQHandler                  0x0800033d   Thumb Code     0  startup_stm32f407xx.o(.text)
    DMA2_Stream5_IRQHandler                  0x0800033d   Thumb Code     0  startup_stm32f407xx.o(.text)
    DMA2_Stream6_IRQHandler                  0x0800033d   Thumb Code     0  startup_stm32f407xx.o(.text)
    DMA2_Stream7_IRQHandler                  0x0800033d   Thumb Code     0  startup_stm32f407xx.o(.text)
    ETH_IRQHandler                           0x0800033d   Thumb Code     0  startup_stm32f407xx.o(.text)
    ETH_WKUP_IRQHandler                      0x0800033d   Thumb Code     0  startup_stm32f407xx.o(.text)
    EXTI0_IRQHandler                         0x0800033d   Thumb Code     0  startup_stm32f407xx.o(.text)
    EXTI15_10_IRQHandler                     0x0800033d   Thumb Code     0  startup_stm32f407xx.o(.text)
    EXTI1_IRQHandler                         0x0800033d   Thumb Code     0  startup_stm32f407xx.o(.text)
    EXTI2_IRQHandler                         0x0800033d   Thumb Code     0  startup_stm32f407xx.o(.text)
    EXTI3_IRQHandler                         0x0800033d   Thumb Code     0  startup_stm32f407xx.o(.text)
    EXTI4_IRQHandler                         0x0800033d   Thumb Code     0  startup_stm32f407xx.o(.text)
    EXTI9_5_IRQHandler                       0x0800033d   Thumb Code     0  startup_stm32f407xx.o(.text)
    FLASH_IRQHandler                         0x0800033d   Thumb Code     0  startup_stm32f407xx.o(.text)
    FMC_IRQHandler                           0x0800033d   Thumb Code     0  startup_stm32f407xx.o(.text)
    FPU_IRQHandler                           0x0800033d   Thumb Code     0  startup_stm32f407xx.o(.text)
    HASH_RNG_IRQHandler                      0x0800033d   Thumb Code     0  startup_stm32f407xx.o(.text)
    I2C1_ER_IRQHandler                       0x0800033d   Thumb Code     0  startup_stm32f407xx.o(.text)
    I2C1_EV_IRQHandler                       0x0800033d   Thumb Code     0  startup_stm32f407xx.o(.text)
    I2C2_ER_IRQHandler                       0x0800033d   Thumb Code     0  startup_stm32f407xx.o(.text)
    I2C2_EV_IRQHandler                       0x0800033d   Thumb Code     0  startup_stm32f407xx.o(.text)
    I2C3_ER_IRQHandler                       0x0800033d   Thumb Code     0  startup_stm32f407xx.o(.text)
    I2C3_EV_IRQHandler                       0x0800033d   Thumb Code     0  startup_stm32f407xx.o(.text)
    OTG_FS_IRQHandler                        0x0800033d   Thumb Code     0  startup_stm32f407xx.o(.text)
    OTG_FS_WKUP_IRQHandler                   0x0800033d   Thumb Code     0  startup_stm32f407xx.o(.text)
    OTG_HS_EP1_IN_IRQHandler                 0x0800033d   Thumb Code     0  startup_stm32f407xx.o(.text)
    OTG_HS_EP1_OUT_IRQHandler                0x0800033d   Thumb Code     0  startup_stm32f407xx.o(.text)
    OTG_HS_IRQHandler                        0x0800033d   Thumb Code     0  startup_stm32f407xx.o(.text)
    OTG_HS_WKUP_IRQHandler                   0x0800033d   Thumb Code     0  startup_stm32f407xx.o(.text)
    PVD_IRQHandler                           0x0800033d   Thumb Code     0  startup_stm32f407xx.o(.text)
    RCC_IRQHandler                           0x0800033d   Thumb Code     0  startup_stm32f407xx.o(.text)
    RTC_Alarm_IRQHandler                     0x0800033d   Thumb Code     0  startup_stm32f407xx.o(.text)
    RTC_WKUP_IRQHandler                      0x0800033d   Thumb Code     0  startup_stm32f407xx.o(.text)
    SDIO_IRQHandler                          0x0800033d   Thumb Code     0  startup_stm32f407xx.o(.text)
    SPI1_IRQHandler                          0x0800033d   Thumb Code     0  startup_stm32f407xx.o(.text)
    SPI2_IRQHandler                          0x0800033d   Thumb Code     0  startup_stm32f407xx.o(.text)
    SPI3_IRQHandler                          0x0800033d   Thumb Code     0  startup_stm32f407xx.o(.text)
    TAMP_STAMP_IRQHandler                    0x0800033d   Thumb Code     0  startup_stm32f407xx.o(.text)
    TIM1_BRK_TIM9_IRQHandler                 0x0800033d   Thumb Code     0  startup_stm32f407xx.o(.text)
    TIM1_CC_IRQHandler                       0x0800033d   Thumb Code     0  startup_stm32f407xx.o(.text)
    TIM1_TRG_COM_TIM11_IRQHandler            0x0800033d   Thumb Code     0  startup_stm32f407xx.o(.text)
    TIM1_UP_TIM10_IRQHandler                 0x0800033d   Thumb Code     0  startup_stm32f407xx.o(.text)
    TIM3_IRQHandler                          0x0800033d   Thumb Code     0  startup_stm32f407xx.o(.text)
    TIM6_DAC_IRQHandler                      0x0800033d   Thumb Code     0  startup_stm32f407xx.o(.text)
    TIM8_BRK_TIM12_IRQHandler                0x0800033d   Thumb Code     0  startup_stm32f407xx.o(.text)
    TIM8_CC_IRQHandler                       0x0800033d   Thumb Code     0  startup_stm32f407xx.o(.text)
    TIM8_TRG_COM_TIM14_IRQHandler            0x0800033d   Thumb Code     0  startup_stm32f407xx.o(.text)
    TIM8_UP_TIM13_IRQHandler                 0x0800033d   Thumb Code     0  startup_stm32f407xx.o(.text)
    UART5_IRQHandler                         0x0800033d   Thumb Code     0  startup_stm32f407xx.o(.text)
    USART1_IRQHandler                        0x0800033d   Thumb Code     0  startup_stm32f407xx.o(.text)
    USART2_IRQHandler                        0x0800033d   Thumb Code     0  startup_stm32f407xx.o(.text)
    USART3_IRQHandler                        0x0800033d   Thumb Code     0  startup_stm32f407xx.o(.text)
    USART6_IRQHandler                        0x0800033d   Thumb Code     0  startup_stm32f407xx.o(.text)
    WWDG_IRQHandler                          0x0800033d   Thumb Code     0  startup_stm32f407xx.o(.text)
    __user_initial_stackheap                 0x08000341   Thumb Code     0  startup_stm32f407xx.o(.text)
    __use_no_semihosting                     0x08000365   Thumb Code     2  use_no_semi_2.o(.text)
    __aeabi_uldivmod                         0x08000367   Thumb Code     0  lludivv7m.o(.text)
    _ll_udiv                                 0x08000367   Thumb Code   238  lludivv7m.o(.text)
    __2printf                                0x08000455   Thumb Code    20  noretval__2printf.o(.text)
    _printf_str                              0x0800046d   Thumb Code    82  _printf_str.o(.text)
    _printf_int_dec                          0x080004c1   Thumb Code   104  _printf_dec.o(.text)
    __printf                                 0x08000539   Thumb Code   270  __printf_wp.o(.text)
    __aeabi_memcpy                           0x08000647   Thumb Code     0  rt_memcpy_v6.o(.text)
    __rt_memcpy                              0x08000647   Thumb Code   138  rt_memcpy_v6.o(.text)
    _memcpy_lastbytes                        0x080006ad   Thumb Code     0  rt_memcpy_v6.o(.text)
    __aeabi_memset                           0x080006d1   Thumb Code    16  aeabi_memset.o(.text)
    __aeabi_memclr4                          0x080006e1   Thumb Code     0  rt_memclr_w.o(.text)
    __aeabi_memclr8                          0x080006e1   Thumb Code     0  rt_memclr_w.o(.text)
    __rt_memclr_w                            0x080006e1   Thumb Code    78  rt_memclr_w.o(.text)
    _memset_w                                0x080006e5   Thumb Code     0  rt_memclr_w.o(.text)
    __use_two_region_memory                  0x0800072f   Thumb Code     2  heapauxi.o(.text)
    __rt_heap_escrow$2region                 0x08000731   Thumb Code     2  heapauxi.o(.text)
    __rt_heap_expand$2region                 0x08000733   Thumb Code     2  heapauxi.o(.text)
    __semihosting$guard                      0x08000735   Thumb Code     0  use_no_semi.o(.text)
    __use_no_semihosting_swi                 0x08000735   Thumb Code     2  use_no_semi.o(.text)
    _printf_int_common                       0x08000737   Thumb Code   178  _printf_intcommon.o(.text)
    _printf_char_common                      0x080007f3   Thumb Code    32  _printf_char_common.o(.text)
    _printf_cs_common                        0x08000819   Thumb Code    20  _printf_char.o(.text)
    _printf_char                             0x0800082d   Thumb Code    16  _printf_char.o(.text)
    _printf_string                           0x0800083d   Thumb Code     8  _printf_char.o(.text)
    _printf_char_file                        0x08000845   Thumb Code    32  _printf_char_file.o(.text)
    __aeabi_memcpy4                          0x08000869   Thumb Code     0  rt_memcpy_w.o(.text)
    __aeabi_memcpy8                          0x08000869   Thumb Code     0  rt_memcpy_w.o(.text)
    __rt_memcpy_w                            0x08000869   Thumb Code   100  rt_memcpy_w.o(.text)
    _memcpy_lastbytes_aligned                0x080008b1   Thumb Code     0  rt_memcpy_w.o(.text)
    __aeabi_memclr                           0x080008cd   Thumb Code     0  rt_memclr.o(.text)
    __rt_memclr                              0x080008cd   Thumb Code    68  rt_memclr.o(.text)
    _memset                                  0x080008d1   Thumb Code     0  rt_memclr.o(.text)
    ferror                                   0x08000911   Thumb Code     8  ferror.o(.text)
    __user_libspace                          0x08000919   Thumb Code     8  libspace.o(.text)
    __user_perproc_libspace                  0x08000919   Thumb Code     0  libspace.o(.text)
    __user_perthread_libspace                0x08000919   Thumb Code     0  libspace.o(.text)
    __user_setup_stackheap                   0x08000921   Thumb Code    74  sys_stackheap_outer.o(.text)
    exit                                     0x0800096b   Thumb Code    18  exit.o(.text)
    ADC_IRQHandler                           0x08000a25   Thumb Code    10  stm32f4xx_it.o(i.ADC_IRQHandler)
    BusFault_Handler                         0x08000b95   Thumb Code     4  stm32f4xx_it.o(i.BusFault_Handler)
    CurrentLoop_Update                       0x08000c29   Thumb Code   408  bsp_pwm.o(i.CurrentLoop_Update)
    CurrentSend                              0x08000df5   Thumb Code    82  freertos_demo.o(i.CurrentSend)
    DMA1_Stream4_IRQHandler                  0x08000e4d   Thumb Code    10  stm32f4xx_it.o(i.DMA1_Stream4_IRQHandler)
    DMA2_Stream0_IRQHandler                  0x08000e5d   Thumb Code    10  stm32f4xx_it.o(i.DMA2_Stream0_IRQHandler)
    DebugMon_Handler                         0x08000f77   Thumb Code     2  stm32f4xx_it.o(i.DebugMon_Handler)
    DmaInit                                  0x08000f79   Thumb Code    96  usart.o(i.DmaInit)
    ENCODER_TIMx_Init                        0x08000fe5   Thumb Code   174  bsp_encoder.o(i.ENCODER_TIMx_Init)
    EncoderSend                              0x0800109d   Thumb Code   120  freertos_demo.o(i.EncoderSend)
    FSMC_NORSRAM_Extended_Timing_Init        0x08001125   Thumb Code    62  stm32f4xx_ll_fsmc.o(i.FSMC_NORSRAM_Extended_Timing_Init)
    FSMC_NORSRAM_Init                        0x08001169   Thumb Code   116  stm32f4xx_ll_fsmc.o(i.FSMC_NORSRAM_Init)
    FSMC_NORSRAM_Timing_Init                 0x080011e1   Thumb Code    66  stm32f4xx_ll_fsmc.o(i.FSMC_NORSRAM_Timing_Init)
    HAL_ADCEx_InjectedConvCpltCallback       0x08001223   Thumb Code     2  stm32f4xx_hal_adc_ex.o(i.HAL_ADCEx_InjectedConvCpltCallback)
    HAL_ADC_ConfigChannel                    0x08001225   Thumb Code   380  stm32f4xx_hal_adc.o(i.HAL_ADC_ConfigChannel)
    HAL_ADC_ConvCpltCallback                 0x080013b1   Thumb Code   206  bsp_ina240.o(i.HAL_ADC_ConvCpltCallback)
    HAL_ADC_ConvHalfCpltCallback             0x080014ad   Thumb Code     2  stm32f4xx_hal_adc.o(i.HAL_ADC_ConvHalfCpltCallback)
    HAL_ADC_ErrorCallback                    0x080014af   Thumb Code     2  stm32f4xx_hal_adc.o(i.HAL_ADC_ErrorCallback)
    HAL_ADC_IRQHandler                       0x080014b1   Thumb Code   354  stm32f4xx_hal_adc.o(i.HAL_ADC_IRQHandler)
    HAL_ADC_Init                             0x08001615   Thumb Code   100  stm32f4xx_hal_adc.o(i.HAL_ADC_Init)
    HAL_ADC_LevelOutOfWindowCallback         0x0800167d   Thumb Code     2  stm32f4xx_hal_adc.o(i.HAL_ADC_LevelOutOfWindowCallback)
    HAL_ADC_MspInit                          0x0800167f   Thumb Code     2  stm32f4xx_hal_adc.o(i.HAL_ADC_MspInit)
    HAL_ADC_Start_DMA                        0x08001681   Thumb Code   398  stm32f4xx_hal_adc.o(i.HAL_ADC_Start_DMA)
    HAL_DMA_Abort                            0x08001835   Thumb Code   172  stm32f4xx_hal_dma.o(i.HAL_DMA_Abort)
    HAL_DMA_Abort_IT                         0x080018e1   Thumb Code    40  stm32f4xx_hal_dma.o(i.HAL_DMA_Abort_IT)
    HAL_DMA_IRQHandler                       0x08001909   Thumb Code   570  stm32f4xx_hal_dma.o(i.HAL_DMA_IRQHandler)
    HAL_DMA_Init                             0x08001b49   Thumb Code   232  stm32f4xx_hal_dma.o(i.HAL_DMA_Init)
    HAL_DMA_Start_IT                         0x08001c35   Thumb Code   146  stm32f4xx_hal_dma.o(i.HAL_DMA_Start_IT)
    HAL_Delay                                0x08001cc9   Thumb Code    36  stm32f4xx_hal.o(i.HAL_Delay)
    HAL_GPIO_Init                            0x08001cf1   Thumb Code   454  stm32f4xx_hal_gpio.o(i.HAL_GPIO_Init)
    HAL_GetREVID                             0x08001ee5   Thumb Code     8  stm32f4xx_hal.o(i.HAL_GetREVID)
    HAL_GetTick                              0x08001ef1   Thumb Code     6  stm32f4xx_hal.o(i.HAL_GetTick)
    HAL_IncTick                              0x08001efd   Thumb Code    16  stm32f4xx_hal.o(i.HAL_IncTick)
    HAL_Init                                 0x08001f15   Thumb Code    44  stm32f4xx_hal.o(i.HAL_Init)
    HAL_InitTick                             0x08001f45   Thumb Code    64  stm32f4xx_hal.o(i.HAL_InitTick)
    HAL_MspInit                              0x08001f91   Thumb Code     2  stm32f4xx_hal.o(i.HAL_MspInit)
    HAL_NVIC_EnableIRQ                       0x08001f93   Thumb Code    32  stm32f4xx_hal_cortex.o(i.HAL_NVIC_EnableIRQ)
    HAL_NVIC_SetPriority                     0x08001fb3   Thumb Code   124  stm32f4xx_hal_cortex.o(i.HAL_NVIC_SetPriority)
    HAL_NVIC_SetPriorityGrouping             0x08002031   Thumb Code    32  stm32f4xx_hal_cortex.o(i.HAL_NVIC_SetPriorityGrouping)
    HAL_RCC_ClockConfig                      0x08002059   Thumb Code   368  stm32f4xx_hal_rcc.o(i.HAL_RCC_ClockConfig)
    HAL_RCC_GetHCLKFreq                      0x080021dd   Thumb Code     6  stm32f4xx_hal_rcc.o(i.HAL_RCC_GetHCLKFreq)
    HAL_RCC_GetPCLK1Freq                     0x080021e9   Thumb Code    22  stm32f4xx_hal_rcc.o(i.HAL_RCC_GetPCLK1Freq)
    HAL_RCC_GetPCLK2Freq                     0x08002209   Thumb Code    22  stm32f4xx_hal_rcc.o(i.HAL_RCC_GetPCLK2Freq)
    HAL_RCC_GetSysClockFreq                  0x08002229   Thumb Code   162  stm32f4xx_hal_rcc.o(i.HAL_RCC_GetSysClockFreq)
    HAL_RCC_OscConfig                        0x080022d9   Thumb Code  1172  stm32f4xx_hal_rcc.o(i.HAL_RCC_OscConfig)
    HAL_SRAM_Init                            0x08002775   Thumb Code    94  stm32f4xx_hal_sram.o(i.HAL_SRAM_Init)
    HAL_SRAM_MspInit                         0x080027d5   Thumb Code   152  lcd.o(i.HAL_SRAM_MspInit)
    HAL_SYSTICK_CLKSourceConfig              0x08002879   Thumb Code    40  stm32f4xx_hal_cortex.o(i.HAL_SYSTICK_CLKSourceConfig)
    HAL_SYSTICK_Config                       0x080028a1   Thumb Code    52  stm32f4xx_hal_cortex.o(i.HAL_SYSTICK_Config)
    HAL_TIMEx_BreakCallback                  0x080028d5   Thumb Code     2  stm32f4xx_hal_tim_ex.o(i.HAL_TIMEx_BreakCallback)
    HAL_TIMEx_CommutCallback                 0x080028d7   Thumb Code     2  stm32f4xx_hal_tim_ex.o(i.HAL_TIMEx_CommutCallback)
    HAL_TIMEx_MasterConfigSynchronization    0x080028d9   Thumb Code   150  stm32f4xx_hal_tim_ex.o(i.HAL_TIMEx_MasterConfigSynchronization)
    HAL_TIM_Base_Init                        0x0800298d   Thumb Code   102  stm32f4xx_hal_tim.o(i.HAL_TIM_Base_Init)
    HAL_TIM_Base_MspInit                     0x080029f3   Thumb Code     2  stm32f4xx_hal_tim.o(i.HAL_TIM_Base_MspInit)
    HAL_TIM_Base_Start_IT                    0x080029f5   Thumb Code   138  stm32f4xx_hal_tim.o(i.HAL_TIM_Base_Start_IT)
    HAL_TIM_Base_Stop_IT                     0x08002a9d   Thumb Code    62  stm32f4xx_hal_tim.o(i.HAL_TIM_Base_Stop_IT)
    HAL_TIM_Encoder_Init                     0x08002adb   Thumb Code   200  stm32f4xx_hal_tim.o(i.HAL_TIM_Encoder_Init)
    HAL_TIM_Encoder_MspInit                  0x08002ba5   Thumb Code   126  bsp_encoder.o(i.HAL_TIM_Encoder_MspInit)
    HAL_TIM_Encoder_Start                    0x08002c31   Thumb Code   204  stm32f4xx_hal_tim.o(i.HAL_TIM_Encoder_Start)
    HAL_TIM_IC_CaptureCallback               0x08002cfd   Thumb Code     2  stm32f4xx_hal_tim.o(i.HAL_TIM_IC_CaptureCallback)
    HAL_TIM_IRQHandler                       0x08002cff   Thumb Code   406  stm32f4xx_hal_tim.o(i.HAL_TIM_IRQHandler)
    HAL_TIM_OC_ConfigChannel                 0x08002e95   Thumb Code   112  stm32f4xx_hal_tim.o(i.HAL_TIM_OC_ConfigChannel)
    HAL_TIM_OC_DelayElapsedCallback          0x08002f05   Thumb Code     2  stm32f4xx_hal_tim.o(i.HAL_TIM_OC_DelayElapsedCallback)
    HAL_TIM_OC_Start                         0x08002f09   Thumb Code   238  stm32f4xx_hal_tim.o(i.HAL_TIM_OC_Start)
    HAL_TIM_PWM_ConfigChannel                0x08003015   Thumb Code   260  stm32f4xx_hal_tim.o(i.HAL_TIM_PWM_ConfigChannel)
    HAL_TIM_PWM_Init                         0x08003119   Thumb Code   102  stm32f4xx_hal_tim.o(i.HAL_TIM_PWM_Init)
    HAL_TIM_PWM_MspInit                      0x0800317f   Thumb Code     2  stm32f4xx_hal_tim.o(i.HAL_TIM_PWM_MspInit)
    HAL_TIM_PWM_PulseFinishedCallback        0x08003181   Thumb Code     2  stm32f4xx_hal_tim.o(i.HAL_TIM_PWM_PulseFinishedCallback)
    HAL_TIM_PWM_Start                        0x08003185   Thumb Code   238  stm32f4xx_hal_tim.o(i.HAL_TIM_PWM_Start)
    HAL_TIM_PeriodElapsedCallback            0x08003291   Thumb Code   146  btim.o(i.HAL_TIM_PeriodElapsedCallback)
    HAL_TIM_TriggerCallback                  0x0800334d   Thumb Code     2  stm32f4xx_hal_tim.o(i.HAL_TIM_TriggerCallback)
    HAL_UARTEx_RxEventCallback               0x0800334f   Thumb Code     2  stm32f4xx_hal_uart.o(i.HAL_UARTEx_RxEventCallback)
    HAL_UART_ErrorCallback                   0x08003351   Thumb Code     2  stm32f4xx_hal_uart.o(i.HAL_UART_ErrorCallback)
    HAL_UART_IRQHandler                      0x08003355   Thumb Code   586  stm32f4xx_hal_uart.o(i.HAL_UART_IRQHandler)
    HAL_UART_Init                            0x080035a5   Thumb Code   114  stm32f4xx_hal_uart.o(i.HAL_UART_Init)
    HAL_UART_MspInit                         0x08003619   Thumb Code   200  usart.o(i.HAL_UART_MspInit)
    HAL_UART_Receive_IT                      0x080036f1   Thumb Code    66  stm32f4xx_hal_uart.o(i.HAL_UART_Receive_IT)
    HAL_UART_RxCpltCallback                  0x08003735   Thumb Code    56  usart.o(i.HAL_UART_RxCpltCallback)
    HAL_UART_Transmit                        0x08003781   Thumb Code   210  stm32f4xx_hal_uart.o(i.HAL_UART_Transmit)
    HAL_UART_Transmit_DMA                    0x08003855   Thumb Code   142  stm32f4xx_hal_uart.o(i.HAL_UART_Transmit_DMA)
    HAL_UART_TxCpltCallback                  0x080038f1   Thumb Code     2  stm32f4xx_hal_uart.o(i.HAL_UART_TxCpltCallback)
    HAL_UART_TxHalfCpltCallback              0x080038f3   Thumb Code     2  stm32f4xx_hal_uart.o(i.HAL_UART_TxHalfCpltCallback)
    HandleCommand                            0x080038f5   Thumb Code   108  protocol.o(i.HandleCommand)
    HardFault_Handler                        0x08003971   Thumb Code     4  stm32f4xx_it.o(i.HardFault_Handler)
    INA240_ADC_Init                          0x08003975   Thumb Code   316  bsp_ina240.o(i.INA240_ADC_Init)
    MeasureResistance                        0x08003acd   Thumb Code   224  freertos_demo.o(i.MeasureResistance)
    MemManage_Handler                        0x08003bcd   Thumb Code     4  stm32f4xx_it.o(i.MemManage_Handler)
    NMI_Handler                              0x08003bd1   Thumb Code     2  stm32f4xx_it.o(i.NMI_Handler)
    PWM_Output_A                             0x08003bd5   Thumb Code   122  btim.o(i.PWM_Output_A)
    PWM_Output_B                             0x08003c55   Thumb Code   122  btim.o(i.PWM_Output_B)
    Protocol_Pack                            0x08003cfb   Thumb Code   106  protocol.o(i.Protocol_Pack)
    Protocol_Parse                           0x08003d65   Thumb Code   174  protocol.o(i.Protocol_Parse)
    ResistanceSend                           0x08003e15   Thumb Code    82  freertos_demo.o(i.ResistanceSend)
    SpeedSend                                0x08003f4d   Thumb Code   140  freertos_demo.o(i.SpeedSend)
    StepMotor_Step                           0x08003ff9   Thumb Code   110  bsp_motor.o(i.StepMotor_Step)
    SysTick_Handler                          0x08004081   Thumb Code    20  delay.o(i.SysTick_Handler)
    SystemInit                               0x08004095   Thumb Code    14  system_stm32f4xx.o(i.SystemInit)
    TIM2_IRQHandler                          0x080040a9   Thumb Code    10  bsp_encoder.o(i.TIM2_IRQHandler)
    TIM3_PWM_Init                            0x080040b9   Thumb Code   256  btim.o(i.TIM3_PWM_Init)
    TIM4_IRQHandler                          0x080041c9   Thumb Code    10  btim.o(i.TIM4_IRQHandler)
    TIM5_IRQHandler                          0x080041d9   Thumb Code    10  btim.o(i.TIM5_IRQHandler)
    TIM7_IRQHandler                          0x080041e9   Thumb Code    42  btim.o(i.TIM7_IRQHandler)
    TIM_Base_SetConfig                       0x08004219   Thumb Code   170  stm32f4xx_hal_tim.o(i.TIM_Base_SetConfig)
    TIM_CCxChannelCmd                        0x080042f1   Thumb Code    34  stm32f4xx_hal_tim.o(i.TIM_CCxChannelCmd)
    TIM_OC2_SetConfig                        0x08004385   Thumb Code   114  stm32f4xx_hal_tim.o(i.TIM_OC2_SetConfig)
    TIM_PWM_Init                             0x080044cd   Thumb Code   216  btim.o(i.TIM_PWM_Init)
    TIM_PWM_SetDuty                          0x080045b5   Thumb Code    36  btim.o(i.TIM_PWM_SetDuty)
    TIM_Speed_Init                           0x080045d9   Thumb Code    86  btim.o(i.TIM_Speed_Init)
    TIM_Step_Disable                         0x0800463d   Thumb Code    10  btim.o(i.TIM_Step_Disable)
    TIM_Step_Enable                          0x0800464d   Thumb Code    18  btim.o(i.TIM_Step_Enable)
    TIM_Step_Init                            0x08004665   Thumb Code    80  btim.o(i.TIM_Step_Init)
    TargetSpeed                              0x080046c1   Thumb Code    92  freertos_demo.o(i.TargetSpeed)
    UART4_IRQHandler                         0x0800472d   Thumb Code    10  usart.o(i.UART4_IRQHandler)
    UART_RxHandler                           0x0800490d   Thumb Code   160  usart.o(i.UART_RxHandler)
    UART_Start_Receive_IT                    0x08004bf1   Thumb Code    70  stm32f4xx_hal_uart.o(i.UART_Start_Receive_IT)
    UsageFault_Handler                       0x08004d03   Thumb Code     4  stm32f4xx_it.o(i.UsageFault_Handler)
    XmRamInit                                0x08004d07   Thumb Code    48  xmram.o(i.XmRamInit)
    _is_digit                                0x08004d71   Thumb Code    14  __printf_wp.o(i._is_digit)
    _sys_exit                                0x08004d7f   Thumb Code     4  usart.o(i._sys_exit)
    delay_init                               0x08004e55   Thumb Code    52  delay.o(i.delay_init)
    fputc                                    0x08004e8d   Thumb Code    24  usart.o(i.fputc)
    freertos_demo                            0x08004ea9   Thumb Code    28  freertos_demo.o(i.freertos_demo)
    main                                     0x08004ed9   Thumb Code   144  main.o(i.main)
    my_mem_init                              0x08004f6d   Thumb Code    54  malloc.o(i.my_mem_init)
    my_mem_perused                           0x08004fb1   Thumb Code    56  malloc.o(i.my_mem_perused)
    mymemset                                 0x08004ff1   Thumb Code    20  malloc.o(i.mymemset)
    pvPortMalloc                             0x08005b45   Thumb Code   306  heap_4.o(i.pvPortMalloc)
    pxPortInitialiseStack                    0x08005cd9   Thumb Code    38  port.o(i.pxPortInitialiseStack)
    sram_init                                0x08005d05   Thumb Code   470  sram.o(i.sram_init)
    start_task                               0x0800625d   Thumb Code    82  freertos_demo.o(i.start_task)
    sys_stm32_clock_init                     0x080062e5   Thumb Code   192  sys.o(i.sys_stm32_clock_init)
    task1                                    0x080063b1   Thumb Code    10  freertos_demo.o(i.task1)
    task2                                    0x080063bd   Thumb Code    24  freertos_demo.o(i.task2)
    task3                                    0x080063d9   Thumb Code    50  freertos_demo.o(i.task3)
    usart_init                               0x08006419   Thumb Code    44  usart.o(i.usart_init)
    uxListRemove                             0x08006451   Thumb Code    40  list.o(i.uxListRemove)
    vListInitialise                          0x08006479   Thumb Code    26  list.o(i.vListInitialise)
    vListInitialiseItem                      0x08006493   Thumb Code     6  list.o(i.vListInitialiseItem)
    vListInsert                              0x08006499   Thumb Code    52  list.o(i.vListInsert)
    vListInsertEnd                           0x080064cd   Thumb Code    24  list.o(i.vListInsertEnd)
    vPortEnterCritical                       0x080064e5   Thumb Code    68  port.o(i.vPortEnterCritical)
    vPortExitCritical                        0x0800657d   Thumb Code    48  port.o(i.vPortExitCritical)
    vPortFree                                0x080065fd   Thumb Code   130  heap_4.o(i.vPortFree)
    vPortSetupTimerInterrupt                 0x080066d5   Thumb Code    36  port.o(i.vPortSetupTimerInterrupt)
    vQueueAddToRegistry                      0x080066fd   Thumb Code    84  queue.o(i.vQueueAddToRegistry)
    vQueueWaitForMessageRestricted           0x08006789   Thumb Code    74  queue.o(i.vQueueWaitForMessageRestricted)
    vTaskDelay                               0x080067d5   Thumb Code    72  tasks.o(i.vTaskDelay)
    vTaskDelete                              0x08006859   Thumb Code   200  tasks.o(i.vTaskDelete)
    vTaskInternalSetTimeOutState             0x0800697d   Thumb Code    14  tasks.o(i.vTaskInternalSetTimeOutState)
    vTaskMissedYield                         0x08006995   Thumb Code     8  tasks.o(i.vTaskMissedYield)
    vTaskPlaceOnEventList                    0x080069a1   Thumb Code    42  tasks.o(i.vTaskPlaceOnEventList)
    vTaskPlaceOnEventListRestricted          0x08006a05   Thumb Code    84  tasks.o(i.vTaskPlaceOnEventListRestricted)
    vTaskStartScheduler                      0x08006a91   Thumb Code   112  tasks.o(i.vTaskStartScheduler)
    vTaskSuspendAll                          0x08006b55   Thumb Code    12  tasks.o(i.vTaskSuspendAll)
    vTaskSwitchContext                       0x08006b65   Thumb Code   110  tasks.o(i.vTaskSwitchContext)
    xPortStartScheduler                      0x08006c1d   Thumb Code   322  port.o(i.xPortStartScheduler)
    xPortSysTickHandler                      0x08006dc9   Thumb Code    46  port.o(i.xPortSysTickHandler)
    xQueueGenericCreate                      0x08006dfd   Thumb Code    92  queue.o(i.xQueueGenericCreate)
    xQueueGenericReset                       0x08006e8d   Thumb Code   194  queue.o(i.xQueueGenericReset)
    xQueueReceive                            0x08006f89   Thumb Code   326  queue.o(i.xQueueReceive)
    xTaskCheckForTimeOut                     0x08007109   Thumb Code   140  tasks.o(i.xTaskCheckForTimeOut)
    xTaskCreate                              0x080071d5   Thumb Code    96  tasks.o(i.xTaskCreate)
    xTaskGetSchedulerState                   0x08007235   Thumb Code    24  tasks.o(i.xTaskGetSchedulerState)
    xTaskGetTickCount                        0x08007255   Thumb Code     6  tasks.o(i.xTaskGetTickCount)
    xTaskIncrementTick                       0x08007261   Thumb Code   390  tasks.o(i.xTaskIncrementTick)
    xTaskPriorityDisinherit                  0x08007449   Thumb Code   206  tasks.o(i.xTaskPriorityDisinherit)
    xTaskRemoveFromEventList                 0x08007559   Thumb Code   254  tasks.o(i.xTaskRemoveFromEventList)
    xTaskResumeAll                           0x080076a5   Thumb Code   328  tasks.o(i.xTaskResumeAll)
    xTimerCreateTimerTask                    0x08007845   Thumb Code    56  timers.o(i.xTimerCreateTimerTask)
    __aeabi_d2f                              0x080078d5   Thumb Code     0  d2f.o(x$fpl$d2f)
    _d2f                                     0x080078d5   Thumb Code    98  d2f.o(x$fpl$d2f)
    __aeabi_i2d                              0x08007937   Thumb Code     0  dflt_clz.o(x$fpl$dflt)
    _dflt                                    0x08007937   Thumb Code    46  dflt_clz.o(x$fpl$dflt)
    __aeabi_dmul                             0x08007965   Thumb Code     0  dmul.o(x$fpl$dmul)
    _dmul                                    0x08007965   Thumb Code   332  dmul.o(x$fpl$dmul)
    __fpl_dnaninf                            0x08007ab9   Thumb Code   156  dnaninf.o(x$fpl$dnaninf)
    __fpl_dretinf                            0x08007b55   Thumb Code    12  dretinf.o(x$fpl$dretinf)
    _fp_init                                 0x08007b61   Thumb Code    10  fpinit.o(x$fpl$fpinit)
    __fplib_config_fpu_vfp                   0x08007b69   Thumb Code     0  fpinit.o(x$fpl$fpinit)
    __fplib_config_pureend_doubles           0x08007b69   Thumb Code     0  fpinit.o(x$fpl$fpinit)
    __fpl_fretinf                            0x08007b6b   Thumb Code    10  fretinf.o(x$fpl$fretinf)
    AHBPrescTable                            0x08007b74   Data          16  system_stm32f4xx.o(.constdata)
    __I$use$fp                               0x08007b74   Number         0  usenofp.o(x$fpl$usenofp)
    APBPrescTable                            0x08007b84   Data           8  system_stm32f4xx.o(.constdata)
    sin_tbl                                  0x08007b94   Data          64  bsp_motor.o(.constdata)
    cos_tbl                                  0x08007bd4   Data          64  bsp_motor.o(.constdata)
    memtblsize                               0x08007c14   Data          12  malloc.o(.constdata)
    memblksize                               0x08007c20   Data          12  malloc.o(.constdata)
    memsize                                  0x08007c2c   Data          12  malloc.o(.constdata)
    Region$$Table$$Base                      0x08007c38   Number         0  anon$$obj.o(Region$$Table)
    Region$$Table$$Limit                     0x08007c58   Number         0  anon$$obj.o(Region$$Table)
    mem2base                                 0x10000000   Data       61440  malloc.o(.ARM.__AT_0x10000000)
    mem2mapbase                              0x1000f000   Data        3840  malloc.o(.ARM.__AT_0x1000F000)
    SystemCoreClock                          0x20000000   Data           4  system_stm32f4xx.o(.data)
    CaptureNumber                            0x20000008   Data           8  freertos_demo.o(.data)
    PosChange                                0x20000010   Data           4  freertos_demo.o(.data)
    control_flag                             0x20000014   Data           1  freertos_demo.o(.data)
    ErrorCode                                0x20000015   Data           1  freertos_demo.o(.data)
    ResistanceA                              0x20000018   Data           4  freertos_demo.o(.data)
    ResistanceB                              0x2000001c   Data           4  freertos_demo.o(.data)
    StartTask_Handler                        0x20000028   Data           4  freertos_demo.o(.data)
    Task1Task_Handler                        0x2000002c   Data           4  freertos_demo.o(.data)
    Task2Task_Handler                        0x20000030   Data           4  freertos_demo.o(.data)
    Task3Task_Handler                        0x20000034   Data           4  freertos_demo.o(.data)
    __stdout                                 0x2000003c   Data           4  usart.o(.data)
    uart_rx_byte                             0x20000040   Data           1  usart.o(.data)
    uart_write_idx                           0x20000042   Data           2  usart.o(.data)
    uart_read_idx                            0x20000044   Data           2  usart.o(.data)
    uwTick                                   0x20000048   Data           4  stm32f4xx_hal.o(.data)
    uwTickPrio                               0x2000004c   Data           4  stm32f4xx_hal.o(.data)
    uwTickFreq                               0x20000050   Data           1  stm32f4xx_hal.o(.data)
    LastPos                                  0x20000054   Data           4  btim.o(.data)
    NewPos                                   0x20000058   Data           4  btim.o(.data)
    SpeedFlag                                0x2000005c   Data           1  btim.o(.data)
    OverflowCount                            0x20000060   Data           4  bsp_encoder.o(.data)
    step_index                               0x20000064   Data           1  bsp_motor.o(.data)
    Iref_A                                   0x2000006c   Data           4  bsp_motor.o(.data)
    Iref_B                                   0x20000070   Data           4  bsp_motor.o(.data)
    adc_buf                                  0x20000074   Data           4  bsp_ina240.o(.data)
    INA240_Current_A                         0x20000078   Data           4  bsp_ina240.o(.data)
    INA240_Current_B                         0x2000007c   Data           4  bsp_ina240.o(.data)
    vout                                     0x20000080   Data           4  bsp_ina240.o(.data)
    adc_flag                                 0x20000084   Data           1  bsp_ina240.o(.data)
    pwm_outA                                 0x20000090   Data           4  bsp_pwm.o(.data)
    integral_A                               0x20000094   Data           4  bsp_pwm.o(.data)
    integral_B                               0x20000098   Data           4  bsp_pwm.o(.data)
    filt_A                                   0x2000009c   Data           4  bsp_pwm.o(.data)
    filt_B                                   0x200000a0   Data           4  bsp_pwm.o(.data)
    uA                                       0x200000a4   Data           4  bsp_pwm.o(.data)
    uB                                       0x200000a8   Data           4  bsp_pwm.o(.data)
    mallco_dev                               0x200000ac   Data          36  malloc.o(.data)
    pxCurrentTCB                             0x200000d0   Data           4  tasks.o(.data)
    uxTopUsedPriority                        0x20000108   Data           4  tasks.o(.data)
    key                                      0x20000150   Data          10  xmram.o(.data)
    uart_ring_buf                            0x2000019c   Data          64  usart.o(.bss)
    hdma_uart4_tx                            0x200001dc   Data          96  usart.o(.bss)
    g_uart1_handle                           0x2000023c   Data          68  usart.o(.bss)
    rxframe                                  0x20000280   Data          22  usart.o(.bss)
    g_sram_handler                           0x200002b8   Data          80  sram.o(.bss)
    htim7                                    0x20000308   Data          72  btim.o(.bss)
    htim5                                    0x20000350   Data          72  btim.o(.bss)
    htim3                                    0x20000398   Data          72  btim.o(.bss)
    htim4                                    0x200003e0   Data          72  btim.o(.bss)
    htimx_Encoder                            0x20000428   Data          72  bsp_encoder.o(.bss)
    hadc1                                    0x20000470   Data          72  bsp_ina240.o(.bss)
    hdma_adc1                                0x200004b8   Data          96  bsp_ina240.o(.bss)
    mem1base                                 0x20000520   Data       92160  malloc.o(.bss)
    mem1mapbase                              0x20016d20   Data        5760  malloc.o(.bss)
    xQueueRegistry                           0x200183a0   Data          64  queue.o(.bss)
    __libspace_start                         0x2001aeec   Data          96  libspace.o(.bss)
    __temporary_stack_top$libspace           0x2001af4c   Data           0  libspace.o(.bss)
    mem3base                                 0x68000000   Data       986112  malloc.o(.ARM.__AT_0x68000000)
    mem3mapbase                              0x680f0c00   Data       61632  malloc.o(.ARM.__AT_0x680F0C00)



==============================================================================

Memory Map of the image

  Image Entry point : 0x08000189

  Load Region LR_IROM1 (Base: 0x08000000, Size: 0x00007db4, Max: 0x00100000, ABSOLUTE, COMPRESSED[0x00007ca8])

    Execution Region ER_IROM1 (Exec base: 0x08000000, Load base: 0x08000000, Size: 0x00007c58, Max: 0x00100000, ABSOLUTE)

    Exec Addr    Load Addr    Size         Type   Attr      Idx    E Section Name        Object

    0x08000000   0x08000000   0x00000188   Data   RO            3    RESET               startup_stm32f407xx.o
    0x08000188   0x08000188   0x00000008   Code   RO         6740  * !!!main             c_w.l(__main.o)
    0x08000190   0x08000190   0x00000034   Code   RO         6995    !!!scatter          c_w.l(__scatter.o)
    0x080001c4   0x080001c4   0x0000003a   Code   RO         6993    !!dczerorl          c_w.l(__dczerorl.o)
    0x080001fe   0x080001fe   0x00000002   PAD
    0x08000200   0x08000200   0x0000001c   Code   RO         6997    !!handler_zi        c_w.l(__scatter_zi.o)
    0x0800021c   0x0800021c   0x00000000   Code   RO         6725    .ARM.Collect$$_printf_percent$$00000000  c_w.l(_printf_percent.o)
    0x0800021c   0x0800021c   0x00000006   Code   RO         6722    .ARM.Collect$$_printf_percent$$00000009  c_w.l(_printf_d.o)
    0x08000222   0x08000222   0x00000006   Code   RO         6720    .ARM.Collect$$_printf_percent$$00000014  c_w.l(_printf_s.o)
    0x08000228   0x08000228   0x00000004   Code   RO         6779    .ARM.Collect$$_printf_percent$$00000017  c_w.l(_printf_percent_end.o)
    0x0800022c   0x0800022c   0x00000002   Code   RO         6875    .ARM.Collect$$libinit$$00000000  c_w.l(libinit.o)
    0x0800022e   0x0800022e   0x00000004   Code   RO         6876    .ARM.Collect$$libinit$$00000001  c_w.l(libinit2.o)
    0x08000232   0x08000232   0x00000000   Code   RO         6879    .ARM.Collect$$libinit$$00000004  c_w.l(libinit2.o)
    0x08000232   0x08000232   0x00000000   Code   RO         6882    .ARM.Collect$$libinit$$0000000A  c_w.l(libinit2.o)
    0x08000232   0x08000232   0x00000000   Code   RO         6884    .ARM.Collect$$libinit$$0000000C  c_w.l(libinit2.o)
    0x08000232   0x08000232   0x00000000   Code   RO         6886    .ARM.Collect$$libinit$$0000000E  c_w.l(libinit2.o)
    0x08000232   0x08000232   0x00000000   Code   RO         6889    .ARM.Collect$$libinit$$00000011  c_w.l(libinit2.o)
    0x08000232   0x08000232   0x00000000   Code   RO         6891    .ARM.Collect$$libinit$$00000013  c_w.l(libinit2.o)
    0x08000232   0x08000232   0x00000000   Code   RO         6893    .ARM.Collect$$libinit$$00000015  c_w.l(libinit2.o)
    0x08000232   0x08000232   0x00000000   Code   RO         6895    .ARM.Collect$$libinit$$00000017  c_w.l(libinit2.o)
    0x08000232   0x08000232   0x00000000   Code   RO         6897    .ARM.Collect$$libinit$$00000019  c_w.l(libinit2.o)
    0x08000232   0x08000232   0x00000000   Code   RO         6899    .ARM.Collect$$libinit$$0000001B  c_w.l(libinit2.o)
    0x08000232   0x08000232   0x00000000   Code   RO         6901    .ARM.Collect$$libinit$$0000001D  c_w.l(libinit2.o)
    0x08000232   0x08000232   0x00000000   Code   RO         6903    .ARM.Collect$$libinit$$0000001F  c_w.l(libinit2.o)
    0x08000232   0x08000232   0x00000000   Code   RO         6905    .ARM.Collect$$libinit$$00000021  c_w.l(libinit2.o)
    0x08000232   0x08000232   0x00000000   Code   RO         6907    .ARM.Collect$$libinit$$00000023  c_w.l(libinit2.o)
    0x08000232   0x08000232   0x00000000   Code   RO         6909    .ARM.Collect$$libinit$$00000025  c_w.l(libinit2.o)
    0x08000232   0x08000232   0x00000000   Code   RO         6913    .ARM.Collect$$libinit$$0000002C  c_w.l(libinit2.o)
    0x08000232   0x08000232   0x00000000   Code   RO         6915    .ARM.Collect$$libinit$$0000002E  c_w.l(libinit2.o)
    0x08000232   0x08000232   0x00000000   Code   RO         6917    .ARM.Collect$$libinit$$00000030  c_w.l(libinit2.o)
    0x08000232   0x08000232   0x00000000   Code   RO         6919    .ARM.Collect$$libinit$$00000032  c_w.l(libinit2.o)
    0x08000232   0x08000232   0x00000002   Code   RO         6920    .ARM.Collect$$libinit$$00000033  c_w.l(libinit2.o)
    0x08000234   0x08000234   0x00000002   Code   RO         6958    .ARM.Collect$$libshutdown$$00000000  c_w.l(libshutdown.o)
    0x08000236   0x08000236   0x00000000   Code   RO         6976    .ARM.Collect$$libshutdown$$00000002  c_w.l(libshutdown2.o)
    0x08000236   0x08000236   0x00000000   Code   RO         6978    .ARM.Collect$$libshutdown$$00000004  c_w.l(libshutdown2.o)
    0x08000236   0x08000236   0x00000000   Code   RO         6981    .ARM.Collect$$libshutdown$$00000007  c_w.l(libshutdown2.o)
    0x08000236   0x08000236   0x00000000   Code   RO         6984    .ARM.Collect$$libshutdown$$0000000A  c_w.l(libshutdown2.o)
    0x08000236   0x08000236   0x00000000   Code   RO         6986    .ARM.Collect$$libshutdown$$0000000C  c_w.l(libshutdown2.o)
    0x08000236   0x08000236   0x00000000   Code   RO         6989    .ARM.Collect$$libshutdown$$0000000F  c_w.l(libshutdown2.o)
    0x08000236   0x08000236   0x00000002   Code   RO         6990    .ARM.Collect$$libshutdown$$00000010  c_w.l(libshutdown2.o)
    0x08000238   0x08000238   0x00000000   Code   RO         6762    .ARM.Collect$$rtentry$$00000000  c_w.l(__rtentry.o)
    0x08000238   0x08000238   0x00000000   Code   RO         6794    .ARM.Collect$$rtentry$$00000002  c_w.l(__rtentry2.o)
    0x08000238   0x08000238   0x00000006   Code   RO         6806    .ARM.Collect$$rtentry$$00000004  c_w.l(__rtentry4.o)
    0x0800023e   0x0800023e   0x00000000   Code   RO         6796    .ARM.Collect$$rtentry$$00000009  c_w.l(__rtentry2.o)
    0x0800023e   0x0800023e   0x00000004   Code   RO         6797    .ARM.Collect$$rtentry$$0000000A  c_w.l(__rtentry2.o)
    0x08000242   0x08000242   0x00000000   Code   RO         6799    .ARM.Collect$$rtentry$$0000000C  c_w.l(__rtentry2.o)
    0x08000242   0x08000242   0x00000008   Code   RO         6800    .ARM.Collect$$rtentry$$0000000D  c_w.l(__rtentry2.o)
    0x0800024a   0x0800024a   0x00000002   Code   RO         6921    .ARM.Collect$$rtexit$$00000000  c_w.l(rtexit.o)
    0x0800024c   0x0800024c   0x00000000   Code   RO         6934    .ARM.Collect$$rtexit$$00000002  c_w.l(rtexit2.o)
    0x0800024c   0x0800024c   0x00000004   Code   RO         6935    .ARM.Collect$$rtexit$$00000003  c_w.l(rtexit2.o)
    0x08000250   0x08000250   0x00000006   Code   RO         6936    .ARM.Collect$$rtexit$$00000004  c_w.l(rtexit2.o)
    0x08000256   0x08000256   0x00000002   PAD
    0x08000258   0x08000258   0x000000be   Code   RO         6485    .emb_text           port.o
    0x08000316   0x08000316   0x00000002   PAD
    0x08000318   0x08000318   0x0000004c   Code   RO            4    .text               startup_stm32f407xx.o
    0x08000364   0x08000364   0x00000002   Code   RO         6660    .text               c_w.l(use_no_semi_2.o)
    0x08000366   0x08000366   0x000000ee   Code   RO         6662    .text               c_w.l(lludivv7m.o)
    0x08000454   0x08000454   0x00000018   Code   RO         6668    .text               c_w.l(noretval__2printf.o)
    0x0800046c   0x0800046c   0x00000052   Code   RO         6674    .text               c_w.l(_printf_str.o)
    0x080004be   0x080004be   0x00000002   PAD
    0x080004c0   0x080004c0   0x00000078   Code   RO         6676    .text               c_w.l(_printf_dec.o)
    0x08000538   0x08000538   0x0000010e   Code   RO         6707    .text               c_w.l(__printf_wp.o)
    0x08000646   0x08000646   0x0000008a   Code   RO         6730    .text               c_w.l(rt_memcpy_v6.o)
    0x080006d0   0x080006d0   0x00000010   Code   RO         6734    .text               c_w.l(aeabi_memset.o)
    0x080006e0   0x080006e0   0x0000004e   Code   RO         6736    .text               c_w.l(rt_memclr_w.o)
    0x0800072e   0x0800072e   0x00000006   Code   RO         6738    .text               c_w.l(heapauxi.o)
    0x08000734   0x08000734   0x00000002   Code   RO         6760    .text               c_w.l(use_no_semi.o)
    0x08000736   0x08000736   0x000000b2   Code   RO         6767    .text               c_w.l(_printf_intcommon.o)
    0x080007e8   0x080007e8   0x00000030   Code   RO         6771    .text               c_w.l(_printf_char_common.o)
    0x08000818   0x08000818   0x0000002c   Code   RO         6775    .text               c_w.l(_printf_char.o)
    0x08000844   0x08000844   0x00000024   Code   RO         6777    .text               c_w.l(_printf_char_file.o)
    0x08000868   0x08000868   0x00000064   Code   RO         6780    .text               c_w.l(rt_memcpy_w.o)
    0x080008cc   0x080008cc   0x00000044   Code   RO         6782    .text               c_w.l(rt_memclr.o)
    0x08000910   0x08000910   0x00000008   Code   RO         6846    .text               c_w.l(ferror.o)
    0x08000918   0x08000918   0x00000008   Code   RO         6857    .text               c_w.l(libspace.o)
    0x08000920   0x08000920   0x0000004a   Code   RO         6860    .text               c_w.l(sys_stackheap_outer.o)
    0x0800096a   0x0800096a   0x00000012   Code   RO         6862    .text               c_w.l(exit.o)
    0x0800097c   0x0800097c   0x0000007e   Code   RO         3886    i.ADC_DMAConvCplt   stm32f4xx_hal_adc.o
    0x080009fa   0x080009fa   0x0000001a   Code   RO         3887    i.ADC_DMAError      stm32f4xx_hal_adc.o
    0x08000a14   0x08000a14   0x0000000e   Code   RO         3888    i.ADC_DMAHalfConvCplt  stm32f4xx_hal_adc.o
    0x08000a22   0x08000a22   0x00000002   PAD
    0x08000a24   0x08000a24   0x00000010   Code   RO          287    i.ADC_IRQHandler    stm32f4xx_it.o
    0x08000a34   0x08000a34   0x00000160   Code   RO         3889    i.ADC_Init          stm32f4xx_hal_adc.o
    0x08000b94   0x08000b94   0x00000004   Code   RO          288    i.BusFault_Handler  stm32f4xx_it.o
    0x08000b98   0x08000b98   0x00000090   Code   RO         4774    i.ClampDuty         btim.o
    0x08000c28   0x08000c28   0x000001cc   Code   RO         5016    i.CurrentLoop_Update  bsp_pwm.o
    0x08000df4   0x08000df4   0x00000058   Code   RO          549    i.CurrentSend       freertos_demo.o
    0x08000e4c   0x08000e4c   0x00000010   Code   RO          289    i.DMA1_Stream4_IRQHandler  stm32f4xx_it.o
    0x08000e5c   0x08000e5c   0x00000010   Code   RO          290    i.DMA2_Stream0_IRQHandler  stm32f4xx_it.o
    0x08000e6c   0x08000e6c   0x00000034   Code   RO         3371    i.DMA_CalcBaseAndBitshift  stm32f4xx_hal_dma.o
    0x08000ea0   0x08000ea0   0x000000aa   Code   RO         3372    i.DMA_CheckFifoParam  stm32f4xx_hal_dma.o
    0x08000f4a   0x08000f4a   0x0000002c   Code   RO         3373    i.DMA_SetConfig     stm32f4xx_hal_dma.o
    0x08000f76   0x08000f76   0x00000002   Code   RO          291    i.DebugMon_Handler  stm32f4xx_it.o
    0x08000f78   0x08000f78   0x0000006c   Code   RO          827    i.DmaInit           usart.o
    0x08000fe4   0x08000fe4   0x000000b8   Code   RO         4886    i.ENCODER_TIMx_Init  bsp_encoder.o
    0x0800109c   0x0800109c   0x00000088   Code   RO          550    i.EncoderSend       freertos_demo.o
    0x08001124   0x08001124   0x00000044   Code   RO         3253    i.FSMC_NORSRAM_Extended_Timing_Init  stm32f4xx_ll_fsmc.o
    0x08001168   0x08001168   0x00000078   Code   RO         3254    i.FSMC_NORSRAM_Init  stm32f4xx_ll_fsmc.o
    0x080011e0   0x080011e0   0x00000042   Code   RO         3255    i.FSMC_NORSRAM_Timing_Init  stm32f4xx_ll_fsmc.o
    0x08001222   0x08001222   0x00000002   Code   RO         4060    i.HAL_ADCEx_InjectedConvCpltCallback  stm32f4xx_hal_adc_ex.o
    0x08001224   0x08001224   0x0000018c   Code   RO         3891    i.HAL_ADC_ConfigChannel  stm32f4xx_hal_adc.o
    0x080013b0   0x080013b0   0x000000fc   Code   RO         4981    i.HAL_ADC_ConvCpltCallback  bsp_ina240.o
    0x080014ac   0x080014ac   0x00000002   Code   RO         3893    i.HAL_ADC_ConvHalfCpltCallback  stm32f4xx_hal_adc.o
    0x080014ae   0x080014ae   0x00000002   Code   RO         3895    i.HAL_ADC_ErrorCallback  stm32f4xx_hal_adc.o
    0x080014b0   0x080014b0   0x00000162   Code   RO         3899    i.HAL_ADC_IRQHandler  stm32f4xx_hal_adc.o
    0x08001612   0x08001612   0x00000002   PAD
    0x08001614   0x08001614   0x00000068   Code   RO         3900    i.HAL_ADC_Init      stm32f4xx_hal_adc.o
    0x0800167c   0x0800167c   0x00000002   Code   RO         3901    i.HAL_ADC_LevelOutOfWindowCallback  stm32f4xx_hal_adc.o
    0x0800167e   0x0800167e   0x00000002   Code   RO         3903    i.HAL_ADC_MspInit   stm32f4xx_hal_adc.o
    0x08001680   0x08001680   0x000001b4   Code   RO         3907    i.HAL_ADC_Start_DMA  stm32f4xx_hal_adc.o
    0x08001834   0x08001834   0x000000ac   Code   RO         3374    i.HAL_DMA_Abort     stm32f4xx_hal_dma.o
    0x080018e0   0x080018e0   0x00000028   Code   RO         3375    i.HAL_DMA_Abort_IT  stm32f4xx_hal_dma.o
    0x08001908   0x08001908   0x00000240   Code   RO         3379    i.HAL_DMA_IRQHandler  stm32f4xx_hal_dma.o
    0x08001b48   0x08001b48   0x000000ec   Code   RO         3380    i.HAL_DMA_Init      stm32f4xx_hal_dma.o
    0x08001c34   0x08001c34   0x00000092   Code   RO         3384    i.HAL_DMA_Start_IT  stm32f4xx_hal_dma.o
    0x08001cc6   0x08001cc6   0x00000002   PAD
    0x08001cc8   0x08001cc8   0x00000028   Code   RO         3707    i.HAL_Delay         stm32f4xx_hal.o
    0x08001cf0   0x08001cf0   0x000001f4   Code   RO         1059    i.HAL_GPIO_Init     stm32f4xx_hal_gpio.o
    0x08001ee4   0x08001ee4   0x0000000c   Code   RO         3712    i.HAL_GetREVID      stm32f4xx_hal.o
    0x08001ef0   0x08001ef0   0x0000000c   Code   RO         3713    i.HAL_GetTick       stm32f4xx_hal.o
    0x08001efc   0x08001efc   0x00000018   Code   RO         3719    i.HAL_IncTick       stm32f4xx_hal.o
    0x08001f14   0x08001f14   0x00000030   Code   RO         3720    i.HAL_Init          stm32f4xx_hal.o
    0x08001f44   0x08001f44   0x0000004c   Code   RO         3721    i.HAL_InitTick      stm32f4xx_hal.o
    0x08001f90   0x08001f90   0x00000002   Code   RO         3723    i.HAL_MspInit       stm32f4xx_hal.o
    0x08001f92   0x08001f92   0x00000020   Code   RO          921    i.HAL_NVIC_EnableIRQ  stm32f4xx_hal_cortex.o
    0x08001fb2   0x08001fb2   0x0000007c   Code   RO          927    i.HAL_NVIC_SetPriority  stm32f4xx_hal_cortex.o
    0x0800202e   0x0800202e   0x00000002   PAD
    0x08002030   0x08002030   0x00000028   Code   RO          928    i.HAL_NVIC_SetPriorityGrouping  stm32f4xx_hal_cortex.o
    0x08002058   0x08002058   0x00000184   Code   RO         1123    i.HAL_RCC_ClockConfig  stm32f4xx_hal_rcc.o
    0x080021dc   0x080021dc   0x0000000c   Code   RO         1128    i.HAL_RCC_GetHCLKFreq  stm32f4xx_hal_rcc.o
    0x080021e8   0x080021e8   0x00000020   Code   RO         1130    i.HAL_RCC_GetPCLK1Freq  stm32f4xx_hal_rcc.o
    0x08002208   0x08002208   0x00000020   Code   RO         1131    i.HAL_RCC_GetPCLK2Freq  stm32f4xx_hal_rcc.o
    0x08002228   0x08002228   0x000000b0   Code   RO         1132    i.HAL_RCC_GetSysClockFreq  stm32f4xx_hal_rcc.o
    0x080022d8   0x080022d8   0x0000049c   Code   RO         1135    i.HAL_RCC_OscConfig  stm32f4xx_hal_rcc.o
    0x08002774   0x08002774   0x0000005e   Code   RO         3114    i.HAL_SRAM_Init     stm32f4xx_hal_sram.o
    0x080027d2   0x080027d2   0x00000002   PAD
    0x080027d4   0x080027d4   0x000000a4   Code   RO         4425    i.HAL_SRAM_MspInit  lcd.o
    0x08002878   0x08002878   0x00000028   Code   RO          930    i.HAL_SYSTICK_CLKSourceConfig  stm32f4xx_hal_cortex.o
    0x080028a0   0x080028a0   0x00000034   Code   RO          932    i.HAL_SYSTICK_Config  stm32f4xx_hal_cortex.o
    0x080028d4   0x080028d4   0x00000002   Code   RO         2843    i.HAL_TIMEx_BreakCallback  stm32f4xx_hal_tim_ex.o
    0x080028d6   0x080028d6   0x00000002   Code   RO         2844    i.HAL_TIMEx_CommutCallback  stm32f4xx_hal_tim_ex.o
    0x080028d8   0x080028d8   0x000000b4   Code   RO         2862    i.HAL_TIMEx_MasterConfigSynchronization  stm32f4xx_hal_tim_ex.o
    0x0800298c   0x0800298c   0x00000066   Code   RO         2128    i.HAL_TIM_Base_Init  stm32f4xx_hal_tim.o
    0x080029f2   0x080029f2   0x00000002   Code   RO         2130    i.HAL_TIM_Base_MspInit  stm32f4xx_hal_tim.o
    0x080029f4   0x080029f4   0x000000a8   Code   RO         2133    i.HAL_TIM_Base_Start_IT  stm32f4xx_hal_tim.o
    0x08002a9c   0x08002a9c   0x0000003e   Code   RO         2136    i.HAL_TIM_Base_Stop_IT  stm32f4xx_hal_tim.o
    0x08002ada   0x08002ada   0x000000c8   Code   RO         2149    i.HAL_TIM_Encoder_Init  stm32f4xx_hal_tim.o
    0x08002ba2   0x08002ba2   0x00000002   PAD
    0x08002ba4   0x08002ba4   0x0000008c   Code   RO         4888    i.HAL_TIM_Encoder_MspInit  bsp_encoder.o
    0x08002c30   0x08002c30   0x000000cc   Code   RO         2152    i.HAL_TIM_Encoder_Start  stm32f4xx_hal_tim.o
    0x08002cfc   0x08002cfc   0x00000002   Code   RO         2162    i.HAL_TIM_IC_CaptureCallback  stm32f4xx_hal_tim.o
    0x08002cfe   0x08002cfe   0x00000196   Code   RO         2176    i.HAL_TIM_IRQHandler  stm32f4xx_hal_tim.o
    0x08002e94   0x08002e94   0x00000070   Code   RO         2177    i.HAL_TIM_OC_ConfigChannel  stm32f4xx_hal_tim.o
    0x08002f04   0x08002f04   0x00000002   Code   RO         2179    i.HAL_TIM_OC_DelayElapsedCallback  stm32f4xx_hal_tim.o
    0x08002f06   0x08002f06   0x00000002   PAD
    0x08002f08   0x08002f08   0x0000010c   Code   RO         2184    i.HAL_TIM_OC_Start  stm32f4xx_hal_tim.o
    0x08003014   0x08003014   0x00000104   Code   RO         2200    i.HAL_TIM_PWM_ConfigChannel  stm32f4xx_hal_tim.o
    0x08003118   0x08003118   0x00000066   Code   RO         2203    i.HAL_TIM_PWM_Init  stm32f4xx_hal_tim.o
    0x0800317e   0x0800317e   0x00000002   Code   RO         2205    i.HAL_TIM_PWM_MspInit  stm32f4xx_hal_tim.o
    0x08003180   0x08003180   0x00000002   Code   RO         2206    i.HAL_TIM_PWM_PulseFinishedCallback  stm32f4xx_hal_tim.o
    0x08003182   0x08003182   0x00000002   PAD
    0x08003184   0x08003184   0x0000010c   Code   RO         2208    i.HAL_TIM_PWM_Start  stm32f4xx_hal_tim.o
    0x08003290   0x08003290   0x000000bc   Code   RO         4775    i.HAL_TIM_PeriodElapsedCallback  btim.o
    0x0800334c   0x0800334c   0x00000002   Code   RO         2219    i.HAL_TIM_TriggerCallback  stm32f4xx_hal_tim.o
    0x0800334e   0x0800334e   0x00000002   Code   RO         1729    i.HAL_UARTEx_RxEventCallback  stm32f4xx_hal_uart.o
    0x08003350   0x08003350   0x00000002   Code   RO         1743    i.HAL_UART_ErrorCallback  stm32f4xx_hal_uart.o
    0x08003352   0x08003352   0x00000002   PAD
    0x08003354   0x08003354   0x00000250   Code   RO         1746    i.HAL_UART_IRQHandler  stm32f4xx_hal_uart.o
    0x080035a4   0x080035a4   0x00000072   Code   RO         1747    i.HAL_UART_Init     stm32f4xx_hal_uart.o
    0x08003616   0x08003616   0x00000002   PAD
    0x08003618   0x08003618   0x000000d8   Code   RO          828    i.HAL_UART_MspInit  usart.o
    0x080036f0   0x080036f0   0x00000042   Code   RO         1752    i.HAL_UART_Receive_IT  stm32f4xx_hal_uart.o
    0x08003732   0x08003732   0x00000002   PAD
    0x08003734   0x08003734   0x0000004c   Code   RO          829    i.HAL_UART_RxCpltCallback  usart.o
    0x08003780   0x08003780   0x000000d2   Code   RO         1755    i.HAL_UART_Transmit  stm32f4xx_hal_uart.o
    0x08003852   0x08003852   0x00000002   PAD
    0x08003854   0x08003854   0x0000009c   Code   RO         1756    i.HAL_UART_Transmit_DMA  stm32f4xx_hal_uart.o
    0x080038f0   0x080038f0   0x00000002   Code   RO         1758    i.HAL_UART_TxCpltCallback  stm32f4xx_hal_uart.o
    0x080038f2   0x080038f2   0x00000002   Code   RO         1759    i.HAL_UART_TxHalfCpltCallback  stm32f4xx_hal_uart.o
    0x080038f4   0x080038f4   0x0000007c   Code   RO         5048    i.HandleCommand     protocol.o
    0x08003970   0x08003970   0x00000004   Code   RO          292    i.HardFault_Handler  stm32f4xx_it.o
    0x08003974   0x08003974   0x00000158   Code   RO         4982    i.INA240_ADC_Init   bsp_ina240.o
    0x08003acc   0x08003acc   0x00000100   Code   RO          553    i.MeasureResistance  freertos_demo.o
    0x08003bcc   0x08003bcc   0x00000004   Code   RO          293    i.MemManage_Handler  stm32f4xx_it.o
    0x08003bd0   0x08003bd0   0x00000002   Code   RO          294    i.NMI_Handler       stm32f4xx_it.o
    0x08003bd2   0x08003bd2   0x00000002   PAD
    0x08003bd4   0x08003bd4   0x00000080   Code   RO         4776    i.PWM_Output_A      btim.o
    0x08003c54   0x08003c54   0x00000080   Code   RO         4777    i.PWM_Output_B      btim.o
    0x08003cd4   0x08003cd4   0x00000026   Code   RO         5049    i.Protocol_CalcChecksum  protocol.o
    0x08003cfa   0x08003cfa   0x0000006a   Code   RO         5050    i.Protocol_Pack     protocol.o
    0x08003d64   0x08003d64   0x000000ae   Code   RO         5051    i.Protocol_Parse    protocol.o
    0x08003e12   0x08003e12   0x00000002   PAD
    0x08003e14   0x08003e14   0x00000058   Code   RO          554    i.ResistanceSend    freertos_demo.o
    0x08003e6c   0x08003e6c   0x000000de   Code   RO         6573    i.SRAM_GPIO_Set     XMRAM.lib(xmram.o)
    0x08003f4a   0x08003f4a   0x00000002   PAD
    0x08003f4c   0x08003f4c   0x000000ac   Code   RO          555    i.SpeedSend         freertos_demo.o
    0x08003ff8   0x08003ff8   0x00000088   Code   RO         4937    i.StepMotor_Step    bsp_motor.o
    0x08004080   0x08004080   0x00000014   Code   RO          710    i.SysTick_Handler   delay.o
    0x08004094   0x08004094   0x00000014   Code   RO          513    i.SystemInit        system_stm32f4xx.o
    0x080040a8   0x080040a8   0x00000010   Code   RO         4889    i.TIM2_IRQHandler   bsp_encoder.o
    0x080040b8   0x080040b8   0x00000110   Code   RO         4778    i.TIM3_PWM_Init     btim.o
    0x080041c8   0x080041c8   0x00000010   Code   RO         4779    i.TIM4_IRQHandler   btim.o
    0x080041d8   0x080041d8   0x00000010   Code   RO         4780    i.TIM5_IRQHandler   btim.o
    0x080041e8   0x080041e8   0x00000030   Code   RO         4781    i.TIM7_IRQHandler   btim.o
    0x08004218   0x08004218   0x000000d8   Code   RO         2221    i.TIM_Base_SetConfig  stm32f4xx_hal_tim.o
    0x080042f0   0x080042f0   0x00000022   Code   RO         2222    i.TIM_CCxChannelCmd  stm32f4xx_hal_tim.o
    0x08004312   0x08004312   0x00000002   PAD
    0x08004314   0x08004314   0x00000070   Code   RO         2234    i.TIM_OC1_SetConfig  stm32f4xx_hal_tim.o
    0x08004384   0x08004384   0x0000007c   Code   RO         2235    i.TIM_OC2_SetConfig  stm32f4xx_hal_tim.o
    0x08004400   0x08004400   0x00000078   Code   RO         2236    i.TIM_OC3_SetConfig  stm32f4xx_hal_tim.o
    0x08004478   0x08004478   0x00000054   Code   RO         2237    i.TIM_OC4_SetConfig  stm32f4xx_hal_tim.o
    0x080044cc   0x080044cc   0x000000e8   Code   RO         4782    i.TIM_PWM_Init      btim.o
    0x080045b4   0x080045b4   0x00000024   Code   RO         4783    i.TIM_PWM_SetDuty   btim.o
    0x080045d8   0x080045d8   0x00000064   Code   RO         4784    i.TIM_Speed_Init    btim.o
    0x0800463c   0x0800463c   0x00000010   Code   RO         4785    i.TIM_Step_Disable  btim.o
    0x0800464c   0x0800464c   0x00000018   Code   RO         4786    i.TIM_Step_Enable   btim.o
    0x08004664   0x08004664   0x0000005c   Code   RO         4787    i.TIM_Step_Init     btim.o
    0x080046c0   0x080046c0   0x0000006c   Code   RO          557    i.TargetSpeed       freertos_demo.o
    0x0800472c   0x0800472c   0x00000010   Code   RO          830    i.UART4_IRQHandler  usart.o
    0x0800473c   0x0800473c   0x00000014   Code   RO         1760    i.UART_DMAAbortOnError  stm32f4xx_hal_uart.o
    0x08004750   0x08004750   0x00000050   Code   RO         1761    i.UART_DMAError     stm32f4xx_hal_uart.o
    0x080047a0   0x080047a0   0x00000036   Code   RO         1766    i.UART_DMATransmitCplt  stm32f4xx_hal_uart.o
    0x080047d6   0x080047d6   0x0000000e   Code   RO         1768    i.UART_DMATxHalfCplt  stm32f4xx_hal_uart.o
    0x080047e4   0x080047e4   0x00000036   Code   RO         1770    i.UART_EndRxTransfer  stm32f4xx_hal_uart.o
    0x0800481a   0x0800481a   0x00000020   Code   RO         1771    i.UART_EndTransmit_IT  stm32f4xx_hal_uart.o
    0x0800483a   0x0800483a   0x00000014   Code   RO         1772    i.UART_EndTxTransfer  stm32f4xx_hal_uart.o
    0x0800484e   0x0800484e   0x000000be   Code   RO         1773    i.UART_Receive_IT   stm32f4xx_hal_uart.o
    0x0800490c   0x0800490c   0x000000b8   Code   RO          831    i.UART_RxHandler    usart.o
    0x080049c4   0x080049c4   0x0000022c   Code   RO         1774    i.UART_SetConfig    stm32f4xx_hal_uart.o
    0x08004bf0   0x08004bf0   0x00000046   Code   RO         1776    i.UART_Start_Receive_IT  stm32f4xx_hal_uart.o
    0x08004c36   0x08004c36   0x00000060   Code   RO         1777    i.UART_Transmit_IT  stm32f4xx_hal_uart.o
    0x08004c96   0x08004c96   0x0000006c   Code   RO         1778    i.UART_WaitOnFlagUntilTimeout  stm32f4xx_hal_uart.o
    0x08004d02   0x08004d02   0x00000004   Code   RO          295    i.UsageFault_Handler  stm32f4xx_it.o
    0x08004d06   0x08004d06   0x00000030   Code   RO         6574    i.XmRamInit         XMRAM.lib(xmram.o)
    0x08004d36   0x08004d36   0x00000002   PAD
    0x08004d38   0x08004d38   0x00000010   Code   RO          934    i.__NVIC_GetPriorityGrouping  stm32f4xx_hal_cortex.o
    0x08004d48   0x08004d48   0x00000028   Code   RO          935    i.__NVIC_SetPriority  stm32f4xx_hal_cortex.o
    0x08004d70   0x08004d70   0x0000000e   Code   RO         6709    i._is_digit         c_w.l(__printf_wp.o)
    0x08004d7e   0x08004d7e   0x00000004   Code   RO          833    i._sys_exit         usart.o
    0x08004d82   0x08004d82   0x00000002   PAD
    0x08004d84   0x08004d84   0x00000078   Code   RO         6575    i.addr_out          XMRAM.lib(xmram.o)
    0x08004dfc   0x08004dfc   0x00000058   Code   RO         6576    i.dataout           XMRAM.lib(xmram.o)
    0x08004e54   0x08004e54   0x00000038   Code   RO          711    i.delay_init        delay.o
    0x08004e8c   0x08004e8c   0x0000001c   Code   RO          835    i.fputc             usart.o
    0x08004ea8   0x08004ea8   0x00000030   Code   RO          558    i.freertos_demo     freertos_demo.o
    0x08004ed8   0x08004ed8   0x00000094   Code   RO           13    i.main              main.o
    0x08004f6c   0x08004f6c   0x00000044   Code   RO         5098    i.my_mem_init       malloc.o
    0x08004fb0   0x08004fb0   0x00000040   Code   RO         5100    i.my_mem_perused    malloc.o
    0x08004ff0   0x08004ff0   0x00000014   Code   RO         5104    i.mymemset          malloc.o
    0x08005004   0x08005004   0x000000cc   Code   RO         5816    i.prvAddCurrentTaskToDelayedList  tasks.o
    0x080050d0   0x080050d0   0x000000ec   Code   RO         5817    i.prvAddNewTaskToReadyList  tasks.o
    0x080051bc   0x080051bc   0x00000064   Code   RO         6241    i.prvCheckForValidListAndQueue  timers.o
    0x08005220   0x08005220   0x00000048   Code   RO         5818    i.prvCheckTasksWaitingTermination  tasks.o
    0x08005268   0x08005268   0x0000002a   Code   RO         5376    i.prvCopyDataFromQueue  queue.o
    0x08005292   0x08005292   0x0000007e   Code   RO         5377    i.prvCopyDataToQueue  queue.o
    0x08005310   0x08005310   0x00000012   Code   RO         5819    i.prvDeleteTCB      tasks.o
    0x08005322   0x08005322   0x00000002   PAD
    0x08005324   0x08005324   0x00000028   Code   RO         6242    i.prvGetNextExpireTime  timers.o
    0x0800534c   0x0800534c   0x0000007c   Code   RO         6418    i.prvHeapInit       heap_4.o
    0x080053c8   0x080053c8   0x00000028   Code   RO         5820    i.prvIdleTask       tasks.o
    0x080053f0   0x080053f0   0x0000002e   Code   RO         5380    i.prvInitialiseNewQueue  queue.o
    0x0800541e   0x0800541e   0x00000002   PAD
    0x08005420   0x08005420   0x00000104   Code   RO         5821    i.prvInitialiseNewTask  tasks.o
    0x08005524   0x08005524   0x00000068   Code   RO         5822    i.prvInitialiseTaskLists  tasks.o
    0x0800558c   0x0800558c   0x00000068   Code   RO         6419    i.prvInsertBlockIntoFreeList  heap_4.o
    0x080055f4   0x080055f4   0x00000058   Code   RO         6244    i.prvInsertTimerInActiveList  timers.o
    0x0800564c   0x0800564c   0x0000001a   Code   RO         5381    i.prvIsQueueEmpty   queue.o
    0x08005666   0x08005666   0x00000002   PAD
    0x08005668   0x08005668   0x000000c4   Code   RO         5383    i.prvNotifyQueueSetContainer  queue.o
    0x0800572c   0x0800572c   0x00000044   Code   RO         6245    i.prvProcessExpiredTimer  timers.o
    0x08005770   0x08005770   0x0000016c   Code   RO         6246    i.prvProcessReceivedCommands  timers.o
    0x080058dc   0x080058dc   0x00000074   Code   RO         6247    i.prvProcessTimerOrBlockTask  timers.o
    0x08005950   0x08005950   0x00000028   Code   RO         6248    i.prvReloadTimer    timers.o
    0x08005978   0x08005978   0x00000030   Code   RO         5824    i.prvResetNextTaskUnblockTime  tasks.o
    0x080059a8   0x080059a8   0x0000002c   Code   RO         6249    i.prvSampleTimeNow  timers.o
    0x080059d4   0x080059d4   0x00000044   Code   RO         6250    i.prvSwitchTimerLists  timers.o
    0x08005a18   0x08005a18   0x00000080   Code   RO         6486    i.prvTaskExitError  port.o
    0x08005a98   0x08005a98   0x0000001a   Code   RO         6251    i.prvTimerTask      timers.o
    0x08005ab2   0x08005ab2   0x00000090   Code   RO         5384    i.prvUnlockQueue    queue.o
    0x08005b42   0x08005b42   0x00000002   PAD
    0x08005b44   0x08005b44   0x00000194   Code   RO         6420    i.pvPortMalloc      heap_4.o
    0x08005cd8   0x08005cd8   0x0000002c   Code   RO         6487    i.pxPortInitialiseStack  port.o
    0x08005d04   0x08005d04   0x000001f4   Code   RO         4717    i.sram_init         sram.o
    0x08005ef8   0x08005ef8   0x000000a0   Code   RO         6577    i.sram_init         XMRAM.lib(xmram.o)
    0x08005f98   0x08005f98   0x000001e0   Code   RO         6578    i.sram_reg_read     XMRAM.lib(xmram.o)
    0x08006178   0x08006178   0x000000e4   Code   RO         6579    i.sram_reg_write    XMRAM.lib(xmram.o)
    0x0800625c   0x0800625c   0x00000088   Code   RO          559    i.start_task        freertos_demo.o
    0x080062e4   0x080062e4   0x000000cc   Code   RO          760    i.sys_stm32_clock_init  sys.o
    0x080063b0   0x080063b0   0x0000000a   Code   RO          560    i.task1             freertos_demo.o
    0x080063ba   0x080063ba   0x00000002   PAD
    0x080063bc   0x080063bc   0x0000001c   Code   RO          561    i.task2             freertos_demo.o
    0x080063d8   0x080063d8   0x00000040   Code   RO          562    i.task3             freertos_demo.o
    0x08006418   0x08006418   0x00000038   Code   RO          836    i.usart_init        usart.o
    0x08006450   0x08006450   0x00000028   Code   RO         5324    i.uxListRemove      list.o
    0x08006478   0x08006478   0x0000001a   Code   RO         5325    i.vListInitialise   list.o
    0x08006492   0x08006492   0x00000006   Code   RO         5326    i.vListInitialiseItem  list.o
    0x08006498   0x08006498   0x00000034   Code   RO         5327    i.vListInsert       list.o
    0x080064cc   0x080064cc   0x00000018   Code   RO         5328    i.vListInsertEnd    list.o
    0x080064e4   0x080064e4   0x00000098   Code   RO         6489    i.vPortEnterCritical  port.o
    0x0800657c   0x0800657c   0x00000080   Code   RO         6490    i.vPortExitCritical  port.o
    0x080065fc   0x080065fc   0x000000d8   Code   RO         6421    i.vPortFree         heap_4.o
    0x080066d4   0x080066d4   0x00000028   Code   RO         6491    i.vPortSetupTimerInterrupt  port.o
    0x080066fc   0x080066fc   0x0000008c   Code   RO         5390    i.vQueueAddToRegistry  queue.o
    0x08006788   0x08006788   0x0000004a   Code   RO         5394    i.vQueueWaitForMessageRestricted  queue.o
    0x080067d2   0x080067d2   0x00000002   PAD
    0x080067d4   0x080067d4   0x00000084   Code   RO         5839    i.vTaskDelay        tasks.o
    0x08006858   0x08006858   0x00000124   Code   RO         5840    i.vTaskDelete       tasks.o
    0x0800697c   0x0800697c   0x00000018   Code   RO         5844    i.vTaskInternalSetTimeOutState  tasks.o
    0x08006994   0x08006994   0x0000000c   Code   RO         5846    i.vTaskMissedYield  tasks.o
    0x080069a0   0x080069a0   0x00000064   Code   RO         5847    i.vTaskPlaceOnEventList  tasks.o
    0x08006a04   0x08006a04   0x0000008c   Code   RO         5848    i.vTaskPlaceOnEventListRestricted  tasks.o
    0x08006a90   0x08006a90   0x000000c4   Code   RO         5856    i.vTaskStartScheduler  tasks.o
    0x08006b54   0x08006b54   0x00000010   Code   RO         5858    i.vTaskSuspendAll   tasks.o
    0x08006b64   0x08006b64   0x000000b8   Code   RO         5859    i.vTaskSwitchContext  tasks.o
    0x08006c1c   0x08006c1c   0x000001ac   Code   RO         6493    i.xPortStartScheduler  port.o
    0x08006dc8   0x08006dc8   0x00000034   Code   RO         6494    i.xPortSysTickHandler  port.o
    0x08006dfc   0x08006dfc   0x00000090   Code   RO         5399    i.xQueueGenericCreate  queue.o
    0x08006e8c   0x08006e8c   0x000000fc   Code   RO         5400    i.xQueueGenericReset  queue.o
    0x08006f88   0x08006f88   0x00000180   Code   RO         5409    i.xQueueReceive     queue.o
    0x08007108   0x08007108   0x000000cc   Code   RO         5862    i.xTaskCheckForTimeOut  tasks.o
    0x080071d4   0x080071d4   0x00000060   Code   RO         5863    i.xTaskCreate       tasks.o
    0x08007234   0x08007234   0x00000020   Code   RO         5872    i.xTaskGetSchedulerState  tasks.o
    0x08007254   0x08007254   0x0000000c   Code   RO         5873    i.xTaskGetTickCount  tasks.o
    0x08007260   0x08007260   0x000001e8   Code   RO         5875    i.xTaskIncrementTick  tasks.o
    0x08007448   0x08007448   0x00000110   Code   RO         5876    i.xTaskPriorityDisinherit  tasks.o
    0x08007558   0x08007558   0x0000014c   Code   RO         5878    i.xTaskRemoveFromEventList  tasks.o
    0x080076a4   0x080076a4   0x000001a0   Code   RO         5879    i.xTaskResumeAll    tasks.o
    0x08007844   0x08007844   0x00000080   Code   RO         6259    i.xTimerCreateTimerTask  timers.o
    0x080078c4   0x080078c4   0x00000010   Code   RO         6580    i.xram_delay        XMRAM.lib(xmram.o)
    0x080078d4   0x080078d4   0x00000062   Code   RO         6742    x$fpl$d2f           fz_wm.l(d2f.o)
    0x08007936   0x08007936   0x0000002e   Code   RO         6749    x$fpl$dflt          fz_wm.l(dflt_clz.o)
    0x08007964   0x08007964   0x00000154   Code   RO         6754    x$fpl$dmul          fz_wm.l(dmul.o)
    0x08007ab8   0x08007ab8   0x0000009c   Code   RO         6784    x$fpl$dnaninf       fz_wm.l(dnaninf.o)
    0x08007b54   0x08007b54   0x0000000c   Code   RO         6786    x$fpl$dretinf       fz_wm.l(dretinf.o)
    0x08007b60   0x08007b60   0x0000000a   Code   RO         6931    x$fpl$fpinit        fz_wm.l(fpinit.o)
    0x08007b6a   0x08007b6a   0x0000000a   Code   RO         6790    x$fpl$fretinf       fz_wm.l(fretinf.o)
    0x08007b74   0x08007b74   0x00000000   Code   RO         6792    x$fpl$usenofp       fz_wm.l(usenofp.o)
    0x08007b74   0x08007b74   0x00000018   Data   RO          514    .constdata          system_stm32f4xx.o
    0x08007b8c   0x08007b8c   0x00000008   Data   RO         3386    .constdata          stm32f4xx_hal_dma.o
    0x08007b94   0x08007b94   0x00000080   Data   RO         4939    .constdata          bsp_motor.o
    0x08007c14   0x08007c14   0x00000024   Data   RO         5111    .constdata          malloc.o
    0x08007c38   0x08007c38   0x00000020   Data   RO         6991    Region$$Table       anon$$obj.o


    Execution Region RW_IRAM1 (Exec base: 0x20000000, Load base: 0x08007c58, Size: 0x0001b350, Max: 0x00020000, ABSOLUTE, COMPRESSED[0x00000050])

    Exec Addr    Load Addr    Size         Type   Attr      Idx    E Section Name        Object

    0x20000000   COMPRESSED   0x00000004   Data   RW          515    .data               system_stm32f4xx.o
    0x20000004   COMPRESSED   0x00000004   PAD
    0x20000008   COMPRESSED   0x00000030   Data   RW          564    .data               freertos_demo.o
    0x20000038   COMPRESSED   0x00000004   Data   RW          714    .data               delay.o
    0x2000003c   COMPRESSED   0x0000000b   Data   RW          838    .data               usart.o
    0x20000047   COMPRESSED   0x00000001   PAD
    0x20000048   COMPRESSED   0x00000009   Data   RW         3727    .data               stm32f4xx_hal.o
    0x20000051   COMPRESSED   0x00000003   PAD
    0x20000054   COMPRESSED   0x0000000a   Data   RW         4790    .data               btim.o
    0x2000005e   COMPRESSED   0x00000002   PAD
    0x20000060   COMPRESSED   0x00000004   Data   RW         4891    .data               bsp_encoder.o
    0x20000064   COMPRESSED   0x00000010   Data   RW         4940    .data               bsp_motor.o
    0x20000074   COMPRESSED   0x0000001c   Data   RW         4984    .data               bsp_ina240.o
    0x20000090   COMPRESSED   0x0000001c   Data   RW         5017    .data               bsp_pwm.o
    0x200000ac   COMPRESSED   0x00000024   Data   RW         5112    .data               malloc.o
    0x200000d0   COMPRESSED   0x00000040   Data   RW         5882    .data               tasks.o
    0x20000110   COMPRESSED   0x00000014   Data   RW         6268    .data               timers.o
    0x20000124   COMPRESSED   0x00000020   Data   RW         6427    .data               heap_4.o
    0x20000144   COMPRESSED   0x0000000c   Data   RW         6495    .data               port.o
    0x20000150   COMPRESSED   0x0000000a   Data   RW         6581    .data               XMRAM.lib(xmram.o)
    0x2000015a   COMPRESSED   0x00000002   PAD
    0x2000015c        -       0x00000040   Zero   RW          563    .bss                freertos_demo.o
    0x2000019c        -       0x0000011a   Zero   RW          837    .bss                usart.o
    0x200002b6   COMPRESSED   0x00000002   PAD
    0x200002b8        -       0x00000050   Zero   RW         4722    .bss                sram.o
    0x20000308        -       0x00000120   Zero   RW         4789    .bss                btim.o
    0x20000428        -       0x00000048   Zero   RW         4890    .bss                bsp_encoder.o
    0x20000470        -       0x000000a8   Zero   RW         4983    .bss                bsp_ina240.o
    0x20000518   COMPRESSED   0x00000008   PAD
    0x20000520        -       0x00017e80   Zero   RW         5110    .bss                malloc.o
    0x200183a0        -       0x00000040   Zero   RW         5416    .bss                queue.o
    0x200183e0        -       0x000002e4   Zero   RW         5881    .bss                tasks.o
    0x200186c4        -       0x00000028   Zero   RW         6267    .bss                timers.o
    0x200186ec        -       0x00002800   Zero   RW         6426    .bss                heap_4.o
    0x2001aeec        -       0x00000060   Zero   RW         6858    .bss                c_w.l(libspace.o)
    0x2001af4c   COMPRESSED   0x00000004   PAD
    0x2001af50        -       0x00000000   Zero   RW            2    HEAP                startup_stm32f407xx.o
    0x2001af50        -       0x00000400   Zero   RW            1    STACK               startup_stm32f407xx.o



  Load Region LR$$.ARM.__AT_0x10000000 (Base: 0x10000000, Size: 0x00000000, Max: 0x0000f000, ABSOLUTE)

    Execution Region ER$$.ARM.__AT_0x10000000 (Exec base: 0x10000000, Load base: 0x10000000, Size: 0x0000f000, Max: 0x0000f000, ABSOLUTE, UNINIT)

    Exec Addr    Load Addr    Size         Type   Attr      Idx    E Section Name        Object

    0x10000000        -       0x0000f000   Zero   RW         5106    .ARM.__AT_0x10000000  malloc.o



  Load Region LR$$.ARM.__AT_0x1000F000 (Base: 0x1000f000, Size: 0x00000000, Max: 0x00000f00, ABSOLUTE)

    Execution Region ER$$.ARM.__AT_0x1000F000 (Exec base: 0x1000f000, Load base: 0x1000f000, Size: 0x00000f00, Max: 0x00000f00, ABSOLUTE, UNINIT)

    Exec Addr    Load Addr    Size         Type   Attr      Idx    E Section Name        Object

    0x1000f000        -       0x00000f00   Zero   RW         5107    .ARM.__AT_0x1000F000  malloc.o



  Load Region LR$$.ARM.__AT_0x68000000 (Base: 0x68000000, Size: 0x00000000, Max: 0x000f0c00, ABSOLUTE)

    Execution Region ER$$.ARM.__AT_0x68000000 (Exec base: 0x68000000, Load base: 0x68000000, Size: 0x000f0c00, Max: 0x000f0c00, ABSOLUTE, UNINIT)

    Exec Addr    Load Addr    Size         Type   Attr      Idx    E Section Name        Object

    0x68000000        -       0x000f0c00   Zero   RW         5108    .ARM.__AT_0x68000000  malloc.o



  Load Region LR$$.ARM.__AT_0x680F0C00 (Base: 0x680f0c00, Size: 0x00000000, Max: 0x0000f0c0, ABSOLUTE)

    Execution Region ER$$.ARM.__AT_0x680F0C00 (Exec base: 0x680f0c00, Load base: 0x680f0c00, Size: 0x0000f0c0, Max: 0x0000f0c0, ABSOLUTE, UNINIT)

    Exec Addr    Load Addr    Size         Type   Attr      Idx    E Section Name        Object

    0x680f0c00        -       0x0000f0c0   Zero   RW         5109    .ARM.__AT_0x680F0C00  malloc.o


==============================================================================

Image component sizes


      Code (inc. data)   RO Data    RW Data    ZI Data      Debug   Object Name

       340         30          0          4         72       2686   bsp_encoder.o
       596         74          0         28        168       3035   bsp_ina240.o
       136         26        128         16          0       1388   bsp_motor.o
       460         52          0         28          0       1190   bsp_pwm.o
      1440        164          0         10        288      10112   btim.o
        76          4          0          4          0       1359   delay.o
         0          0          0          0          0      13228   event_groups.o
      1134        200          0         48         64      24565   freertos_demo.o
       848        218          0         32      10240       4335   heap_4.o
       164         12          0          0          0       2743   lcd.o
       148          0          0          0          0       3558   list.o
       148          4          0          0          0     724687   main.o
       152         22         36         36    1210944       3772   malloc.o
      1162        382          0         12          0      10624   port.o
       442         16          0          0          0       3660   protocol.o
      1574        278          0          0         64      13231   queue.o
       500         30          0          0         80       1701   sram.o
        76         28        392          0       1024        996   startup_stm32f407xx.o
       214         38          0          9          0      10698   stm32f4xx_hal.o
      1816         66          0          0          0       9324   stm32f4xx_hal_adc.o
         2          0          0          0          0       1065   stm32f4xx_hal_adc_ex.o
       344         22          0          0          0      35293   stm32f4xx_hal_cortex.o
      1436         16          8          0          0       7274   stm32f4xx_hal_dma.o
       500         46          0          0          0       1508   stm32f4xx_hal_gpio.o
      1820         84          0          0          0       5808   stm32f4xx_hal_rcc.o
        94          0          0          0          0       1268   stm32f4xx_hal_sram.o
      2854        172          0          0          0      18255   stm32f4xx_hal_tim.o
       184         30          0          0          0       2605   stm32f4xx_hal_tim_ex.o
      2440         30          0          0          0      16186   stm32f4xx_hal_uart.o
        68         18          0          0          0     626462   stm32f4xx_it.o
       254         10          0          0          0       4023   stm32f4xx_ll_fsmc.o
       204         12          0          0          0       1395   sys.o
        20          6         24          4          0       1419   system_stm32f4xx.o
      3930       1024          0         64        740      34634   tasks.o
      1082        214          0         20         40      13964   timers.o
       688         94          0         11        282       7315   usart.o

    ----------------------------------------------------------------------
     27392       3422        620        336    1224016    1625366   Object Totals
         0          0         32          0          0          0   (incl. Generated)
        46          0          0         10         10          0   (incl. Padding)

    ----------------------------------------------------------------------

      Code (inc. data)   RO Data    RW Data    ZI Data      Debug   Library Member Name

      1362        112          0         10          0     236098   xmram.o
        58          0          0          0          0          0   __dczerorl.o
         8          0          0          0          0         68   __main.o
       284          0          0          0          0        156   __printf_wp.o
         0          0          0          0          0          0   __rtentry.o
        12          0          0          0          0          0   __rtentry2.o
         6          0          0          0          0          0   __rtentry4.o
        52          8          0          0          0          0   __scatter.o
        28          0          0          0          0          0   __scatter_zi.o
        44          0          0          0          0        108   _printf_char.o
        48          6          0          0          0         96   _printf_char_common.o
        36          4          0          0          0         80   _printf_char_file.o
         6          0          0          0          0          0   _printf_d.o
       120         16          0          0          0         92   _printf_dec.o
       178          0          0          0          0         88   _printf_intcommon.o
         0          0          0          0          0          0   _printf_percent.o
         4          0          0          0          0          0   _printf_percent_end.o
         6          0          0          0          0          0   _printf_s.o
        82          0          0          0          0         80   _printf_str.o
        16          0          0          0          0         68   aeabi_memset.o
        18          0          0          0          0         80   exit.o
         8          0          0          0          0         68   ferror.o
         6          0          0          0          0        152   heapauxi.o
         2          0          0          0          0          0   libinit.o
         6          0          0          0          0          0   libinit2.o
         2          0          0          0          0          0   libshutdown.o
         2          0          0          0          0          0   libshutdown2.o
         8          4          0          0         96         68   libspace.o
       238          0          0          0          0        100   lludivv7m.o
        24          4          0          0          0         84   noretval__2printf.o
        68          0          0          0          0         68   rt_memclr.o
        78          0          0          0          0         80   rt_memclr_w.o
       138          0          0          0          0         68   rt_memcpy_v6.o
       100          0          0          0          0         80   rt_memcpy_w.o
         2          0          0          0          0          0   rtexit.o
        10          0          0          0          0          0   rtexit2.o
        74          0          0          0          0         80   sys_stackheap_outer.o
         2          0          0          0          0         68   use_no_semi.o
         2          0          0          0          0         68   use_no_semi_2.o
        98          4          0          0          0        140   d2f.o
        46          0          0          0          0        116   dflt_clz.o
       340         12          0          0          0        152   dmul.o
       156          4          0          0          0        140   dnaninf.o
        12          0          0          0          0        116   dretinf.o
        10          0          0          0          0        116   fpinit.o
        10          0          0          0          0        116   fretinf.o
         0          0          0          0          0          0   usenofp.o

    ----------------------------------------------------------------------
      3820        174          0         12        100     238894   Library Totals
        10          0          0          2          4          0   (incl. Padding)

    ----------------------------------------------------------------------

      Code (inc. data)   RO Data    RW Data    ZI Data      Debug   Library Name

      1362        112          0         10          0     236098   XMRAM.lib
      1776         42          0          0         96       1900   c_w.l
       672         20          0          0          0        896   fz_wm.l

    ----------------------------------------------------------------------
      3820        174          0         12        100     238894   Library Totals

    ----------------------------------------------------------------------

==============================================================================


      Code (inc. data)   RO Data    RW Data    ZI Data      Debug   

     31212       3596        620        348    1224116    1840672   Grand Totals
     31212       3596        620         80    1224116    1840672   ELF Image Totals (compressed)
     31212       3596        620         80          0          0   ROM Totals

==============================================================================

    Total RO  Size (Code + RO Data)                31832 (  31.09kB)
    Total RW  Size (RW Data + ZI Data)           1224464 (1195.77kB)
    Total ROM Size (Code + RO Data + RW Data)      31912 (  31.16kB)

==============================================================================

