Component: ARM Compiler 5.06 update 6 (build 750) Tool: armlink [4d35ed]

==============================================================================

Section Cross References

    startup_stm32f407xx.o(STACK) refers (Special) to heapauxi.o(.text) for __use_two_region_memory
    startup_stm32f407xx.o(HEAP) refers (Special) to heapauxi.o(.text) for __use_two_region_memory
    startup_stm32f407xx.o(RESET) refers (Special) to heapauxi.o(.text) for __use_two_region_memory
    startup_stm32f407xx.o(RESET) refers to startup_stm32f407xx.o(STACK) for __initial_sp
    startup_stm32f407xx.o(RESET) refers to startup_stm32f407xx.o(.text) for Reset_Handler
    startup_stm32f407xx.o(RESET) refers to stm32f4xx_it.o(i.NMI_Handler) for NMI_Handler
    startup_stm32f407xx.o(RESET) refers to stm32f4xx_it.o(i.HardFault_Handler) for HardFault_Handler
    startup_stm32f407xx.o(RESET) refers to stm32f4xx_it.o(i.MemManage_Handler) for MemManage_Handler
    startup_stm32f407xx.o(RESET) refers to stm32f4xx_it.o(i.BusFault_Handler) for BusFault_Handler
    startup_stm32f407xx.o(RESET) refers to stm32f4xx_it.o(i.UsageFault_Handler) for UsageFault_Handler
    startup_stm32f407xx.o(RESET) refers to port.o(.emb_text) for SVC_Handler
    startup_stm32f407xx.o(RESET) refers to stm32f4xx_it.o(i.DebugMon_Handler) for DebugMon_Handler
    startup_stm32f407xx.o(RESET) refers to delay.o(i.SysTick_Handler) for SysTick_Handler
    startup_stm32f407xx.o(RESET) refers to stm32f4xx_it.o(i.ADC_IRQHandler) for ADC_IRQHandler
    startup_stm32f407xx.o(RESET) refers to bsp_encoder.o(i.TIM2_IRQHandler) for TIM2_IRQHandler
    startup_stm32f407xx.o(RESET) refers to btim.o(i.TIM5_IRQHandler) for TIM5_IRQHandler
    startup_stm32f407xx.o(RESET) refers to usart.o(i.UART4_IRQHandler) for UART4_IRQHandler
    startup_stm32f407xx.o(RESET) refers to btim.o(i.TIM7_IRQHandler) for TIM7_IRQHandler
    startup_stm32f407xx.o(RESET) refers to stm32f4xx_it.o(i.DMA2_Stream0_IRQHandler) for DMA2_Stream0_IRQHandler
    startup_stm32f407xx.o(.text) refers (Special) to heapauxi.o(.text) for __use_two_region_memory
    startup_stm32f407xx.o(.text) refers to system_stm32f4xx.o(i.SystemInit) for SystemInit
    startup_stm32f407xx.o(.text) refers to __main.o(!!!main) for __main
    startup_stm32f407xx.o(.text) refers to startup_stm32f407xx.o(HEAP) for Heap_Mem
    startup_stm32f407xx.o(.text) refers to startup_stm32f407xx.o(STACK) for Stack_Mem
    main.o(i.main) refers to stm32f4xx_hal.o(i.HAL_Init) for HAL_Init
    main.o(i.main) refers to sys.o(i.sys_stm32_clock_init) for sys_stm32_clock_init
    main.o(i.main) refers to stm32f4xx_hal_cortex.o(i.HAL_NVIC_SetPriorityGrouping) for HAL_NVIC_SetPriorityGrouping
    main.o(i.main) refers to delay.o(i.delay_init) for delay_init
    main.o(i.main) refers to usart.o(i.usart_init) for usart_init
    main.o(i.main) refers to sram.o(i.sram_init) for sram_init
    main.o(i.main) refers to btim.o(i.TIM_Step_Init) for TIM_Step_Init
    main.o(i.main) refers to btim.o(i.TIM_PWM_Init) for TIM_PWM_Init
    main.o(i.main) refers to btim.o(i.TIM3_PWM_Init) for TIM3_PWM_Init
    main.o(i.main) refers to bsp_encoder.o(i.ENCODER_TIMx_Init) for ENCODER_TIMx_Init
    main.o(i.main) refers to stm32f4xx_hal.o(i.HAL_Delay) for HAL_Delay
    main.o(i.main) refers to bsp_ina240.o(i.INA240_ADC_Init) for INA240_ADC_Init
    main.o(i.main) refers to stm32f4xx_hal_cortex.o(i.HAL_NVIC_SetPriority) for HAL_NVIC_SetPriority
    main.o(i.main) refers to stm32f4xx_hal_cortex.o(i.HAL_NVIC_EnableIRQ) for HAL_NVIC_EnableIRQ
    main.o(i.main) refers to stm32f4xx_hal_tim.o(i.HAL_TIM_Encoder_Start) for HAL_TIM_Encoder_Start
    main.o(i.main) refers to malloc.o(i.my_mem_init) for my_mem_init
    main.o(i.main) refers to freertos_demo.o(i.freertos_demo) for freertos_demo
    main.o(i.main) refers to bsp_encoder.o(.bss) for htimx_Encoder
    stm32f4xx_it.o(i.ADC_IRQHandler) refers to stm32f4xx_hal_adc.o(i.HAL_ADC_IRQHandler) for HAL_ADC_IRQHandler
    stm32f4xx_it.o(i.ADC_IRQHandler) refers to bsp_ina240.o(.bss) for hadc1
    stm32f4xx_it.o(i.DMA2_Stream0_IRQHandler) refers to stm32f4xx_hal_dma.o(i.HAL_DMA_IRQHandler) for HAL_DMA_IRQHandler
    stm32f4xx_it.o(i.DMA2_Stream0_IRQHandler) refers to bsp_ina240.o(.bss) for hdma_adc1
    system_stm32f4xx.o(i.SystemCoreClockUpdate) refers to system_stm32f4xx.o(.data) for SystemCoreClock
    system_stm32f4xx.o(i.SystemCoreClockUpdate) refers to system_stm32f4xx.o(.constdata) for AHBPrescTable
    freertos_demo.o(i.MeasureCurrent) refers to _printf_percent.o(.ARM.Collect$$_printf_percent$$00000000) for _printf_percent
    freertos_demo.o(i.MeasureCurrent) refers to _printf_f.o(.ARM.Collect$$_printf_percent$$00000003) for _printf_f
    freertos_demo.o(i.MeasureCurrent) refers to printf1.o(x$fpl$printf1) for _printf_fp_dec
    freertos_demo.o(i.MeasureCurrent) refers to f2d.o(x$fpl$f2d) for __aeabi_f2d
    freertos_demo.o(i.MeasureCurrent) refers to noretval__2printf.o(.text) for __2printf
[...]
    __rt_lib_init_lc_ctype_1                 0x0800026f   Thumb Code     0  libinit2.o(.ARM.Collect$$libinit$$00000013)
    __rt_lib_init_lc_monetary_1              0x0800026f   Thumb Code     0  libinit2.o(.ARM.Collect$$libinit$$00000015)
    __rt_lib_init_lc_numeric_2               0x0800026f   Thumb Code     0  libinit2.o(.ARM.Collect$$libinit$$00000016)
    __rt_lib_init_alloca_1                   0x08000279   Thumb Code     0  libinit2.o(.ARM.Collect$$libinit$$0000002E)
    __rt_lib_init_argv_1                     0x08000279   Thumb Code     0  libinit2.o(.ARM.Collect$$libinit$$0000002C)
    __rt_lib_init_atexit_1                   0x08000279   Thumb Code     0  libinit2.o(.ARM.Collect$$libinit$$0000001B)
    __rt_lib_init_clock_1                    0x08000279   Thumb Code     0  libinit2.o(.ARM.Collect$$libinit$$00000021)
    __rt_lib_init_cpp_1                      0x08000279   Thumb Code     0  libinit2.o(.ARM.Collect$$libinit$$00000032)
    __rt_lib_init_exceptions_1               0x08000279   Thumb Code     0  libinit2.o(.ARM.Collect$$libinit$$00000030)
    __rt_lib_init_fp_trap_1                  0x08000279   Thumb Code     0  libinit2.o(.ARM.Collect$$libinit$$0000001F)
    __rt_lib_init_getenv_1                   0x08000279   Thumb Code     0  libinit2.o(.ARM.Collect$$libinit$$00000023)
    __rt_lib_init_lc_numeric_1               0x08000279   Thumb Code     0  libinit2.o(.ARM.Collect$$libinit$$00000017)
    __rt_lib_init_lc_time_1                  0x08000279   Thumb Code     0  libinit2.o(.ARM.Collect$$libinit$$00000019)
    __rt_lib_init_return                     0x08000279   Thumb Code     0  libinit2.o(.ARM.Collect$$libinit$$00000033)
    __rt_lib_init_signal_1                   0x08000279   Thumb Code     0  libinit2.o(.ARM.Collect$$libinit$$0000001D)
    __rt_lib_init_stdio_1                    0x08000279   Thumb Code     0  libinit2.o(.ARM.Collect$$libinit$$00000025)
    __rt_lib_shutdown                        0x0800027b   Thumb Code     0  libshutdown.o(.ARM.Collect$$libshutdown$$00000000)
    __rt_lib_shutdown_cpp_1                  0x0800027d   Thumb Code     0  libshutdown2.o(.ARM.Collect$$libshutdown$$00000002)
    __rt_lib_shutdown_fp_trap_1              0x0800027d   Thumb Code     0  libshutdown2.o(.ARM.Collect$$libshutdown$$00000007)
    __rt_lib_shutdown_heap_1                 0x0800027d   Thumb Code     0  libshutdown2.o(.ARM.Collect$$libshutdown$$0000000F)
    __rt_lib_shutdown_return                 0x0800027d   Thumb Code     0  libshutdown2.o(.ARM.Collect$$libshutdown$$00000010)
    __rt_lib_shutdown_signal_1               0x0800027d   Thumb Code     0  libshutdown2.o(.ARM.Collect$$libshutdown$$0000000A)
    __rt_lib_shutdown_stdio_1                0x0800027d   Thumb Code     0  libshutdown2.o(.ARM.Collect$$libshutdown$$00000004)
    __rt_lib_shutdown_user_alloc_1           0x0800027d   Thumb Code     0  libshutdown2.o(.ARM.Collect$$libshutdown$$0000000C)
    __rt_entry                               0x0800027f   Thumb Code     0  __rtentry.o(.ARM.Collect$$rtentry$$00000000)
    __rt_entry_presh_1                       0x0800027f   Thumb Code     0  __rtentry2.o(.ARM.Collect$$rtentry$$00000002)
    __rt_entry_sh                            0x0800027f   Thumb Code     0  __rtentry4.o(.ARM.Collect$$rtentry$$00000004)
    __rt_entry_li                            0x08000285   Thumb Code     0  __rtentry2.o(.ARM.Collect$$rtentry$$0000000A)
    __rt_entry_postsh_1                      0x08000285   Thumb Code     0  __rtentry2.o(.ARM.Collect$$rtentry$$00000009)
    __rt_entry_main                          0x08000289   Thumb Code     0  __rtentry2.o(.ARM.Collect$$rtentry$$0000000D)
    __rt_entry_postli_1                      0x08000289   Thumb Code     0  __rtentry2.o(.ARM.Collect$$rtentry$$0000000C)
    __rt_exit                                0x08000291   Thumb Code     0  rtexit.o(.ARM.Collect$$rtexit$$00000000)
    __rt_exit_ls                             0x08000293   Thumb Code     0  rtexit2.o(.ARM.Collect$$rtexit$$00000003)
    __rt_exit_prels_1                        0x08000293   Thumb Code     0  rtexit2.o(.ARM.Collect$$rtexit$$00000002)
    __rt_exit_exit                           0x08000297   Thumb Code     0  rtexit2.o(.ARM.Collect$$rtexit$$00000004)
    SVC_Handler                              0x0800029d   Thumb Code    28  port.o(.emb_text)
    __asm___6_port_c_39a90d8d__prvStartFirstTask 0x080002bd   Thumb Code    36  port.o(.emb_text)
    __asm___6_port_c_39a90d8d__prvEnableVFP  0x080002e5   Thumb Code    16  port.o(.emb_text)
    PendSV_Handler                           0x080002f9   Thumb Code    88  port.o(.emb_text)
    vPortGetIPSR                             0x08000355   Thumb Code     6  port.o(.emb_text)
    Reset_Handler                            0x0800035d   Thumb Code    18  startup_stm32f407xx.o(.text)
    CAN1_RX0_IRQHandler                      0x08000381   Thumb Code     0  startup_stm32f407xx.o(.text)
    CAN1_RX1_IRQHandler                      0x08000381   Thumb Code     0  startup_stm32f407xx.o(.text)
    CAN1_SCE_IRQHandler                      0x08000381   Thumb Code     0  startup_stm32f407xx.o(.text)
    CAN1_TX_IRQHandler                       0x08000381   Thumb Code     0  startup_stm32f407xx.o(.text)
    CAN2_RX0_IRQHandler                      0x08000381   Thumb Code     0  startup_stm32f407xx.o(.text)
    CAN2_RX1_IRQHandler                      0x08000381   Thumb Code     0  startup_stm32f407xx.o(.text)
    CAN2_SCE_IRQHandler                      0x08000381   Thumb Code     0  startup_stm32f407xx.o(.text)
    CAN2_TX_IRQHandler                       0x08000381   Thumb Code     0  startup_stm32f407xx.o(.text)
    DCMI_IRQHandler                          0x08000381   Thumb Code     0  startup_stm32f407xx.o(.text)
    DMA1_Stream0_IRQHandler                  0x08000381   Thumb Code     0  startup_stm32f407xx.o(.text)
    DMA1_Stream1_IRQHandler                  0x08000381   Thumb Code     0  startup_stm32f407xx.o(.text)
    DMA1_Stream2_IRQHandler                  0x08000381   Thumb Code     0  startup_stm32f407xx.o(.text)
    DMA1_Stream3_IRQHandler                  0x08000381   Thumb Code     0  startup_stm32f407xx.o(.text)
    DMA1_Stream4_IRQHandler                  0x08000381   Thumb Code     0  startup_stm32f407xx.o(.text)
    DMA1_Stream5_IRQHandler                  0x08000381   Thumb Code     0  startup_stm32f407xx.o(.text)
    DMA1_Stream6_IRQHandler                  0x08000381   Thumb Code     0  startup_stm32f407xx.o(.text)
    DMA1_Stream7_IRQHandler                  0x08000381   Thumb Code     0  startup_stm32f407xx.o(.text)
    DMA2_Stream1_IRQHandler                  0x08000381   Thumb Code     0  startup_stm32f407xx.o(.text)
    DMA2_Stream2_IRQHandler                  0x08000381   Thumb Code     0  startup_stm32f407xx.o(.text)
    DMA2_Stream3_IRQHandler                  0x08000381   Thumb Code     0  startup_stm32f407xx.o(.text)
    DMA2_Stream4_IRQHandler                  0x08000381   Thumb Code     0  startup_stm32f407xx.o(.text)
    DMA2_Stream5_IRQHandler                  0x08000381   Thumb Code     0  startup_stm32f407xx.o(.text)
    DMA2_Stream6_IRQHandler                  0x08000381   Thumb Code     0  startup_stm32f407xx.o(.text)
    DMA2_Stream7_IRQHandler                  0x08000381   Thumb Code     0  startup_stm32f407xx.o(.text)
    ETH_IRQHandler                           0x08000381   Thumb Code     0  startup_stm32f407xx.o(.text)
    ETH_WKUP_IRQHandler                      0x08000381   Thumb Code     0  startup_stm32f407xx.o(.text)
    EXTI0_IRQHandler                         0x08000381   Thumb Code     0  startup_stm32f407xx.o(.text)
    EXTI15_10_IRQHandler                     0x08000381   Thumb Code     0  startup_stm32f407xx.o(.text)
    EXTI1_IRQHandler                         0x08000381   Thumb Code     0  startup_stm32f407xx.o(.text)
    EXTI2_IRQHandler                         0x08000381   Thumb Code     0  startup_stm32f407xx.o(.text)
    EXTI3_IRQHandler                         0x08000381   Thumb Code     0  startup_stm32f407xx.o(.text)
    EXTI4_IRQHandler                         0x08000381   Thumb Code     0  startup_stm32f407xx.o(.text)
    EXTI9_5_IRQHandler                       0x08000381   Thumb Code     0  startup_stm32f407xx.o(.text)
    FLASH_IRQHandler                         0x08000381   Thumb Code     0  startup_stm32f407xx.o(.text)
    FMC_IRQHandler                           0x08000381   Thumb Code     0  startup_stm32f407xx.o(.text)
    FPU_IRQHandler                           0x08000381   Thumb Code     0  startup_stm32f407xx.o(.text)
    HASH_RNG_IRQHandler                      0x08000381   Thumb Code     0  startup_stm32f407xx.o(.text)
    I2C1_ER_IRQHandler                       0x08000381   Thumb Code     0  startup_stm32f407xx.o(.text)
    I2C1_EV_IRQHandler                       0x08000381   Thumb Code     0  startup_stm32f407xx.o(.text)
    I2C2_ER_IRQHandler                       0x08000381   Thumb Code     0  startup_stm32f407xx.o(.text)
    I2C2_EV_IRQHandler                       0x08000381   Thumb Code     0  startup_stm32f407xx.o(.text)
    I2C3_ER_IRQHandler                       0x08000381   Thumb Code     0  startup_stm32f407xx.o(.text)
    I2C3_EV_IRQHandler                       0x08000381   Thumb Code     0  startup_stm32f407xx.o(.text)
    OTG_FS_IRQHandler                        0x08000381   Thumb Code     0  startup_stm32f407xx.o(.text)
    OTG_FS_WKUP_IRQHandler                   0x08000381   Thumb Code     0  startup_stm32f407xx.o(.text)
    OTG_HS_EP1_IN_IRQHandler                 0x08000381   Thumb Code     0  startup_stm32f407xx.o(.text)
    OTG_HS_EP1_OUT_IRQHandler                0x08000381   Thumb Code     0  startup_stm32f407xx.o(.text)
    OTG_HS_IRQHandler                        0x08000381   Thumb Code     0  startup_stm32f407xx.o(.text)
    OTG_HS_WKUP_IRQHandler                   0x08000381   Thumb Code     0  startup_stm32f407xx.o(.text)
    PVD_IRQHandler                           0x08000381   Thumb Code     0  startup_stm32f407xx.o(.text)
    RCC_IRQHandler                           0x08000381   Thumb Code     0  startup_stm32f407xx.o(.text)
    RTC_Alarm_IRQHandler                     0x08000381   Thumb Code     0  startup_stm32f407xx.o(.text)
    RTC_WKUP_IRQHandler                      0x08000381   Thumb Code     0  startup_stm32f407xx.o(.text)
    SDIO_IRQHandler                          0x08000381   Thumb Code     0  startup_stm32f407xx.o(.text)
    SPI1_IRQHandler                          0x08000381   Thumb Code     0  startup_stm32f407xx.o(.text)
    SPI2_IRQHandler                          0x08000381   Thumb Code     0  startup_stm32f407xx.o(.text)
    SPI3_IRQHandler                          0x08000381   Thumb Code     0  startup_stm32f407xx.o(.text)
    TAMP_STAMP_IRQHandler                    0x08000381   Thumb Code     0  startup_stm32f407xx.o(.text)
    TIM1_BRK_TIM9_IRQHandler                 0x08000381   Thumb Code     0  startup_stm32f407xx.o(.text)
    TIM1_CC_IRQHandler                       0x08000381   Thumb Code     0  startup_stm32f407xx.o(.text)
    TIM1_TRG_COM_TIM11_IRQHandler            0x08000381   Thumb Code     0  startup_stm32f407xx.o(.text)
    TIM1_UP_TIM10_IRQHandler                 0x08000381   Thumb Code     0  startup_stm32f407xx.o(.text)
    TIM3_IRQHandler                          0x08000381   Thumb Code     0  startup_stm32f407xx.o(.text)
    TIM4_IRQHandler                          0x08000381   Thumb Code     0  startup_stm32f407xx.o(.text)
    TIM6_DAC_IRQHandler                      0x08000381   Thumb Code     0  startup_stm32f407xx.o(.text)
    TIM8_BRK_TIM12_IRQHandler                0x08000381   Thumb Code     0  startup_stm32f407xx.o(.text)
    TIM8_CC_IRQHandler                       0x08000381   Thumb Code     0  startup_stm32f407xx.o(.text)
    TIM8_TRG_COM_TIM14_IRQHandler            0x08000381   Thumb Code     0  startup_stm32f407xx.o(.text)
    TIM8_UP_TIM13_IRQHandler                 0x08000381   Thumb Code     0  startup_stm32f407xx.o(.text)
    UART5_IRQHandler                         0x08000381   Thumb Code     0  startup_stm32f407xx.o(.text)
    USART1_IRQHandler                        0x08000381   Thumb Code     0  startup_stm32f407xx.o(.text)
    USART2_IRQHandler                        0x08000381   Thumb Code     0  startup_stm32f407xx.o(.text)
    USART3_IRQHandler                        0x08000381   Thumb Code     0  startup_stm32f407xx.o(.text)
    USART6_IRQHandler                        0x08000381   Thumb Code     0  startup_stm32f407xx.o(.text)
    WWDG_IRQHandler                          0x08000381   Thumb Code     0  startup_stm32f407xx.o(.text)
    __user_initial_stackheap                 0x08000385   Thumb Code     0  startup_stm32f407xx.o(.text)
    __use_no_semihosting                     0x080003a9   Thumb Code     2  use_no_semi_2.o(.text)
    __aeabi_uldivmod                         0x080003ab   Thumb Code     0  lludivv7m.o(.text)
    _ll_udiv                                 0x080003ab   Thumb Code   238  lludivv7m.o(.text)
    __2printf                                0x08000499   Thumb Code    20  noretval__2printf.o(.text)
    _printf_str                              0x080004b1   Thumb Code    82  _printf_str.o(.text)
    _printf_int_dec                          0x08000505   Thumb Code   104  _printf_dec.o(.text)
    _printf_longlong_dec                     0x0800057d   Thumb Code   108  _printf_longlong_dec.o(.text)
    __printf                                 0x080005f9   Thumb Code   352  __printf_ss_wp.o(.text)
    __aeabi_memcpy                           0x08000759   Thumb Code     0  rt_memcpy_v6.o(.text)
    __rt_memcpy                              0x08000759   Thumb Code   138  rt_memcpy_v6.o(.text)
    _memcpy_lastbytes                        0x080007bf   Thumb Code     0  rt_memcpy_v6.o(.text)
    __aeabi_memset                           0x080007e3   Thumb Code    16  aeabi_memset.o(.text)
    __aeabi_memclr4                          0x080007f3   Thumb Code     0  rt_memclr_w.o(.text)
    __aeabi_memclr8                          0x080007f3   Thumb Code     0  rt_memclr_w.o(.text)
    __rt_memclr_w                            0x080007f3   Thumb Code    78  rt_memclr_w.o(.text)
    _memset_w                                0x080007f7   Thumb Code     0  rt_memclr_w.o(.text)
    __use_two_region_memory                  0x08000841   Thumb Code     2  heapauxi.o(.text)
    __rt_heap_escrow$2region                 0x08000843   Thumb Code     2  heapauxi.o(.text)
    __rt_heap_expand$2region                 0x08000845   Thumb Code     2  heapauxi.o(.text)
    __semihosting$guard                      0x08000847   Thumb Code     0  use_no_semi.o(.text)
    __use_no_semihosting_swi                 0x08000847   Thumb Code     2  use_no_semi.o(.text)
    _ll_udiv10                               0x08000849   Thumb Code   138  lludiv10.o(.text)
    _printf_int_common                       0x080008d3   Thumb Code   178  _printf_intcommon.o(.text)
    __lib_sel_fp_printf                      0x08000985   Thumb Code     2  _printf_fp_dec.o(.text)
    _printf_fp_dec_real                      0x08000b37   Thumb Code   620  _printf_fp_dec.o(.text)
    _printf_char_common                      0x08000daf   Thumb Code    32  _printf_char_common.o(.text)
    _printf_cs_common                        0x08000dd5   Thumb Code    20  _printf_char.o(.text)
    _printf_char                             0x08000de9   Thumb Code    16  _printf_char.o(.text)
    _printf_string                           0x08000df9   Thumb Code     8  _printf_char.o(.text)
    _printf_char_file                        0x08000e01   Thumb Code    32  _printf_char_file.o(.text)
    __aeabi_memcpy4                          0x08000e25   Thumb Code     0  rt_memcpy_w.o(.text)
    __aeabi_memcpy8                          0x08000e25   Thumb Code     0  rt_memcpy_w.o(.text)
    __rt_memcpy_w                            0x08000e25   Thumb Code   100  rt_memcpy_w.o(.text)
    _memcpy_lastbytes_aligned                0x08000e6d   Thumb Code     0  rt_memcpy_w.o(.text)
    __aeabi_memclr                           0x08000e89   Thumb Code     0  rt_memclr.o(.text)
    __rt_memclr                              0x08000e89   Thumb Code    68  rt_memclr.o(.text)
    _memset                                  0x08000e8d   Thumb Code     0  rt_memclr.o(.text)
    __rt_locale                              0x08000ecd   Thumb Code     8  rt_locale_intlibspace.o(.text)
    _printf_fp_infnan                        0x08000ed5   Thumb Code   112  _printf_fp_infnan.o(.text)
    _btod_etento                             0x08000f55   Thumb Code   224  bigflt0.o(.text)
    ferror                                   0x08001039   Thumb Code     8  ferror.o(.text)
    __user_libspace                          0x08001041   Thumb Code     8  libspace.o(.text)
    __user_perproc_libspace                  0x08001041   Thumb Code     0  libspace.o(.text)
    __user_perthread_libspace                0x08001041   Thumb Code     0  libspace.o(.text)
    __user_setup_stackheap                   0x08001049   Thumb Code    74  sys_stackheap_outer.o(.text)
    exit                                     0x08001093   Thumb Code    18  exit.o(.text)
    strcmp                                   0x080010a5   Thumb Code   128  strcmpv7m.o(.text)
    _btod_d2e                                0x08001125   Thumb Code    62  btod.o(CL$$btod_d2e)
    _d2e_denorm_low                          0x08001163   Thumb Code    70  btod.o(CL$$btod_d2e_denorm_low)
    _d2e_norm_op1                            0x080011a9   Thumb Code    96  btod.o(CL$$btod_d2e_norm_op1)
    __btod_div_common                        0x08001209   Thumb Code   696  btod.o(CL$$btod_div_common)
    _e2e                                     0x08001541   Thumb Code   220  btod.o(CL$$btod_e2e)
    _btod_ediv                               0x0800161d   Thumb Code    42  btod.o(CL$$btod_ediv)
    _btod_emul                               0x08001647   Thumb Code    42  btod.o(CL$$btod_emul)
    __btod_mult_common                       0x08001671   Thumb Code   580  btod.o(CL$$btod_mult_common)
    ADC_IRQHandler                           0x0800195d   Thumb Code    10  stm32f4xx_it.o(i.ADC_IRQHandler)
    BusFault_Handler                         0x08001acd   Thumb Code     4  stm32f4xx_it.o(i.BusFault_Handler)
    CurrentLoop_Update                       0x08001b61   Thumb Code   408  bsp_pwm.o(i.CurrentLoop_Update)
    DMA2_Stream0_IRQHandler                  0x08001d2d   Thumb Code    10  stm32f4xx_it.o(i.DMA2_Stream0_IRQHandler)
    DebugMon_Handler                         0x08001e47   Thumb Code     2  stm32f4xx_it.o(i.DebugMon_Handler)
    ENCODER_TIMx_Init                        0x08001e49   Thumb Code   174  bsp_encoder.o(i.ENCODER_TIMx_Init)
    FSMC_NORSRAM_Extended_Timing_Init        0x08001f01   Thumb Code    62  stm32f4xx_ll_fsmc.o(i.FSMC_NORSRAM_Extended_Timing_Init)
    FSMC_NORSRAM_Init                        0x08001f45   Thumb Code   116  stm32f4xx_ll_fsmc.o(i.FSMC_NORSRAM_Init)
    FSMC_NORSRAM_Timing_Init                 0x08001fbd   Thumb Code    66  stm32f4xx_ll_fsmc.o(i.FSMC_NORSRAM_Timing_Init)
    HAL_ADCEx_InjectedConvCpltCallback       0x08001fff   Thumb Code     2  stm32f4xx_hal_adc_ex.o(i.HAL_ADCEx_InjectedConvCpltCallback)
    HAL_ADC_ConfigChannel                    0x08002001   Thumb Code   380  stm32f4xx_hal_adc.o(i.HAL_ADC_ConfigChannel)
    HAL_ADC_ConvCpltCallback                 0x0800218d   Thumb Code   206  bsp_ina240.o(i.HAL_ADC_ConvCpltCallback)
    HAL_ADC_ConvHalfCpltCallback             0x08002289   Thumb Code     2  stm32f4xx_hal_adc.o(i.HAL_ADC_ConvHalfCpltCallback)
    HAL_ADC_ErrorCallback                    0x0800228b   Thumb Code     2  stm32f4xx_hal_adc.o(i.HAL_ADC_ErrorCallback)
    HAL_ADC_IRQHandler                       0x0800228d   Thumb Code   354  stm32f4xx_hal_adc.o(i.HAL_ADC_IRQHandler)
    HAL_ADC_Init                             0x080023f1   Thumb Code   100  stm32f4xx_hal_adc.o(i.HAL_ADC_Init)
    HAL_ADC_LevelOutOfWindowCallback         0x08002459   Thumb Code     2  stm32f4xx_hal_adc.o(i.HAL_ADC_LevelOutOfWindowCallback)
    HAL_ADC_MspInit                          0x0800245b   Thumb Code     2  stm32f4xx_hal_adc.o(i.HAL_ADC_MspInit)
    HAL_ADC_Start_DMA                        0x0800245d   Thumb Code   398  stm32f4xx_hal_adc.o(i.HAL_ADC_Start_DMA)
    HAL_DMA_Abort                            0x08002611   Thumb Code   172  stm32f4xx_hal_dma.o(i.HAL_DMA_Abort)
    HAL_DMA_Abort_IT                         0x080026bd   Thumb Code    40  stm32f4xx_hal_dma.o(i.HAL_DMA_Abort_IT)
    HAL_DMA_IRQHandler                       0x080026e5   Thumb Code   570  stm32f4xx_hal_dma.o(i.HAL_DMA_IRQHandler)
    HAL_DMA_Init                             0x08002925   Thumb Code   232  stm32f4xx_hal_dma.o(i.HAL_DMA_Init)
    HAL_DMA_Start_IT                         0x08002a11   Thumb Code   146  stm32f4xx_hal_dma.o(i.HAL_DMA_Start_IT)
    HAL_Delay                                0x08002aa5   Thumb Code    36  stm32f4xx_hal.o(i.HAL_Delay)
    HAL_GPIO_Init                            0x08002acd   Thumb Code   454  stm32f4xx_hal_gpio.o(i.HAL_GPIO_Init)
    HAL_GPIO_ReadPin                         0x08002cc1   Thumb Code    16  stm32f4xx_hal_gpio.o(i.HAL_GPIO_ReadPin)
    HAL_GetREVID                             0x08002cd1   Thumb Code     8  stm32f4xx_hal.o(i.HAL_GetREVID)
    HAL_GetTick                              0x08002cdd   Thumb Code     6  stm32f4xx_hal.o(i.HAL_GetTick)
    HAL_IncTick                              0x08002ce9   Thumb Code    16  stm32f4xx_hal.o(i.HAL_IncTick)
    HAL_Init                                 0x08002d01   Thumb Code    44  stm32f4xx_hal.o(i.HAL_Init)
    HAL_InitTick                             0x08002d31   Thumb Code    64  stm32f4xx_hal.o(i.HAL_InitTick)
    HAL_MspInit                              0x08002d7d   Thumb Code     2  stm32f4xx_hal.o(i.HAL_MspInit)
    HAL_NVIC_EnableIRQ                       0x08002d7f   Thumb Code    32  stm32f4xx_hal_cortex.o(i.HAL_NVIC_EnableIRQ)
    HAL_NVIC_SetPriority                     0x08002d9f   Thumb Code   124  stm32f4xx_hal_cortex.o(i.HAL_NVIC_SetPriority)
    HAL_NVIC_SetPriorityGrouping             0x08002e1d   Thumb Code    32  stm32f4xx_hal_cortex.o(i.HAL_NVIC_SetPriorityGrouping)
    HAL_RCC_ClockConfig                      0x08002e45   Thumb Code   368  stm32f4xx_hal_rcc.o(i.HAL_RCC_ClockConfig)
    HAL_RCC_GetHCLKFreq                      0x08002fc9   Thumb Code     6  stm32f4xx_hal_rcc.o(i.HAL_RCC_GetHCLKFreq)
    HAL_RCC_GetPCLK1Freq                     0x08002fd5   Thumb Code    22  stm32f4xx_hal_rcc.o(i.HAL_RCC_GetPCLK1Freq)
    HAL_RCC_GetPCLK2Freq                     0x08002ff5   Thumb Code    22  stm32f4xx_hal_rcc.o(i.HAL_RCC_GetPCLK2Freq)
    HAL_RCC_GetSysClockFreq                  0x08003015   Thumb Code   162  stm32f4xx_hal_rcc.o(i.HAL_RCC_GetSysClockFreq)
    HAL_RCC_OscConfig                        0x080030c5   Thumb Code  1172  stm32f4xx_hal_rcc.o(i.HAL_RCC_OscConfig)
    HAL_SRAM_Init                            0x08003561   Thumb Code    94  stm32f4xx_hal_sram.o(i.HAL_SRAM_Init)
    HAL_SRAM_MspInit                         0x080035c1   Thumb Code   152  lcd.o(i.HAL_SRAM_MspInit)
    HAL_SYSTICK_CLKSourceConfig              0x08003665   Thumb Code    40  stm32f4xx_hal_cortex.o(i.HAL_SYSTICK_CLKSourceConfig)
    HAL_SYSTICK_Config                       0x0800368d   Thumb Code    52  stm32f4xx_hal_cortex.o(i.HAL_SYSTICK_Config)
    HAL_TIMEx_BreakCallback                  0x080036c1   Thumb Code     2  stm32f4xx_hal_tim_ex.o(i.HAL_TIMEx_BreakCallback)
    HAL_TIMEx_CommutCallback                 0x080036c3   Thumb Code     2  stm32f4xx_hal_tim_ex.o(i.HAL_TIMEx_CommutCallback)
    HAL_TIM_Base_Init                        0x080036c5   Thumb Code   102  stm32f4xx_hal_tim.o(i.HAL_TIM_Base_Init)
    HAL_TIM_Base_MspInit                     0x0800372b   Thumb Code     2  stm32f4xx_hal_tim.o(i.HAL_TIM_Base_MspInit)
    HAL_TIM_Base_Start_IT                    0x0800372d   Thumb Code   138  stm32f4xx_hal_tim.o(i.HAL_TIM_Base_Start_IT)
    HAL_TIM_Encoder_Init                     0x080037d5   Thumb Code   200  stm32f4xx_hal_tim.o(i.HAL_TIM_Encoder_Init)
    HAL_TIM_Encoder_MspInit                  0x0800389d   Thumb Code   126  bsp_encoder.o(i.HAL_TIM_Encoder_MspInit)
    HAL_TIM_Encoder_Start                    0x08003929   Thumb Code   204  stm32f4xx_hal_tim.o(i.HAL_TIM_Encoder_Start)
    HAL_TIM_IC_CaptureCallback               0x080039f5   Thumb Code     2  stm32f4xx_hal_tim.o(i.HAL_TIM_IC_CaptureCallback)
    HAL_TIM_IRQHandler                       0x080039f7   Thumb Code   406  stm32f4xx_hal_tim.o(i.HAL_TIM_IRQHandler)
    HAL_TIM_OC_ConfigChannel                 0x08003b8d   Thumb Code   112  stm32f4xx_hal_tim.o(i.HAL_TIM_OC_ConfigChannel)
    HAL_TIM_OC_DelayElapsedCallback          0x08003bfd   Thumb Code     2  stm32f4xx_hal_tim.o(i.HAL_TIM_OC_DelayElapsedCallback)
    HAL_TIM_OC_Start                         0x08003c01   Thumb Code   238  stm32f4xx_hal_tim.o(i.HAL_TIM_OC_Start)
    HAL_TIM_PWM_ConfigChannel                0x08003d0d   Thumb Code   260  stm32f4xx_hal_tim.o(i.HAL_TIM_PWM_ConfigChannel)
    HAL_TIM_PWM_Init                         0x08003e11   Thumb Code   102  stm32f4xx_hal_tim.o(i.HAL_TIM_PWM_Init)
    HAL_TIM_PWM_MspInit                      0x08003e77   Thumb Code     2  stm32f4xx_hal_tim.o(i.HAL_TIM_PWM_MspInit)
    HAL_TIM_PWM_PulseFinishedCallback        0x08003e79   Thumb Code     2  stm32f4xx_hal_tim.o(i.HAL_TIM_PWM_PulseFinishedCallback)
    HAL_TIM_PWM_Start                        0x08003e7d   Thumb Code   238  stm32f4xx_hal_tim.o(i.HAL_TIM_PWM_Start)
    HAL_TIM_PeriodElapsedCallback            0x08003f89   Thumb Code    94  btim.o(i.HAL_TIM_PeriodElapsedCallback)
    HAL_TIM_TriggerCallback                  0x08003ffd   Thumb Code     2  stm32f4xx_hal_tim.o(i.HAL_TIM_TriggerCallback)
    HAL_UARTEx_RxEventCallback               0x08003fff   Thumb Code     2  stm32f4xx_hal_uart.o(i.HAL_UARTEx_RxEventCallback)
    HAL_UART_ErrorCallback                   0x08004001   Thumb Code     2  stm32f4xx_hal_uart.o(i.HAL_UART_ErrorCallback)
    HAL_UART_IRQHandler                      0x08004005   Thumb Code   586  stm32f4xx_hal_uart.o(i.HAL_UART_IRQHandler)
    HAL_UART_Init                            0x08004255   Thumb Code   114  stm32f4xx_hal_uart.o(i.HAL_UART_Init)
    HAL_UART_MspInit                         0x080042c9   Thumb Code   190  usart.o(i.HAL_UART_MspInit)
    HAL_UART_Receive_IT                      0x08004395   Thumb Code    66  stm32f4xx_hal_uart.o(i.HAL_UART_Receive_IT)
    HAL_UART_RxCpltCallback                  0x080043d9   Thumb Code   134  usart.o(i.HAL_UART_RxCpltCallback)
    HAL_UART_TxCpltCallback                  0x08004475   Thumb Code     2  stm32f4xx_hal_uart.o(i.HAL_UART_TxCpltCallback)
    HardFault_Handler                        0x08004477   Thumb Code     4  stm32f4xx_it.o(i.HardFault_Handler)
    INA240_ADC_Init                          0x0800447d   Thumb Code   318  bsp_ina240.o(i.INA240_ADC_Init)
    MeasureCurrent                           0x080045d9   Thumb Code   174  freertos_demo.o(i.MeasureCurrent)
    MemManage_Handler                        0x080046cd   Thumb Code     4  stm32f4xx_it.o(i.MemManage_Handler)
    NMI_Handler                              0x080046d1   Thumb Code     2  stm32f4xx_it.o(i.NMI_Handler)
    PWM_Output_A                             0x080046d5   Thumb Code   122  btim.o(i.PWM_Output_A)
    PWM_Output_B                             0x08004755   Thumb Code   122  btim.o(i.PWM_Output_B)
    StepMotor_PrintPinState                  0x080048b5   Thumb Code    70  freertos_demo.o(i.StepMotor_PrintPinState)
    StepMotor_Step                           0x08004931   Thumb Code   110  bsp_motor.o(i.StepMotor_Step)
    SysTick_Handler                          0x080049b9   Thumb Code    20  delay.o(i.SysTick_Handler)
    SystemInit                               0x080049cd   Thumb Code    14  system_stm32f4xx.o(i.SystemInit)
    TIM2_IRQHandler                          0x080049e1   Thumb Code    10  bsp_encoder.o(i.TIM2_IRQHandler)
    TIM3_PWM_Init                            0x080049f1   Thumb Code   196  btim.o(i.TIM3_PWM_Init)
    TIM5_IRQHandler                          0x08004ac5   Thumb Code    10  btim.o(i.TIM5_IRQHandler)
    TIM7_IRQHandler                          0x08004ad5   Thumb Code    42  btim.o(i.TIM7_IRQHandler)
    TIM_Base_SetConfig                       0x08004b05   Thumb Code   170  stm32f4xx_hal_tim.o(i.TIM_Base_SetConfig)
    TIM_CCxChannelCmd                        0x08004bdd   Thumb Code    34  stm32f4xx_hal_tim.o(i.TIM_CCxChannelCmd)
    TIM_OC2_SetConfig                        0x08004c71   Thumb Code   114  stm32f4xx_hal_tim.o(i.TIM_OC2_SetConfig)
    TIM_PWM_Init                             0x08004db9   Thumb Code   256  btim.o(i.TIM_PWM_Init)
    TIM_PWM_SetDuty                          0x08004ec9   Thumb Code    36  btim.o(i.TIM_PWM_SetDuty)
    TIM_Step_Enable                          0x08004eed   Thumb Code    18  btim.o(i.TIM_Step_Enable)
    TIM_Step_Init                            0x08004f05   Thumb Code    80  btim.o(i.TIM_Step_Init)
    UART4_IRQHandler                         0x08004f61   Thumb Code    10  usart.o(i.UART4_IRQHandler)
    UART_Start_Receive_IT                    0x080052c5   Thumb Code    70  stm32f4xx_hal_uart.o(i.UART_Start_Receive_IT)
    UsageFault_Handler                       0x0800536b   Thumb Code     4  stm32f4xx_it.o(i.UsageFault_Handler)
    XmRamInit                                0x0800536f   Thumb Code    48  xmram.o(i.XmRamInit)
    __ARM_fpclassify                         0x0800539f   Thumb Code    48  fpclassify.o(i.__ARM_fpclassify)
    _is_digit                                0x08005409   Thumb Code    14  __printf_wp.o(i._is_digit)
    _sys_exit                                0x08005417   Thumb Code     4  usart.o(i._sys_exit)
    delay_init                               0x080054ed   Thumb Code    52  delay.o(i.delay_init)
    fputc                                    0x08005525   Thumb Code    24  usart.o(i.fputc)
    freertos_demo                            0x08005541   Thumb Code    28  freertos_demo.o(i.freertos_demo)
    main                                     0x08005571   Thumb Code   136  main.o(i.main)
    my_mem_init                              0x080055fd   Thumb Code    54  malloc.o(i.my_mem_init)
    my_mem_perused                           0x08005641   Thumb Code    56  malloc.o(i.my_mem_perused)
    mymemset                                 0x08005681   Thumb Code    20  malloc.o(i.mymemset)
    pvPortMalloc                             0x080061d5   Thumb Code   306  heap_4.o(i.pvPortMalloc)
    pxPortInitialiseStack                    0x08006369   Thumb Code    38  port.o(i.pxPortInitialiseStack)
    sram_init                                0x08006395   Thumb Code   470  sram.o(i.sram_init)
    start_task                               0x080068ed   Thumb Code    82  freertos_demo.o(i.start_task)
    sys_stm32_clock_init                     0x08006975   Thumb Code   192  sys.o(i.sys_stm32_clock_init)
    task1                                    0x08006a41   Thumb Code    10  freertos_demo.o(i.task1)
    task2                                    0x08006a4d   Thumb Code   194  freertos_demo.o(i.task2)
    task3                                    0x08006b69   Thumb Code     8  freertos_demo.o(i.task3)
    usart_init                               0x08006b75   Thumb Code    44  usart.o(i.usart_init)
    uxListRemove                             0x08006bad   Thumb Code    40  list.o(i.uxListRemove)
    vListInitialise                          0x08006bd5   Thumb Code    26  list.o(i.vListInitialise)
    vListInitialiseItem                      0x08006bef   Thumb Code     6  list.o(i.vListInitialiseItem)
    vListInsert                              0x08006bf5   Thumb Code    52  list.o(i.vListInsert)
    vListInsertEnd                           0x08006c29   Thumb Code    24  list.o(i.vListInsertEnd)
    vPortEnterCritical                       0x08006c41   Thumb Code    68  port.o(i.vPortEnterCritical)
    vPortExitCritical                        0x08006cd9   Thumb Code    48  port.o(i.vPortExitCritical)
    vPortFree                                0x08006d59   Thumb Code   130  heap_4.o(i.vPortFree)
    vPortSetupTimerInterrupt                 0x08006e31   Thumb Code    36  port.o(i.vPortSetupTimerInterrupt)
    vQueueAddToRegistry                      0x08006e59   Thumb Code    84  queue.o(i.vQueueAddToRegistry)
    vQueueWaitForMessageRestricted           0x08006ee5   Thumb Code    74  queue.o(i.vQueueWaitForMessageRestricted)
    vTaskDelay                               0x08006f31   Thumb Code    72  tasks.o(i.vTaskDelay)
    vTaskDelete                              0x08006fb5   Thumb Code   200  tasks.o(i.vTaskDelete)
    vTaskInternalSetTimeOutState             0x080070d9   Thumb Code    14  tasks.o(i.vTaskInternalSetTimeOutState)
    vTaskMissedYield                         0x080070f1   Thumb Code     8  tasks.o(i.vTaskMissedYield)
    vTaskPlaceOnEventList                    0x080070fd   Thumb Code    42  tasks.o(i.vTaskPlaceOnEventList)
    vTaskPlaceOnEventListRestricted          0x08007161   Thumb Code    84  tasks.o(i.vTaskPlaceOnEventListRestricted)
    vTaskStartScheduler                      0x080071ed   Thumb Code   112  tasks.o(i.vTaskStartScheduler)
    vTaskSuspendAll                          0x080072b1   Thumb Code    12  tasks.o(i.vTaskSuspendAll)
    vTaskSwitchContext                       0x080072c1   Thumb Code   110  tasks.o(i.vTaskSwitchContext)
    xPortStartScheduler                      0x08007379   Thumb Code   322  port.o(i.xPortStartScheduler)
    xPortSysTickHandler                      0x08007525   Thumb Code    46  port.o(i.xPortSysTickHandler)
    xQueueGenericCreate                      0x08007559   Thumb Code    92  queue.o(i.xQueueGenericCreate)
    xQueueGenericReset                       0x080075e9   Thumb Code   194  queue.o(i.xQueueGenericReset)
    xQueueReceive                            0x080076e5   Thumb Code   326  queue.o(i.xQueueReceive)
    xTaskCheckForTimeOut                     0x08007865   Thumb Code   140  tasks.o(i.xTaskCheckForTimeOut)
    xTaskCreate                              0x08007931   Thumb Code    96  tasks.o(i.xTaskCreate)
    xTaskGetSchedulerState                   0x08007991   Thumb Code    24  tasks.o(i.xTaskGetSchedulerState)
    xTaskGetTickCount                        0x080079b1   Thumb Code     6  tasks.o(i.xTaskGetTickCount)
    xTaskIncrementTick                       0x080079bd   Thumb Code   390  tasks.o(i.xTaskIncrementTick)
    xTaskPriorityDisinherit                  0x08007ba5   Thumb Code   206  tasks.o(i.xTaskPriorityDisinherit)
    xTaskRemoveFromEventList                 0x08007cb5   Thumb Code   254  tasks.o(i.xTaskRemoveFromEventList)
    xTaskResumeAll                           0x08007e01   Thumb Code   328  tasks.o(i.xTaskResumeAll)
    xTimerCreateTimerTask                    0x08007fa1   Thumb Code    56  timers.o(i.xTimerCreateTimerTask)
    _get_lc_numeric                          0x08008031   Thumb Code    44  lc_numeric_c.o(locale$$code)
    __aeabi_ddiv                             0x0800805d   Thumb Code     0  ddiv.o(x$fpl$ddiv)
    _ddiv                                    0x0800805d   Thumb Code   552  ddiv.o(x$fpl$ddiv)
    __aeabi_l2d                              0x0800830d   Thumb Code     0  dfltll_clz.o(x$fpl$dfltll)
    _ll_sto_d                                0x0800830d   Thumb Code   162  dfltll_clz.o(x$fpl$dfltll)
    __fpl_dnaninf                            0x080083af   Thumb Code   156  dnaninf.o(x$fpl$dnaninf)
    __fpl_dretinf                            0x0800844b   Thumb Code    12  dretinf.o(x$fpl$dretinf)
    __aeabi_f2d                              0x08008459   Thumb Code     0  f2d.o(x$fpl$f2d)
    _f2d                                     0x08008459   Thumb Code    86  f2d.o(x$fpl$f2d)
    __fpl_fnaninf                            0x080084af   Thumb Code   140  fnaninf.o(x$fpl$fnaninf)
    _fp_init                                 0x0800853b   Thumb Code    10  fpinit.o(x$fpl$fpinit)
    __fplib_config_fpu_vfp                   0x08008543   Thumb Code     0  fpinit.o(x$fpl$fpinit)
    __fplib_config_pureend_doubles           0x08008543   Thumb Code     0  fpinit.o(x$fpl$fpinit)
    _printf_fp_dec                           0x08008545   Thumb Code     4  printf1.o(x$fpl$printf1)
    AHBPrescTable                            0x08008548   Data          16  system_stm32f4xx.o(.constdata)
    __I$use$fp                               0x08008548   Number         0  usenofp.o(x$fpl$usenofp)
    APBPrescTable                            0x08008558   Data           8  system_stm32f4xx.o(.constdata)
    sin_tbl                                  0x08008568   Data          64  bsp_motor.o(.constdata)
    cos_tbl                                  0x080085a8   Data          64  bsp_motor.o(.constdata)
    memtblsize                               0x080085e8   Data          12  malloc.o(.constdata)
    memblksize                               0x080085f4   Data          12  malloc.o(.constdata)
    memsize                                  0x08008600   Data          12  malloc.o(.constdata)
    Region$$Table$$Base                      0x080086a0   Number         0  anon$$obj.o(Region$$Table)
    Region$$Table$$Limit                     0x080086c0   Number         0  anon$$obj.o(Region$$Table)
    mem2base                                 0x10000000   Data       61440  malloc.o(.ARM.__AT_0x10000000)
    mem2mapbase                              0x1000f000   Data        3840  malloc.o(.ARM.__AT_0x1000F000)
    SystemCoreClock                          0x20000000   Data           4  system_stm32f4xx.o(.data)
    CaptureNumber                            0x20000008   Data           8  freertos_demo.o(.data)
    current                                  0x20000010   Data           4  freertos_demo.o(.data)
    voltage                                  0x20000014   Data           4  freertos_demo.o(.data)
    step                                     0x20000018   Data           4  freertos_demo.o(.data)
    maxI                                     0x2000001c   Data           4  freertos_demo.o(.data)
    cur                                      0x20000020   Data           4  freertos_demo.o(.data)
    StartTask_Handler                        0x20000024   Data           4  freertos_demo.o(.data)
    Task1Task_Handler                        0x20000028   Data           4  freertos_demo.o(.data)
    Task2Task_Handler                        0x2000002c   Data           4  freertos_demo.o(.data)
    Task3Task_Handler                        0x20000030   Data           4  freertos_demo.o(.data)
    __stdout                                 0x20000038   Data           4  usart.o(.data)
    g_usart_rx_sta                           0x2000003c   Data           2  usart.o(.data)
    g_rx_buffer                              0x2000003e   Data           1  usart.o(.data)
    uwTick                                   0x20000040   Data           4  stm32f4xx_hal.o(.data)
    uwTickPrio                               0x20000044   Data           4  stm32f4xx_hal.o(.data)
    uwTickFreq                               0x20000048   Data           1  stm32f4xx_hal.o(.data)
    OverflowCount                            0x2000004c   Data           4  bsp_encoder.o(.data)
    step_index                               0x20000050   Data           1  bsp_motor.o(.data)
    Iref_A                                   0x20000058   Data           4  bsp_motor.o(.data)
    Iref_B                                   0x2000005c   Data           4  bsp_motor.o(.data)
    adc_buf                                  0x20000060   Data           4  bsp_ina240.o(.data)
    INA240_Current_A                         0x20000064   Data           4  bsp_ina240.o(.data)
    INA240_Current_B                         0x20000068   Data           4  bsp_ina240.o(.data)
    vout                                     0x2000006c   Data           4  bsp_ina240.o(.data)
    adc_flag                                 0x20000070   Data           1  bsp_ina240.o(.data)
    pwm_outA                                 0x2000007c   Data           4  bsp_pwm.o(.data)
    integral_A                               0x20000080   Data           4  bsp_pwm.o(.data)
    integral_B                               0x20000084   Data           4  bsp_pwm.o(.data)
    filt_A                                   0x20000088   Data           4  bsp_pwm.o(.data)
    filt_B                                   0x2000008c   Data           4  bsp_pwm.o(.data)
    uA                                       0x20000090   Data           4  bsp_pwm.o(.data)
    uB                                       0x20000094   Data           4  bsp_pwm.o(.data)
    mallco_dev                               0x20000098   Data          36  malloc.o(.data)
    pxCurrentTCB                             0x200000bc   Data           4  tasks.o(.data)
    uxTopUsedPriority                        0x200000f4   Data           4  tasks.o(.data)
    key                                      0x2000013c   Data          10  xmram.o(.data)
    g_usart_rx_buf                           0x20000148   Data         200  usart.o(.bss)
    g_uart1_handle                           0x20000210   Data          68  usart.o(.bss)
    g_sram_handler                           0x20000254   Data          80  sram.o(.bss)
    timx_handler                             0x200002a4   Data          72  btim.o(.bss)
    htim7                                    0x200002ec   Data          72  btim.o(.bss)
    htim5                                    0x20000334   Data          72  btim.o(.bss)
    htim3                                    0x2000037c   Data          72  btim.o(.bss)
    htimx_Encoder                            0x200003c4   Data          72  bsp_encoder.o(.bss)
    hadc1                                    0x2000040c   Data          72  bsp_ina240.o(.bss)
    hdma_adc1                                0x20000454   Data          96  bsp_ina240.o(.bss)
    mem1base                                 0x200004c0   Data       92160  malloc.o(.bss)
    mem1mapbase                              0x20016cc0   Data        5760  malloc.o(.bss)
    xQueueRegistry                           0x20018340   Data          64  queue.o(.bss)
    __libspace_start                         0x2001ae8c   Data          96  libspace.o(.bss)
    __temporary_stack_top$libspace           0x2001aeec   Data           0  libspace.o(.bss)
    mem3base                                 0x68000000   Data       986112  malloc.o(.ARM.__AT_0x68000000)
    mem3mapbase                              0x680f0c00   Data       61632  malloc.o(.ARM.__AT_0x680F0C00)



==============================================================================

Memory Map of the image

  Image Entry point : 0x08000189

  Load Region LR_IROM1 (Base: 0x08000000, Size: 0x00008824, Max: 0x00100000, ABSOLUTE, COMPRESSED[0x00008728])

    Execution Region ER_IROM1 (Exec base: 0x08000000, Load base: 0x08000000, Size: 0x000086dc, Max: 0x00100000, ABSOLUTE)

    Exec Addr    Load Addr    Size         Type   Attr      Idx    E Section Name        Object

    0x08000000   0x08000000   0x00000188   Data   RO            3    RESET               startup_stm32f407xx.o
    0x08000188   0x08000188   0x00000008   Code   RO         6620  * !!!main             c_w.l(__main.o)
    0x08000190   0x08000190   0x00000034   Code   RO         6880    !!!scatter          c_w.l(__scatter.o)
    0x080001c4   0x080001c4   0x0000005a   Code   RO         6878    !!dczerorl2         c_w.l(__dczerorl2.o)
    0x0800021e   0x0800021e   0x00000002   PAD
    0x08000220   0x08000220   0x0000001c   Code   RO         6882    !!handler_zi        c_w.l(__scatter_zi.o)
    0x0800023c   0x0800023c   0x00000000   Code   RO         6604    .ARM.Collect$$_printf_percent$$00000000  c_w.l(_printf_percent.o)
    0x0800023c   0x0800023c   0x00000006   Code   RO         6603    .ARM.Collect$$_printf_percent$$00000003  c_w.l(_printf_f.o)
    0x08000242   0x08000242   0x0000000a   Code   RO         6668    .ARM.Collect$$_printf_percent$$00000007  c_w.l(_printf_ll.o)
    0x0800024c   0x0800024c   0x00000006   Code   RO         6601    .ARM.Collect$$_printf_percent$$00000009  c_w.l(_printf_d.o)
    0x08000252   0x08000252   0x00000006   Code   RO         6605    .ARM.Collect$$_printf_percent$$0000000E  c_w.l(_printf_lld.o)
    0x08000258   0x08000258   0x00000006   Code   RO         6599    .ARM.Collect$$_printf_percent$$00000014  c_w.l(_printf_s.o)
    0x0800025e   0x0800025e   0x00000004   Code   RO         6667    .ARM.Collect$$_printf_percent$$00000017  c_w.l(_printf_percent_end.o)
    0x08000262   0x08000262   0x00000002   Code   RO         6760    .ARM.Collect$$libinit$$00000000  c_w.l(libinit.o)
    0x08000264   0x08000264   0x00000004   Code   RO         6761    .ARM.Collect$$libinit$$00000001  c_w.l(libinit2.o)
    0x08000268   0x08000268   0x00000000   Code   RO         6764    .ARM.Collect$$libinit$$00000004  c_w.l(libinit2.o)
    0x08000268   0x08000268   0x00000000   Code   RO         6767    .ARM.Collect$$libinit$$0000000A  c_w.l(libinit2.o)
    0x08000268   0x08000268   0x00000000   Code   RO         6769    .ARM.Collect$$libinit$$0000000C  c_w.l(libinit2.o)
    0x08000268   0x08000268   0x00000000   Code   RO         6771    .ARM.Collect$$libinit$$0000000E  c_w.l(libinit2.o)
    0x08000268   0x08000268   0x00000006   Code   RO         6772    .ARM.Collect$$libinit$$0000000F  c_w.l(libinit2.o)
    0x0800026e   0x0800026e   0x00000000   Code   RO         6774    .ARM.Collect$$libinit$$00000011  c_w.l(libinit2.o)
    0x0800026e   0x0800026e   0x00000000   Code   RO         6776    .ARM.Collect$$libinit$$00000013  c_w.l(libinit2.o)
    0x0800026e   0x0800026e   0x00000000   Code   RO         6778    .ARM.Collect$$libinit$$00000015  c_w.l(libinit2.o)
    0x0800026e   0x0800026e   0x0000000a   Code   RO         6779    .ARM.Collect$$libinit$$00000016  c_w.l(libinit2.o)
    0x08000278   0x08000278   0x00000000   Code   RO         6780    .ARM.Collect$$libinit$$00000017  c_w.l(libinit2.o)
    0x08000278   0x08000278   0x00000000   Code   RO         6782    .ARM.Collect$$libinit$$00000019  c_w.l(libinit2.o)
    0x08000278   0x08000278   0x00000000   Code   RO         6784    .ARM.Collect$$libinit$$0000001B  c_w.l(libinit2.o)
    0x08000278   0x08000278   0x00000000   Code   RO         6786    .ARM.Collect$$libinit$$0000001D  c_w.l(libinit2.o)
    0x08000278   0x08000278   0x00000000   Code   RO         6788    .ARM.Collect$$libinit$$0000001F  c_w.l(libinit2.o)
    0x08000278   0x08000278   0x00000000   Code   RO         6790    .ARM.Collect$$libinit$$00000021  c_w.l(libinit2.o)
    0x08000278   0x08000278   0x00000000   Code   RO         6792    .ARM.Collect$$libinit$$00000023  c_w.l(libinit2.o)
    0x08000278   0x08000278   0x00000000   Code   RO         6794    .ARM.Collect$$libinit$$00000025  c_w.l(libinit2.o)
    0x08000278   0x08000278   0x00000000   Code   RO         6798    .ARM.Collect$$libinit$$0000002C  c_w.l(libinit2.o)
    0x08000278   0x08000278   0x00000000   Code   RO         6800    .ARM.Collect$$libinit$$0000002E  c_w.l(libinit2.o)
    0x08000278   0x08000278   0x00000000   Code   RO         6802    .ARM.Collect$$libinit$$00000030  c_w.l(libinit2.o)
    0x08000278   0x08000278   0x00000000   Code   RO         6804    .ARM.Collect$$libinit$$00000032  c_w.l(libinit2.o)
    0x08000278   0x08000278   0x00000002   Code   RO         6805    .ARM.Collect$$libinit$$00000033  c_w.l(libinit2.o)
    0x0800027a   0x0800027a   0x00000002   Code   RO         6843    .ARM.Collect$$libshutdown$$00000000  c_w.l(libshutdown.o)
    0x0800027c   0x0800027c   0x00000000   Code   RO         6861    .ARM.Collect$$libshutdown$$00000002  c_w.l(libshutdown2.o)
    0x0800027c   0x0800027c   0x00000000   Code   RO         6863    .ARM.Collect$$libshutdown$$00000004  c_w.l(libshutdown2.o)
    0x0800027c   0x0800027c   0x00000000   Code   RO         6866    .ARM.Collect$$libshutdown$$00000007  c_w.l(libshutdown2.o)
    0x0800027c   0x0800027c   0x00000000   Code   RO         6869    .ARM.Collect$$libshutdown$$0000000A  c_w.l(libshutdown2.o)
    0x0800027c   0x0800027c   0x00000000   Code   RO         6871    .ARM.Collect$$libshutdown$$0000000C  c_w.l(libshutdown2.o)
    0x0800027c   0x0800027c   0x00000000   Code   RO         6874    .ARM.Collect$$libshutdown$$0000000F  c_w.l(libshutdown2.o)
    0x0800027c   0x0800027c   0x00000002   Code   RO         6875    .ARM.Collect$$libshutdown$$00000010  c_w.l(libshutdown2.o)
    0x0800027e   0x0800027e   0x00000000   Code   RO         6648    .ARM.Collect$$rtentry$$00000000  c_w.l(__rtentry.o)
    0x0800027e   0x0800027e   0x00000000   Code   RO         6681    .ARM.Collect$$rtentry$$00000002  c_w.l(__rtentry2.o)
    0x0800027e   0x0800027e   0x00000006   Code   RO         6693    .ARM.Collect$$rtentry$$00000004  c_w.l(__rtentry4.o)
    0x08000284   0x08000284   0x00000000   Code   RO         6683    .ARM.Collect$$rtentry$$00000009  c_w.l(__rtentry2.o)
    0x08000284   0x08000284   0x00000004   Code   RO         6684    .ARM.Collect$$rtentry$$0000000A  c_w.l(__rtentry2.o)
    0x08000288   0x08000288   0x00000000   Code   RO         6686    .ARM.Collect$$rtentry$$0000000C  c_w.l(__rtentry2.o)
    0x08000288   0x08000288   0x00000008   Code   RO         6687    .ARM.Collect$$rtentry$$0000000D  c_w.l(__rtentry2.o)
    0x08000290   0x08000290   0x00000002   Code   RO         6806    .ARM.Collect$$rtexit$$00000000  c_w.l(rtexit.o)
    0x08000292   0x08000292   0x00000000   Code   RO         6819    .ARM.Collect$$rtexit$$00000002  c_w.l(rtexit2.o)
    0x08000292   0x08000292   0x00000004   Code   RO         6820    .ARM.Collect$$rtexit$$00000003  c_w.l(rtexit2.o)
    0x08000296   0x08000296   0x00000006   Code   RO         6821    .ARM.Collect$$rtexit$$00000004  c_w.l(rtexit2.o)
    0x0800029c   0x0800029c   0x000000be   Code   RO         6362    .emb_text           port.o
    0x0800035a   0x0800035a   0x00000002   PAD
    0x0800035c   0x0800035c   0x0000004c   Code   RO            4    .text               startup_stm32f407xx.o
    0x080003a8   0x080003a8   0x00000002   Code   RO         6537    .text               c_w.l(use_no_semi_2.o)
    0x080003aa   0x080003aa   0x000000ee   Code   RO         6539    .text               c_w.l(lludivv7m.o)
    0x08000498   0x08000498   0x00000018   Code   RO         6545    .text               c_w.l(noretval__2printf.o)
    0x080004b0   0x080004b0   0x00000052   Code   RO         6551    .text               c_w.l(_printf_str.o)
    0x08000502   0x08000502   0x00000002   PAD
    0x08000504   0x08000504   0x00000078   Code   RO         6553    .text               c_w.l(_printf_dec.o)
    0x0800057c   0x0800057c   0x0000007c   Code   RO         6555    .text               c_w.l(_printf_longlong_dec.o)
    0x080005f8   0x080005f8   0x00000160   Code   RO         6593    .text               c_w.l(__printf_ss_wp.o)
    0x08000758   0x08000758   0x0000008a   Code   RO         6610    .text               c_w.l(rt_memcpy_v6.o)
    0x080007e2   0x080007e2   0x00000010   Code   RO         6614    .text               c_w.l(aeabi_memset.o)
    0x080007f2   0x080007f2   0x0000004e   Code   RO         6616    .text               c_w.l(rt_memclr_w.o)
    0x08000840   0x08000840   0x00000006   Code   RO         6618    .text               c_w.l(heapauxi.o)
    0x08000846   0x08000846   0x00000002   Code   RO         6646    .text               c_w.l(use_no_semi.o)
    0x08000848   0x08000848   0x0000008a   Code   RO         6653    .text               c_w.l(lludiv10.o)
    0x080008d2   0x080008d2   0x000000b2   Code   RO         6655    .text               c_w.l(_printf_intcommon.o)
    0x08000984   0x08000984   0x0000041e   Code   RO         6657    .text               c_w.l(_printf_fp_dec.o)
    0x08000da2   0x08000da2   0x00000002   PAD
    0x08000da4   0x08000da4   0x00000030   Code   RO         6659    .text               c_w.l(_printf_char_common.o)
    0x08000dd4   0x08000dd4   0x0000002c   Code   RO         6663    .text               c_w.l(_printf_char.o)
    0x08000e00   0x08000e00   0x00000024   Code   RO         6665    .text               c_w.l(_printf_char_file.o)
    0x08000e24   0x08000e24   0x00000064   Code   RO         6669    .text               c_w.l(rt_memcpy_w.o)
    0x08000e88   0x08000e88   0x00000044   Code   RO         6671    .text               c_w.l(rt_memclr.o)
    0x08000ecc   0x08000ecc   0x00000008   Code   RO         6700    .text               c_w.l(rt_locale_intlibspace.o)
    0x08000ed4   0x08000ed4   0x00000080   Code   RO         6702    .text               c_w.l(_printf_fp_infnan.o)
    0x08000f54   0x08000f54   0x000000e4   Code   RO         6706    .text               c_w.l(bigflt0.o)
    0x08001038   0x08001038   0x00000008   Code   RO         6731    .text               c_w.l(ferror.o)
    0x08001040   0x08001040   0x00000008   Code   RO         6742    .text               c_w.l(libspace.o)
    0x08001048   0x08001048   0x0000004a   Code   RO         6745    .text               c_w.l(sys_stackheap_outer.o)
    0x08001092   0x08001092   0x00000012   Code   RO         6747    .text               c_w.l(exit.o)
    0x080010a4   0x080010a4   0x00000080   Code   RO         6753    .text               c_w.l(strcmpv7m.o)
    0x08001124   0x08001124   0x0000003e   Code   RO         6709    CL$$btod_d2e        c_w.l(btod.o)
    0x08001162   0x08001162   0x00000046   Code   RO         6711    CL$$btod_d2e_denorm_low  c_w.l(btod.o)
    0x080011a8   0x080011a8   0x00000060   Code   RO         6710    CL$$btod_d2e_norm_op1  c_w.l(btod.o)
    0x08001208   0x08001208   0x00000338   Code   RO         6719    CL$$btod_div_common  c_w.l(btod.o)
    0x08001540   0x08001540   0x000000dc   Code   RO         6716    CL$$btod_e2e        c_w.l(btod.o)
    0x0800161c   0x0800161c   0x0000002a   Code   RO         6713    CL$$btod_ediv       c_w.l(btod.o)
    0x08001646   0x08001646   0x0000002a   Code   RO         6712    CL$$btod_emul       c_w.l(btod.o)
    0x08001670   0x08001670   0x00000244   Code   RO         6718    CL$$btod_mult_common  c_w.l(btod.o)
    0x080018b4   0x080018b4   0x0000007e   Code   RO         3814    i.ADC_DMAConvCplt   stm32f4xx_hal_adc.o
    0x08001932   0x08001932   0x0000001a   Code   RO         3815    i.ADC_DMAError      stm32f4xx_hal_adc.o
    0x0800194c   0x0800194c   0x0000000e   Code   RO         3816    i.ADC_DMAHalfConvCplt  stm32f4xx_hal_adc.o
    0x0800195a   0x0800195a   0x00000002   PAD
    0x0800195c   0x0800195c   0x00000010   Code   RO          287    i.ADC_IRQHandler    stm32f4xx_it.o
    0x0800196c   0x0800196c   0x00000160   Code   RO         3817    i.ADC_Init          stm32f4xx_hal_adc.o
    0x08001acc   0x08001acc   0x00000004   Code   RO          288    i.BusFault_Handler  stm32f4xx_it.o
    0x08001ad0   0x08001ad0   0x00000090   Code   RO         4702    i.ClampDuty         btim.o
    0x08001b60   0x08001b60   0x000001cc   Code   RO         4939    i.CurrentLoop_Update  bsp_pwm.o
    0x08001d2c   0x08001d2c   0x00000010   Code   RO          289    i.DMA2_Stream0_IRQHandler  stm32f4xx_it.o
    0x08001d3c   0x08001d3c   0x00000034   Code   RO         3299    i.DMA_CalcBaseAndBitshift  stm32f4xx_hal_dma.o
    0x08001d70   0x08001d70   0x000000aa   Code   RO         3300    i.DMA_CheckFifoParam  stm32f4xx_hal_dma.o
    0x08001e1a   0x08001e1a   0x0000002c   Code   RO         3301    i.DMA_SetConfig     stm32f4xx_hal_dma.o
    0x08001e46   0x08001e46   0x00000002   Code   RO          290    i.DebugMon_Handler  stm32f4xx_it.o
    0x08001e48   0x08001e48   0x000000b8   Code   RO         4809    i.ENCODER_TIMx_Init  bsp_encoder.o
    0x08001f00   0x08001f00   0x00000044   Code   RO         3181    i.FSMC_NORSRAM_Extended_Timing_Init  stm32f4xx_ll_fsmc.o
    0x08001f44   0x08001f44   0x00000078   Code   RO         3182    i.FSMC_NORSRAM_Init  stm32f4xx_ll_fsmc.o
    0x08001fbc   0x08001fbc   0x00000042   Code   RO         3183    i.FSMC_NORSRAM_Timing_Init  stm32f4xx_ll_fsmc.o
    0x08001ffe   0x08001ffe   0x00000002   Code   RO         3988    i.HAL_ADCEx_InjectedConvCpltCallback  stm32f4xx_hal_adc_ex.o
    0x08002000   0x08002000   0x0000018c   Code   RO         3819    i.HAL_ADC_ConfigChannel  stm32f4xx_hal_adc.o
    0x0800218c   0x0800218c   0x000000fc   Code   RO         4904    i.HAL_ADC_ConvCpltCallback  bsp_ina240.o
    0x08002288   0x08002288   0x00000002   Code   RO         3821    i.HAL_ADC_ConvHalfCpltCallback  stm32f4xx_hal_adc.o
    0x0800228a   0x0800228a   0x00000002   Code   RO         3823    i.HAL_ADC_ErrorCallback  stm32f4xx_hal_adc.o
    0x0800228c   0x0800228c   0x00000162   Code   RO         3827    i.HAL_ADC_IRQHandler  stm32f4xx_hal_adc.o
    0x080023ee   0x080023ee   0x00000002   PAD
    0x080023f0   0x080023f0   0x00000068   Code   RO         3828    i.HAL_ADC_Init      stm32f4xx_hal_adc.o
    0x08002458   0x08002458   0x00000002   Code   RO         3829    i.HAL_ADC_LevelOutOfWindowCallback  stm32f4xx_hal_adc.o
    0x0800245a   0x0800245a   0x00000002   Code   RO         3831    i.HAL_ADC_MspInit   stm32f4xx_hal_adc.o
    0x0800245c   0x0800245c   0x000001b4   Code   RO         3835    i.HAL_ADC_Start_DMA  stm32f4xx_hal_adc.o
    0x08002610   0x08002610   0x000000ac   Code   RO         3302    i.HAL_DMA_Abort     stm32f4xx_hal_dma.o
    0x080026bc   0x080026bc   0x00000028   Code   RO         3303    i.HAL_DMA_Abort_IT  stm32f4xx_hal_dma.o
    0x080026e4   0x080026e4   0x00000240   Code   RO         3307    i.HAL_DMA_IRQHandler  stm32f4xx_hal_dma.o
    0x08002924   0x08002924   0x000000ec   Code   RO         3308    i.HAL_DMA_Init      stm32f4xx_hal_dma.o
    0x08002a10   0x08002a10   0x00000092   Code   RO         3312    i.HAL_DMA_Start_IT  stm32f4xx_hal_dma.o
    0x08002aa2   0x08002aa2   0x00000002   PAD
    0x08002aa4   0x08002aa4   0x00000028   Code   RO         3635    i.HAL_Delay         stm32f4xx_hal.o
    0x08002acc   0x08002acc   0x000001f4   Code   RO          987    i.HAL_GPIO_Init     stm32f4xx_hal_gpio.o
    0x08002cc0   0x08002cc0   0x00000010   Code   RO          989    i.HAL_GPIO_ReadPin  stm32f4xx_hal_gpio.o
    0x08002cd0   0x08002cd0   0x0000000c   Code   RO         3640    i.HAL_GetREVID      stm32f4xx_hal.o
    0x08002cdc   0x08002cdc   0x0000000c   Code   RO         3641    i.HAL_GetTick       stm32f4xx_hal.o
    0x08002ce8   0x08002ce8   0x00000018   Code   RO         3647    i.HAL_IncTick       stm32f4xx_hal.o
    0x08002d00   0x08002d00   0x00000030   Code   RO         3648    i.HAL_Init          stm32f4xx_hal.o
    0x08002d30   0x08002d30   0x0000004c   Code   RO         3649    i.HAL_InitTick      stm32f4xx_hal.o
    0x08002d7c   0x08002d7c   0x00000002   Code   RO         3651    i.HAL_MspInit       stm32f4xx_hal.o
    0x08002d7e   0x08002d7e   0x00000020   Code   RO          849    i.HAL_NVIC_EnableIRQ  stm32f4xx_hal_cortex.o
    0x08002d9e   0x08002d9e   0x0000007c   Code   RO          855    i.HAL_NVIC_SetPriority  stm32f4xx_hal_cortex.o
    0x08002e1a   0x08002e1a   0x00000002   PAD
    0x08002e1c   0x08002e1c   0x00000028   Code   RO          856    i.HAL_NVIC_SetPriorityGrouping  stm32f4xx_hal_cortex.o
    0x08002e44   0x08002e44   0x00000184   Code   RO         1051    i.HAL_RCC_ClockConfig  stm32f4xx_hal_rcc.o
    0x08002fc8   0x08002fc8   0x0000000c   Code   RO         1056    i.HAL_RCC_GetHCLKFreq  stm32f4xx_hal_rcc.o
    0x08002fd4   0x08002fd4   0x00000020   Code   RO         1058    i.HAL_RCC_GetPCLK1Freq  stm32f4xx_hal_rcc.o
    0x08002ff4   0x08002ff4   0x00000020   Code   RO         1059    i.HAL_RCC_GetPCLK2Freq  stm32f4xx_hal_rcc.o
    0x08003014   0x08003014   0x000000b0   Code   RO         1060    i.HAL_RCC_GetSysClockFreq  stm32f4xx_hal_rcc.o
    0x080030c4   0x080030c4   0x0000049c   Code   RO         1063    i.HAL_RCC_OscConfig  stm32f4xx_hal_rcc.o
    0x08003560   0x08003560   0x0000005e   Code   RO         3042    i.HAL_SRAM_Init     stm32f4xx_hal_sram.o
    0x080035be   0x080035be   0x00000002   PAD
    0x080035c0   0x080035c0   0x000000a4   Code   RO         4353    i.HAL_SRAM_MspInit  lcd.o
    0x08003664   0x08003664   0x00000028   Code   RO          858    i.HAL_SYSTICK_CLKSourceConfig  stm32f4xx_hal_cortex.o
    0x0800368c   0x0800368c   0x00000034   Code   RO          860    i.HAL_SYSTICK_Config  stm32f4xx_hal_cortex.o
    0x080036c0   0x080036c0   0x00000002   Code   RO         2771    i.HAL_TIMEx_BreakCallback  stm32f4xx_hal_tim_ex.o
    0x080036c2   0x080036c2   0x00000002   Code   RO         2772    i.HAL_TIMEx_CommutCallback  stm32f4xx_hal_tim_ex.o
    0x080036c4   0x080036c4   0x00000066   Code   RO         2056    i.HAL_TIM_Base_Init  stm32f4xx_hal_tim.o
    0x0800372a   0x0800372a   0x00000002   Code   RO         2058    i.HAL_TIM_Base_MspInit  stm32f4xx_hal_tim.o
    0x0800372c   0x0800372c   0x000000a8   Code   RO         2061    i.HAL_TIM_Base_Start_IT  stm32f4xx_hal_tim.o
    0x080037d4   0x080037d4   0x000000c8   Code   RO         2077    i.HAL_TIM_Encoder_Init  stm32f4xx_hal_tim.o
    0x0800389c   0x0800389c   0x0000008c   Code   RO         4811    i.HAL_TIM_Encoder_MspInit  bsp_encoder.o
    0x08003928   0x08003928   0x000000cc   Code   RO         2080    i.HAL_TIM_Encoder_Start  stm32f4xx_hal_tim.o
    0x080039f4   0x080039f4   0x00000002   Code   RO         2090    i.HAL_TIM_IC_CaptureCallback  stm32f4xx_hal_tim.o
    0x080039f6   0x080039f6   0x00000196   Code   RO         2104    i.HAL_TIM_IRQHandler  stm32f4xx_hal_tim.o
    0x08003b8c   0x08003b8c   0x00000070   Code   RO         2105    i.HAL_TIM_OC_ConfigChannel  stm32f4xx_hal_tim.o
    0x08003bfc   0x08003bfc   0x00000002   Code   RO         2107    i.HAL_TIM_OC_DelayElapsedCallback  stm32f4xx_hal_tim.o
    0x08003bfe   0x08003bfe   0x00000002   PAD
    0x08003c00   0x08003c00   0x0000010c   Code   RO         2112    i.HAL_TIM_OC_Start  stm32f4xx_hal_tim.o
    0x08003d0c   0x08003d0c   0x00000104   Code   RO         2128    i.HAL_TIM_PWM_ConfigChannel  stm32f4xx_hal_tim.o
    0x08003e10   0x08003e10   0x00000066   Code   RO         2131    i.HAL_TIM_PWM_Init  stm32f4xx_hal_tim.o
    0x08003e76   0x08003e76   0x00000002   Code   RO         2133    i.HAL_TIM_PWM_MspInit  stm32f4xx_hal_tim.o
    0x08003e78   0x08003e78   0x00000002   Code   RO         2134    i.HAL_TIM_PWM_PulseFinishedCallback  stm32f4xx_hal_tim.o
    0x08003e7a   0x08003e7a   0x00000002   PAD
    0x08003e7c   0x08003e7c   0x0000010c   Code   RO         2136    i.HAL_TIM_PWM_Start  stm32f4xx_hal_tim.o
    0x08003f88   0x08003f88   0x00000074   Code   RO         4703    i.HAL_TIM_PeriodElapsedCallback  btim.o
    0x08003ffc   0x08003ffc   0x00000002   Code   RO         2147    i.HAL_TIM_TriggerCallback  stm32f4xx_hal_tim.o
    0x08003ffe   0x08003ffe   0x00000002   Code   RO         1657    i.HAL_UARTEx_RxEventCallback  stm32f4xx_hal_uart.o
    0x08004000   0x08004000   0x00000002   Code   RO         1671    i.HAL_UART_ErrorCallback  stm32f4xx_hal_uart.o
    0x08004002   0x08004002   0x00000002   PAD
    0x08004004   0x08004004   0x00000250   Code   RO         1674    i.HAL_UART_IRQHandler  stm32f4xx_hal_uart.o
    0x08004254   0x08004254   0x00000072   Code   RO         1675    i.HAL_UART_Init     stm32f4xx_hal_uart.o
    0x080042c6   0x080042c6   0x00000002   PAD
    0x080042c8   0x080042c8   0x000000cc   Code   RO          767    i.HAL_UART_MspInit  usart.o
    0x08004394   0x08004394   0x00000042   Code   RO         1680    i.HAL_UART_Receive_IT  stm32f4xx_hal_uart.o
    0x080043d6   0x080043d6   0x00000002   PAD
    0x080043d8   0x080043d8   0x0000009c   Code   RO          768    i.HAL_UART_RxCpltCallback  usart.o
    0x08004474   0x08004474   0x00000002   Code   RO         1686    i.HAL_UART_TxCpltCallback  stm32f4xx_hal_uart.o
    0x08004476   0x08004476   0x00000004   Code   RO          291    i.HardFault_Handler  stm32f4xx_it.o
    0x0800447a   0x0800447a   0x00000002   PAD
    0x0800447c   0x0800447c   0x0000015c   Code   RO         4905    i.INA240_ADC_Init   bsp_ina240.o
    0x080045d8   0x080045d8   0x000000f4   Code   RO          543    i.MeasureCurrent    freertos_demo.o
    0x080046cc   0x080046cc   0x00000004   Code   RO          292    i.MemManage_Handler  stm32f4xx_it.o
    0x080046d0   0x080046d0   0x00000002   Code   RO          293    i.NMI_Handler       stm32f4xx_it.o
    0x080046d2   0x080046d2   0x00000002   PAD
    0x080046d4   0x080046d4   0x00000080   Code   RO         4704    i.PWM_Output_A      btim.o
    0x08004754   0x08004754   0x00000080   Code   RO         4705    i.PWM_Output_B      btim.o
    0x080047d4   0x080047d4   0x000000de   Code   RO         6450    i.SRAM_GPIO_Set     XMRAM.lib(xmram.o)
    0x080048b2   0x080048b2   0x00000002   PAD
    0x080048b4   0x080048b4   0x0000007c   Code   RO          544    i.StepMotor_PrintPinState  freertos_demo.o
    0x08004930   0x08004930   0x00000088   Code   RO         4860    i.StepMotor_Step    bsp_motor.o
    0x080049b8   0x080049b8   0x00000014   Code   RO          650    i.SysTick_Handler   delay.o
    0x080049cc   0x080049cc   0x00000014   Code   RO          507    i.SystemInit        system_stm32f4xx.o
    0x080049e0   0x080049e0   0x00000010   Code   RO         4812    i.TIM2_IRQHandler   bsp_encoder.o
    0x080049f0   0x080049f0   0x000000d4   Code   RO         4706    i.TIM3_PWM_Init     btim.o
    0x08004ac4   0x08004ac4   0x00000010   Code   RO         4707    i.TIM5_IRQHandler   btim.o
    0x08004ad4   0x08004ad4   0x00000030   Code   RO         4708    i.TIM7_IRQHandler   btim.o
    0x08004b04   0x08004b04   0x000000d8   Code   RO         2149    i.TIM_Base_SetConfig  stm32f4xx_hal_tim.o
    0x08004bdc   0x08004bdc   0x00000022   Code   RO         2150    i.TIM_CCxChannelCmd  stm32f4xx_hal_tim.o
    0x08004bfe   0x08004bfe   0x00000002   PAD
    0x08004c00   0x08004c00   0x00000070   Code   RO         2162    i.TIM_OC1_SetConfig  stm32f4xx_hal_tim.o
    0x08004c70   0x08004c70   0x0000007c   Code   RO         2163    i.TIM_OC2_SetConfig  stm32f4xx_hal_tim.o
    0x08004cec   0x08004cec   0x00000078   Code   RO         2164    i.TIM_OC3_SetConfig  stm32f4xx_hal_tim.o
    0x08004d64   0x08004d64   0x00000054   Code   RO         2165    i.TIM_OC4_SetConfig  stm32f4xx_hal_tim.o
    0x08004db8   0x08004db8   0x00000110   Code   RO         4709    i.TIM_PWM_Init      btim.o
    0x08004ec8   0x08004ec8   0x00000024   Code   RO         4710    i.TIM_PWM_SetDuty   btim.o
    0x08004eec   0x08004eec   0x00000018   Code   RO         4712    i.TIM_Step_Enable   btim.o
    0x08004f04   0x08004f04   0x0000005c   Code   RO         4713    i.TIM_Step_Init     btim.o
    0x08004f60   0x08004f60   0x00000010   Code   RO          769    i.UART4_IRQHandler  usart.o
    0x08004f70   0x08004f70   0x00000014   Code   RO         1688    i.UART_DMAAbortOnError  stm32f4xx_hal_uart.o
    0x08004f84   0x08004f84   0x00000036   Code   RO         1698    i.UART_EndRxTransfer  stm32f4xx_hal_uart.o
    0x08004fba   0x08004fba   0x00000020   Code   RO         1699    i.UART_EndTransmit_IT  stm32f4xx_hal_uart.o
    0x08004fda   0x08004fda   0x000000be   Code   RO         1701    i.UART_Receive_IT   stm32f4xx_hal_uart.o
    0x08005098   0x08005098   0x0000022c   Code   RO         1702    i.UART_SetConfig    stm32f4xx_hal_uart.o
    0x080052c4   0x080052c4   0x00000046   Code   RO         1704    i.UART_Start_Receive_IT  stm32f4xx_hal_uart.o
    0x0800530a   0x0800530a   0x00000060   Code   RO         1705    i.UART_Transmit_IT  stm32f4xx_hal_uart.o
    0x0800536a   0x0800536a   0x00000004   Code   RO          294    i.UsageFault_Handler  stm32f4xx_it.o
    0x0800536e   0x0800536e   0x00000030   Code   RO         6451    i.XmRamInit         XMRAM.lib(xmram.o)
    0x0800539e   0x0800539e   0x00000030   Code   RO         6740    i.__ARM_fpclassify  m_wm.l(fpclassify.o)
    0x080053ce   0x080053ce   0x00000002   PAD
    0x080053d0   0x080053d0   0x00000010   Code   RO          862    i.__NVIC_GetPriorityGrouping  stm32f4xx_hal_cortex.o
    0x080053e0   0x080053e0   0x00000028   Code   RO          863    i.__NVIC_SetPriority  stm32f4xx_hal_cortex.o
    0x08005408   0x08005408   0x0000000e   Code   RO         6588    i._is_digit         c_w.l(__printf_wp.o)
    0x08005416   0x08005416   0x00000004   Code   RO          771    i._sys_exit         usart.o
    0x0800541a   0x0800541a   0x00000002   PAD
    0x0800541c   0x0800541c   0x00000078   Code   RO         6452    i.addr_out          XMRAM.lib(xmram.o)
    0x08005494   0x08005494   0x00000058   Code   RO         6453    i.dataout           XMRAM.lib(xmram.o)
    0x080054ec   0x080054ec   0x00000038   Code   RO          651    i.delay_init        delay.o
    0x08005524   0x08005524   0x0000001c   Code   RO          773    i.fputc             usart.o
    0x08005540   0x08005540   0x00000030   Code   RO          545    i.freertos_demo     freertos_demo.o
    0x08005570   0x08005570   0x0000008c   Code   RO           13    i.main              main.o
    0x080055fc   0x080055fc   0x00000044   Code   RO         4975    i.my_mem_init       malloc.o
    0x08005640   0x08005640   0x00000040   Code   RO         4977    i.my_mem_perused    malloc.o
    0x08005680   0x08005680   0x00000014   Code   RO         4981    i.mymemset          malloc.o
    0x08005694   0x08005694   0x000000cc   Code   RO         5693    i.prvAddCurrentTaskToDelayedList  tasks.o
    0x08005760   0x08005760   0x000000ec   Code   RO         5694    i.prvAddNewTaskToReadyList  tasks.o
    0x0800584c   0x0800584c   0x00000064   Code   RO         6118    i.prvCheckForValidListAndQueue  timers.o
    0x080058b0   0x080058b0   0x00000048   Code   RO         5695    i.prvCheckTasksWaitingTermination  tasks.o
    0x080058f8   0x080058f8   0x0000002a   Code   RO         5253    i.prvCopyDataFromQueue  queue.o
    0x08005922   0x08005922   0x0000007e   Code   RO         5254    i.prvCopyDataToQueue  queue.o
    0x080059a0   0x080059a0   0x00000012   Code   RO         5696    i.prvDeleteTCB      tasks.o
    0x080059b2   0x080059b2   0x00000002   PAD
    0x080059b4   0x080059b4   0x00000028   Code   RO         6119    i.prvGetNextExpireTime  timers.o
    0x080059dc   0x080059dc   0x0000007c   Code   RO         6295    i.prvHeapInit       heap_4.o
    0x08005a58   0x08005a58   0x00000028   Code   RO         5697    i.prvIdleTask       tasks.o
    0x08005a80   0x08005a80   0x0000002e   Code   RO         5257    i.prvInitialiseNewQueue  queue.o
    0x08005aae   0x08005aae   0x00000002   PAD
    0x08005ab0   0x08005ab0   0x00000104   Code   RO         5698    i.prvInitialiseNewTask  tasks.o
    0x08005bb4   0x08005bb4   0x00000068   Code   RO         5699    i.prvInitialiseTaskLists  tasks.o
    0x08005c1c   0x08005c1c   0x00000068   Code   RO         6296    i.prvInsertBlockIntoFreeList  heap_4.o
    0x08005c84   0x08005c84   0x00000058   Code   RO         6121    i.prvInsertTimerInActiveList  timers.o
    0x08005cdc   0x08005cdc   0x0000001a   Code   RO         5258    i.prvIsQueueEmpty   queue.o
    0x08005cf6   0x08005cf6   0x00000002   PAD
    0x08005cf8   0x08005cf8   0x000000c4   Code   RO         5260    i.prvNotifyQueueSetContainer  queue.o
    0x08005dbc   0x08005dbc   0x00000044   Code   RO         6122    i.prvProcessExpiredTimer  timers.o
    0x08005e00   0x08005e00   0x0000016c   Code   RO         6123    i.prvProcessReceivedCommands  timers.o
    0x08005f6c   0x08005f6c   0x00000074   Code   RO         6124    i.prvProcessTimerOrBlockTask  timers.o
    0x08005fe0   0x08005fe0   0x00000028   Code   RO         6125    i.prvReloadTimer    timers.o
    0x08006008   0x08006008   0x00000030   Code   RO         5701    i.prvResetNextTaskUnblockTime  tasks.o
    0x08006038   0x08006038   0x0000002c   Code   RO         6126    i.prvSampleTimeNow  timers.o
    0x08006064   0x08006064   0x00000044   Code   RO         6127    i.prvSwitchTimerLists  timers.o
    0x080060a8   0x080060a8   0x00000080   Code   RO         6363    i.prvTaskExitError  port.o
    0x08006128   0x08006128   0x0000001a   Code   RO         6128    i.prvTimerTask      timers.o
    0x08006142   0x08006142   0x00000090   Code   RO         5261    i.prvUnlockQueue    queue.o
    0x080061d2   0x080061d2   0x00000002   PAD
    0x080061d4   0x080061d4   0x00000194   Code   RO         6297    i.pvPortMalloc      heap_4.o
    0x08006368   0x08006368   0x0000002c   Code   RO         6364    i.pxPortInitialiseStack  port.o
    0x08006394   0x08006394   0x000001f4   Code   RO         4645    i.sram_init         sram.o
    0x08006588   0x08006588   0x000000a0   Code   RO         6454    i.sram_init         XMRAM.lib(xmram.o)
    0x08006628   0x08006628   0x000001e0   Code   RO         6455    i.sram_reg_read     XMRAM.lib(xmram.o)
    0x08006808   0x08006808   0x000000e4   Code   RO         6456    i.sram_reg_write    XMRAM.lib(xmram.o)
    0x080068ec   0x080068ec   0x00000088   Code   RO          547    i.start_task        freertos_demo.o
    0x08006974   0x08006974   0x000000cc   Code   RO          700    i.sys_stm32_clock_init  sys.o
    0x08006a40   0x08006a40   0x0000000a   Code   RO          548    i.task1             freertos_demo.o
    0x08006a4a   0x08006a4a   0x00000002   PAD
    0x08006a4c   0x08006a4c   0x0000011c   Code   RO          549    i.task2             freertos_demo.o
    0x08006b68   0x08006b68   0x0000000c   Code   RO          550    i.task3             freertos_demo.o
    0x08006b74   0x08006b74   0x00000038   Code   RO          774    i.usart_init        usart.o
    0x08006bac   0x08006bac   0x00000028   Code   RO         5201    i.uxListRemove      list.o
    0x08006bd4   0x08006bd4   0x0000001a   Code   RO         5202    i.vListInitialise   list.o
    0x08006bee   0x08006bee   0x00000006   Code   RO         5203    i.vListInitialiseItem  list.o
    0x08006bf4   0x08006bf4   0x00000034   Code   RO         5204    i.vListInsert       list.o
    0x08006c28   0x08006c28   0x00000018   Code   RO         5205    i.vListInsertEnd    list.o
    0x08006c40   0x08006c40   0x00000098   Code   RO         6366    i.vPortEnterCritical  port.o
    0x08006cd8   0x08006cd8   0x00000080   Code   RO         6367    i.vPortExitCritical  port.o
    0x08006d58   0x08006d58   0x000000d8   Code   RO         6298    i.vPortFree         heap_4.o
    0x08006e30   0x08006e30   0x00000028   Code   RO         6368    i.vPortSetupTimerInterrupt  port.o
    0x08006e58   0x08006e58   0x0000008c   Code   RO         5267    i.vQueueAddToRegistry  queue.o
    0x08006ee4   0x08006ee4   0x0000004a   Code   RO         5271    i.vQueueWaitForMessageRestricted  queue.o
    0x08006f2e   0x08006f2e   0x00000002   PAD
    0x08006f30   0x08006f30   0x00000084   Code   RO         5716    i.vTaskDelay        tasks.o
    0x08006fb4   0x08006fb4   0x00000124   Code   RO         5717    i.vTaskDelete       tasks.o
    0x080070d8   0x080070d8   0x00000018   Code   RO         5721    i.vTaskInternalSetTimeOutState  tasks.o
    0x080070f0   0x080070f0   0x0000000c   Code   RO         5723    i.vTaskMissedYield  tasks.o
    0x080070fc   0x080070fc   0x00000064   Code   RO         5724    i.vTaskPlaceOnEventList  tasks.o
    0x08007160   0x08007160   0x0000008c   Code   RO         5725    i.vTaskPlaceOnEventListRestricted  tasks.o
    0x080071ec   0x080071ec   0x000000c4   Code   RO         5733    i.vTaskStartScheduler  tasks.o
    0x080072b0   0x080072b0   0x00000010   Code   RO         5735    i.vTaskSuspendAll   tasks.o
    0x080072c0   0x080072c0   0x000000b8   Code   RO         5736    i.vTaskSwitchContext  tasks.o
    0x08007378   0x08007378   0x000001ac   Code   RO         6370    i.xPortStartScheduler  port.o
    0x08007524   0x08007524   0x00000034   Code   RO         6371    i.xPortSysTickHandler  port.o
    0x08007558   0x08007558   0x00000090   Code   RO         5276    i.xQueueGenericCreate  queue.o
    0x080075e8   0x080075e8   0x000000fc   Code   RO         5277    i.xQueueGenericReset  queue.o
    0x080076e4   0x080076e4   0x00000180   Code   RO         5286    i.xQueueReceive     queue.o
    0x08007864   0x08007864   0x000000cc   Code   RO         5739    i.xTaskCheckForTimeOut  tasks.o
    0x08007930   0x08007930   0x00000060   Code   RO         5740    i.xTaskCreate       tasks.o
    0x08007990   0x08007990   0x00000020   Code   RO         5749    i.xTaskGetSchedulerState  tasks.o
    0x080079b0   0x080079b0   0x0000000c   Code   RO         5750    i.xTaskGetTickCount  tasks.o
    0x080079bc   0x080079bc   0x000001e8   Code   RO         5752    i.xTaskIncrementTick  tasks.o
    0x08007ba4   0x08007ba4   0x00000110   Code   RO         5753    i.xTaskPriorityDisinherit  tasks.o
    0x08007cb4   0x08007cb4   0x0000014c   Code   RO         5755    i.xTaskRemoveFromEventList  tasks.o
    0x08007e00   0x08007e00   0x000001a0   Code   RO         5756    i.xTaskResumeAll    tasks.o
    0x08007fa0   0x08007fa0   0x00000080   Code   RO         6136    i.xTimerCreateTimerTask  timers.o
    0x08008020   0x08008020   0x00000010   Code   RO         6457    i.xram_delay        XMRAM.lib(xmram.o)
    0x08008030   0x08008030   0x0000002c   Code   RO         6736    locale$$code        c_w.l(lc_numeric_c.o)
    0x0800805c   0x0800805c   0x000002b0   Code   RO         6623    x$fpl$ddiv          fz_wm.l(ddiv.o)
    0x0800830c   0x0800830c   0x000000a2   Code   RO         6636    x$fpl$dfltll        fz_wm.l(dfltll_clz.o)
    0x080083ae   0x080083ae   0x0000009c   Code   RO         6673    x$fpl$dnaninf       fz_wm.l(dnaninf.o)
    0x0800844a   0x0800844a   0x0000000c   Code   RO         6675    x$fpl$dretinf       fz_wm.l(dretinf.o)
    0x08008456   0x08008456   0x00000002   PAD
    0x08008458   0x08008458   0x00000056   Code   RO         6642    x$fpl$f2d           fz_wm.l(f2d.o)
    0x080084ae   0x080084ae   0x0000008c   Code   RO         6677    x$fpl$fnaninf       fz_wm.l(fnaninf.o)
    0x0800853a   0x0800853a   0x0000000a   Code   RO         6816    x$fpl$fpinit        fz_wm.l(fpinit.o)
    0x08008544   0x08008544   0x00000004   Code   RO         6644    x$fpl$printf1       fz_wm.l(printf1.o)
    0x08008548   0x08008548   0x00000000   Code   RO         6679    x$fpl$usenofp       fz_wm.l(usenofp.o)
    0x08008548   0x08008548   0x00000018   Data   RO          508    .constdata          system_stm32f4xx.o
    0x08008560   0x08008560   0x00000008   Data   RO         3314    .constdata          stm32f4xx_hal_dma.o
    0x08008568   0x08008568   0x00000080   Data   RO         4862    .constdata          bsp_motor.o
    0x080085e8   0x080085e8   0x00000024   Data   RO         4988    .constdata          malloc.o
    0x0800860c   0x0800860c   0x00000094   Data   RO         6707    .constdata          c_w.l(bigflt0.o)
    0x080086a0   0x080086a0   0x00000020   Data   RO         6876    Region$$Table       anon$$obj.o
    0x080086c0   0x080086c0   0x0000001c   Data   RO         6735    locale$$data        c_w.l(lc_numeric_c.o)


    Execution Region RW_IRAM1 (Exec base: 0x20000000, Load base: 0x080086dc, Size: 0x0001b2f0, Max: 0x00020000, ABSOLUTE, COMPRESSED[0x0000004c])

    Exec Addr    Load Addr    Size         Type   Attr      Idx    E Section Name        Object

    0x20000000   COMPRESSED   0x00000004   Data   RW          509    .data               system_stm32f4xx.o
    0x20000004   COMPRESSED   0x00000004   PAD
    0x20000008   COMPRESSED   0x0000002c   Data   RW          551    .data               freertos_demo.o
    0x20000034   COMPRESSED   0x00000004   Data   RW          654    .data               delay.o
    0x20000038   COMPRESSED   0x00000007   Data   RW          776    .data               usart.o
    0x2000003f   COMPRESSED   0x00000001   PAD
    0x20000040   COMPRESSED   0x00000009   Data   RW         3655    .data               stm32f4xx_hal.o
    0x20000049   COMPRESSED   0x00000001   Data   RW         4716    .data               btim.o
    0x2000004a   COMPRESSED   0x00000002   PAD
    0x2000004c   COMPRESSED   0x00000004   Data   RW         4814    .data               bsp_encoder.o
    0x20000050   COMPRESSED   0x00000010   Data   RW         4863    .data               bsp_motor.o
    0x20000060   COMPRESSED   0x0000001c   Data   RW         4907    .data               bsp_ina240.o
    0x2000007c   COMPRESSED   0x0000001c   Data   RW         4940    .data               bsp_pwm.o
    0x20000098   COMPRESSED   0x00000024   Data   RW         4989    .data               malloc.o
    0x200000bc   COMPRESSED   0x00000040   Data   RW         5759    .data               tasks.o
    0x200000fc   COMPRESSED   0x00000014   Data   RW         6145    .data               timers.o
    0x20000110   COMPRESSED   0x00000020   Data   RW         6304    .data               heap_4.o
    0x20000130   COMPRESSED   0x0000000c   Data   RW         6372    .data               port.o
    0x2000013c   COMPRESSED   0x0000000a   Data   RW         6458    .data               XMRAM.lib(xmram.o)
    0x20000146   COMPRESSED   0x00000002   PAD
    0x20000148        -       0x0000010c   Zero   RW          775    .bss                usart.o
    0x20000254        -       0x00000050   Zero   RW         4650    .bss                sram.o
    0x200002a4        -       0x00000120   Zero   RW         4715    .bss                btim.o
    0x200003c4        -       0x00000048   Zero   RW         4813    .bss                bsp_encoder.o
    0x2000040c        -       0x000000a8   Zero   RW         4906    .bss                bsp_ina240.o
    0x200004b4   COMPRESSED   0x0000000c   PAD
    0x200004c0        -       0x00017e80   Zero   RW         4987    .bss                malloc.o
    0x20018340        -       0x00000040   Zero   RW         5293    .bss                queue.o
    0x20018380        -       0x000002e4   Zero   RW         5758    .bss                tasks.o
    0x20018664        -       0x00000028   Zero   RW         6144    .bss                timers.o
    0x2001868c        -       0x00002800   Zero   RW         6303    .bss                heap_4.o
    0x2001ae8c        -       0x00000060   Zero   RW         6743    .bss                c_w.l(libspace.o)
    0x2001aeec   COMPRESSED   0x00000004   PAD
    0x2001aef0        -       0x00000000   Zero   RW            2    HEAP                startup_stm32f407xx.o
    0x2001aef0        -       0x00000400   Zero   RW            1    STACK               startup_stm32f407xx.o



  Load Region LR$$.ARM.__AT_0x10000000 (Base: 0x10000000, Size: 0x00000000, Max: 0x0000f000, ABSOLUTE)

    Execution Region ER$$.ARM.__AT_0x10000000 (Exec base: 0x10000000, Load base: 0x10000000, Size: 0x0000f000, Max: 0x0000f000, ABSOLUTE, UNINIT)

    Exec Addr    Load Addr    Size         Type   Attr      Idx    E Section Name        Object

    0x10000000        -       0x0000f000   Zero   RW         4983    .ARM.__AT_0x10000000  malloc.o



  Load Region LR$$.ARM.__AT_0x1000F000 (Base: 0x1000f000, Size: 0x00000000, Max: 0x00000f00, ABSOLUTE)

    Execution Region ER$$.ARM.__AT_0x1000F000 (Exec base: 0x1000f000, Load base: 0x1000f000, Size: 0x00000f00, Max: 0x00000f00, ABSOLUTE, UNINIT)

    Exec Addr    Load Addr    Size         Type   Attr      Idx    E Section Name        Object

    0x1000f000        -       0x00000f00   Zero   RW         4984    .ARM.__AT_0x1000F000  malloc.o



  Load Region LR$$.ARM.__AT_0x68000000 (Base: 0x68000000, Size: 0x00000000, Max: 0x000f0c00, ABSOLUTE)

    Execution Region ER$$.ARM.__AT_0x68000000 (Exec base: 0x68000000, Load base: 0x68000000, Size: 0x000f0c00, Max: 0x000f0c00, ABSOLUTE, UNINIT)

    Exec Addr    Load Addr    Size         Type   Attr      Idx    E Section Name        Object

    0x68000000        -       0x000f0c00   Zero   RW         4985    .ARM.__AT_0x68000000  malloc.o



  Load Region LR$$.ARM.__AT_0x680F0C00 (Base: 0x680f0c00, Size: 0x00000000, Max: 0x0000f0c0, ABSOLUTE)

    Execution Region ER$$.ARM.__AT_0x680F0C00 (Exec base: 0x680f0c00, Load base: 0x680f0c00, Size: 0x0000f0c0, Max: 0x0000f0c0, ABSOLUTE, UNINIT)

    Exec Addr    Load Addr    Size         Type   Attr      Idx    E Section Name        Object

    0x680f0c00        -       0x0000f0c0   Zero   RW         4986    .ARM.__AT_0x680F0C00  malloc.o


==============================================================================

Image component sizes


      Code (inc. data)   RO Data    RW Data    ZI Data      Debug   Object Name

       340         30          0          4         72       3182   bsp_encoder.o
       600         76          0         28        168       3427   bsp_ina240.o
       136         26        128         16          0       1688   bsp_motor.o
       460         52          0         28          0       1390   bsp_pwm.o
      1216        118          0          1        288       9401   btim.o
        76          4          0          4          0       1655   delay.o
         0          0          0          0          0      13624   event_groups.o
       858        292          0         44          0      21607   freertos_demo.o
       848        218          0         32      10240       4931   heap_4.o
       164         12          0          0          0       2939   lcd.o
       148          0          0          0          0       4154   list.o
       140          4          0          0          0     726151   main.o
       152         22         36         36    1210944       4368   malloc.o
      1162        382          0         12          0      11704   port.o
      1574        278          0          0         64      14615   queue.o
       500         30          0          0         80       2001   sram.o
        76         28        392          0       1024       1076   startup_stm32f407xx.o
       214         38          0          9          0      11686   stm32f4xx_hal.o
      1816         66          0          0          0      10612   stm32f4xx_hal_adc.o
         2          0          0          0          0       1261   stm32f4xx_hal_adc_ex.o
       344         22          0          0          0      36081   stm32f4xx_hal_cortex.o
      1436         16          8          0          0       8158   stm32f4xx_hal_dma.o
       516         46          0          0          0       2507   stm32f4xx_hal_gpio.o
      1820         84          0          0          0       6496   stm32f4xx_hal_rcc.o
        94          0          0          0          0       1464   stm32f4xx_hal_sram.o
      2792        172          0          0          0      19868   stm32f4xx_hal_tim.o
         4          0          0          0          0       1945   stm32f4xx_hal_tim_ex.o
      1796         16          0          0          0      11544   stm32f4xx_hal_uart.o
        52         12          0          0          0       4748   stm32f4xx_it.o
       254         10          0          0          0       4423   stm32f4xx_ll_fsmc.o
       204         12          0          0          0       1591   sys.o
        20          6         24          4          0       1711   system_stm32f4xx.o
      3930       1024          0         64        740      37606   tasks.o
      1082        214          0         20         40      15440   timers.o
       464         58          0          7        268       6576   usart.o

    ----------------------------------------------------------------------
     25332       3368        620        316    1223940    1011630   Object Totals
         0          0         32          0          0          0   (incl. Generated)
        42          0          0          7         12          0   (incl. Padding)

    ----------------------------------------------------------------------

      Code (inc. data)   RO Data    RW Data    ZI Data      Debug   Library Member Name

      1362        112          0         10          0     236098   xmram.o
        90          0          0          0          0          0   __dczerorl2.o
         8          0          0          0          0         68   __main.o
       352          0          0          0          0         88   __printf_ss_wp.o
        14          0          0          0          0         68   __printf_wp.o
         0          0          0          0          0          0   __rtentry.o
        12          0          0          0          0          0   __rtentry2.o
         6          0          0          0          0          0   __rtentry4.o
        52          8          0          0          0          0   __scatter.o
        28          0          0          0          0          0   __scatter_zi.o
        44          0          0          0          0        108   _printf_char.o
        48          6          0          0          0         96   _printf_char_common.o
        36          4          0          0          0         80   _printf_char_file.o
         6          0          0          0          0          0   _printf_d.o
       120         16          0          0          0         92   _printf_dec.o
         6          0          0          0          0          0   _printf_f.o
      1054          0          0          0          0        216   _printf_fp_dec.o
       128         16          0          0          0         84   _printf_fp_infnan.o
       178          0          0          0          0         88   _printf_intcommon.o
        10          0          0          0          0          0   _printf_ll.o
         6          0          0          0          0          0   _printf_lld.o
       124         16          0          0          0         92   _printf_longlong_dec.o
         0          0          0          0          0          0   _printf_percent.o
         4          0          0          0          0          0   _printf_percent_end.o
         6          0          0          0          0          0   _printf_s.o
        82          0          0          0          0         80   _printf_str.o
        16          0          0          0          0         68   aeabi_memset.o
       228          4        148          0          0         96   bigflt0.o
      1936        128          0          0          0        672   btod.o
        18          0          0          0          0         80   exit.o
         8          0          0          0          0         68   ferror.o
         6          0          0          0          0        152   heapauxi.o
        44         10         28          0          0         76   lc_numeric_c.o
         2          0          0          0          0          0   libinit.o
        22          0          0          0          0          0   libinit2.o
         2          0          0          0          0          0   libshutdown.o
         2          0          0          0          0          0   libshutdown2.o
         8          4          0          0         96         68   libspace.o
       138          0          0          0          0         80   lludiv10.o
       238          0          0          0          0        100   lludivv7m.o
        24          4          0          0          0         84   noretval__2printf.o
         8          4          0          0          0         68   rt_locale_intlibspace.o
        68          0          0          0          0         68   rt_memclr.o
        78          0          0          0          0         80   rt_memclr_w.o
       138          0          0          0          0         68   rt_memcpy_v6.o
       100          0          0          0          0         80   rt_memcpy_w.o
         2          0          0          0          0          0   rtexit.o
        10          0          0          0          0          0   rtexit2.o
       128          0          0          0          0         68   strcmpv7m.o
        74          0          0          0          0         80   sys_stackheap_outer.o
         2          0          0          0          0         68   use_no_semi.o
         2          0          0          0          0         68   use_no_semi_2.o
       688        140          0          0          0        256   ddiv.o
       162          0          0          0          0        132   dfltll_clz.o
       156          4          0          0          0        140   dnaninf.o
        12          0          0          0          0        116   dretinf.o
        86          4          0          0          0        132   f2d.o
       140          4          0          0          0        132   fnaninf.o
        10          0          0          0          0        116   fpinit.o
         4          0          0          0          0        116   printf1.o
         0          0          0          0          0          0   usenofp.o
        48          0          0          0          0        124   fpclassify.o

    ----------------------------------------------------------------------
      8396        484        176         12        100     240714   Library Totals
        12          0          0          2          4          0   (incl. Padding)

    ----------------------------------------------------------------------

      Code (inc. data)   RO Data    RW Data    ZI Data      Debug   Library Name

      1362        112          0         10          0     236098   XMRAM.lib
      5716        220        176          0         96       3352   c_w.l
      1258        152          0          0          0       1140   fz_wm.l
        48          0          0          0          0        124   m_wm.l

    ----------------------------------------------------------------------
      8396        484        176         12        100     240714   Library Totals

    ----------------------------------------------------------------------

==============================================================================


      Code (inc. data)   RO Data    RW Data    ZI Data      Debug   

     33728       3852        796        328    1224040    1229972   Grand Totals
     33728       3852        796         76    1224040    1229972   ELF Image Totals (compressed)
     33728       3852        796         76          0          0   ROM Totals

==============================================================================

    Total RO  Size (Code + RO Data)                34524 (  33.71kB)
    Total RW  Size (RW Data + ZI Data)           1224368 (1195.67kB)
    Total ROM Size (Code + RO Data + RW Data)      34600 (  33.79kB)

==============================================================================

